train norm mean 0.4177 std 0.1442
[H_aug_s0] epoch  10 loss 0.4656 dice 0.8178 clDice 0.8286 b0err 75.8 95HD 4.00 (5 min)
[H_aug_s0] epoch  20 loss 0.4491 dice 0.8169 clDice 0.8277 b0err 87.8 95HD 3.78 (9 min)
[H_aug_s0] epoch  30 loss 0.4458 dice 0.8204 clDice 0.8329 b0err 71.6 95HD 3.78 (14 min)
[H_aug_s0] epoch  40 loss 0.4415 dice 0.8229 clDice 0.8300 b0err 57.0 95HD 4.10 (18 min)
[H_aug_s0] epoch  50 loss 0.4402 dice 0.8219 clDice 0.8338 b0err 64.8 95HD 3.65 (23 min)
[H_aug_s0] epoch  60 loss 0.4392 dice 0.8224 clDice 0.8327 b0err 56.4 95HD 3.94 (28 min)
[H_aug_s0] epoch  70 loss 0.4413 dice 0.8219 clDice 0.8294 b0err 63.4 95HD 3.75 (32 min)
[H_aug_s0] epoch  80 loss 0.4319 dice 0.8229 clDice 0.8335 b0err 68.3 95HD 3.64 (37 min)
[H_aug_s0] epoch  90 loss 0.4357 dice 0.8223 clDice 0.8329 b0err 60.9 95HD 3.63 (41 min)
[H_aug_s0] epoch 100 loss 0.4347 dice 0.8205 clDice 0.8287 b0err 67.2 95HD 3.67 (46 min)
[H_aug_s0] done in 46 min
[I_coletra_s0] epoch  10 loss 0.4761 dice 0.8151 clDice 0.8260 b0err 76.5 95HD 4.86 (5 min)
[I_coletra_s0] epoch  20 loss 0.4573 dice 0.8162 clDice 0.8213 b0err 71.7 95HD 4.96 (9 min)
[I_coletra_s0] epoch  30 loss 0.4449 dice 0.8199 clDice 0.8282 b0err 53.6 95HD 5.05 (14 min)
[I_coletra_s0] epoch  40 loss 0.4389 dice 0.8197 clDice 0.8262 b0err 74.8 95HD 4.47 (19 min)
[I_coletra_s0] epoch  50 loss 0.4344 dice 0.8224 clDice 0.8309 b0err 62.2 95HD 4.32 (24 min)
[I_coletra_s0] epoch  60 loss 0.4333 dice 0.8217 clDice 0.8302 b0err 57.6 95HD 4.40 (28 min)
[I_coletra_s0] epoch  70 loss 0.4316 dice 0.8209 clDice 0.8269 b0err 65.9 95HD 4.25 (33 min)
[I_coletra_s0] epoch  80 loss 0.4268 dice 0.8221 clDice 0.8246 b0err 55.2 95HD 5.35 (38 min)
[I_coletra_s0] epoch  90 loss 0.4319 dice 0.8229 clDice 0.8292 b0err 50.4 95HD 4.85 (42 min)
[I_coletra_s0] epoch 100 loss 0.4260 dice 0.8230 clDice 0.8304 b0err 57.4 95HD 4.48 (47 min)
[I_coletra_s0] done in 47 min
[H_aug_s1] epoch  10 loss 0.4688 dice 0.8161 clDice 0.8286 b0err 87.5 95HD 4.04 (5 min)
[H_aug_s1] epoch  20 loss 0.4555 dice 0.8218 clDice 0.8317 b0err 64.9 95HD 4.02 (9 min)
[H_aug_s1] epoch  30 loss 0.4491 dice 0.8202 clDice 0.8269 b0err 72.7 95HD 3.82 (14 min)
[H_aug_s1] epoch  40 loss 0.4405 dice 0.8231 clDice 0.8316 b0err 63.0 95HD 4.02 (18 min)
[H_aug_s1] epoch  50 loss 0.4431 dice 0.8204 clDice 0.8303 b0err 61.4 95HD 3.77 (23 min)
[H_aug_s1] epoch  60 loss 0.4363 dice 0.8230 clDice 0.8327 b0err 65.7 95HD 3.68 (27 min)
[H_aug_s1] epoch  70 loss 0.4379 dice 0.8220 clDice 0.8372 b0err 61.0 95HD 3.71 (32 min)
[H_aug_s1] epoch  80 loss 0.4370 dice 0.8208 clDice 0.8325 b0err 62.2 95HD 3.69 (37 min)
[H_aug_s1] epoch  90 loss 0.4336 dice 0.8224 clDice 0.8327 b0err 57.8 95HD 3.82 (41 min)
[H_aug_s1] epoch 100 loss 0.4313 dice 0.8228 clDice 0.8323 b0err 67.0 95HD 3.58 (46 min)
[H_aug_s1] done in 46 min
[I_coletra_s1] epoch  10 loss 0.4693 dice 0.8154 clDice 0.8219 b0err 73.0 95HD 5.37 (5 min)
[I_coletra_s1] epoch  20 loss 0.4572 dice 0.8192 clDice 0.8255 b0err 62.0 95HD 4.82 (10 min)
[I_coletra_s1] epoch  30 loss 0.4486 dice 0.8201 clDice 0.8275 b0err 70.3 95HD 4.35 (14 min)
[I_coletra_s1] epoch  40 loss 0.4403 dice 0.8219 clDice 0.8299 b0err 59.9 95HD 4.57 (19 min)
[I_coletra_s1] epoch  50 loss 0.4379 dice 0.8193 clDice 0.8253 b0err 60.8 95HD 4.75 (24 min)
[I_coletra_s1] epoch  60 loss 0.4361 dice 0.8228 clDice 0.8323 b0err 46.0 95HD 5.03 (29 min)
[I_coletra_s1] epoch  70 loss 0.4314 dice 0.8210 clDice 0.8253 b0err 53.3 95HD 5.09 (33 min)
[I_coletra_s1] epoch  80 loss 0.4337 dice 0.8227 clDice 0.8322 b0err 58.4 95HD 4.18 (38 min)
[I_coletra_s1] epoch  90 loss 0.4254 dice 0.8199 clDice 0.8279 b0err 66.2 95HD 4.27 (43 min)
[I_coletra_s1] epoch 100 loss 0.4265 dice 0.8234 clDice 0.8302 b0err 46.8 95HD 4.94 (48 min)
[I_coletra_s1] done in 48 min
[H_aug_s2] epoch  10 loss 0.4655 dice 0.8189 clDice 0.8294 b0err 72.0 95HD 4.04 (5 min)
[H_aug_s2] epoch  20 loss 0.4517 dice 0.8157 clDice 0.8267 b0err 73.0 95HD 3.85 (9 min)
[H_aug_s2] epoch  30 loss 0.4449 dice 0.8211 clDice 0.8301 b0err 75.7 95HD 3.65 (14 min)
[H_aug_s2] epoch  40 loss 0.4390 dice 0.8214 clDice 0.8302 b0err 68.0 95HD 3.71 (18 min)
[H_aug_s2] epoch  50 loss 0.4445 dice 0.8207 clDice 0.8308 b0err 77.9 95HD 3.56 (23 min)
[H_aug_s2] epoch  60 loss 0.4349 dice 0.8235 clDice 0.8339 b0err 60.0 95HD 3.64 (27 min)
[H_aug_s2] epoch  70 loss 0.4326 dice 0.8240 clDice 0.8346 b0err 61.2 95HD 3.60 (32 min)
[H_aug_s2] epoch  80 loss 0.4289 dice 0.8221 clDice 0.8307 b0err 64.6 95HD 3.66 (36 min)
[H_aug_s2] epoch  90 loss 0.4302 dice 0.8217 clDice 0.8344 b0err 65.8 95HD 3.62 (41 min)
[H_aug_s2] epoch 100 loss 0.4274 dice 0.8221 clDice 0.8345 b0err 56.0 95HD 3.74 (46 min)
[H_aug_s2] done in 46 min
[I_coletra_s2] epoch  10 loss 0.4699 dice 0.8143 clDice 0.8173 b0err 62.1 95HD 6.23 (5 min)
[I_coletra_s2] epoch  20 loss 0.4567 dice 0.8193 clDice 0.8243 b0err 47.5 95HD 5.77 (9 min)
[I_coletra_s2] epoch  30 loss 0.4484 dice 0.8209 clDice 0.8293 b0err 57.8 95HD 4.68 (14 min)
[I_coletra_s2] epoch  40 loss 0.4369 dice 0.8156 clDice 0.8157 b0err 56.1 95HD 5.80 (19 min)
[I_coletra_s2] epoch  50 loss 0.4377 dice 0.8204 clDice 0.8286 b0err 54.6 95HD 4.79 (24 min)
[I_coletra_s2] epoch  60 loss 0.4356 dice 0.8220 clDice 0.8251 b0err 52.1 95HD 5.12 (28 min)
[I_coletra_s2] epoch  70 loss 0.4316 dice 0.8224 clDice 0.8265 b0err 46.1 95HD 5.52 (33 min)
[I_coletra_s2] epoch  80 loss 0.4295 dice 0.8236 clDice 0.8299 b0err 56.2 95HD 4.37 (38 min)
[I_coletra_s2] epoch  90 loss 0.4294 dice 0.8220 clDice 0.8274 b0err 58.7 95HD 4.53 (43 min)
[I_coletra_s2] epoch 100 loss 0.4247 dice 0.8249 clDice 0.8317 b0err 53.9 95HD 4.48 (47 min)
[I_coletra_s2] done in 47 min
train norm mean 0.4177 std 0.1442
[H_aug_s3] epoch  10 loss 0.4647 dice 0.8185 clDice 0.8292 b0err 69.8 95HD 4.29 (8 min)
[H_aug_s3] epoch  20 loss 0.4539 dice 0.8190 clDice 0.8264 b0err 83.9 95HD 3.73 (15 min)
[H_aug_s3] epoch  30 loss 0.4474 dice 0.8178 clDice 0.8252 b0err 67.0 95HD 4.01 (23 min)
[H_aug_s3] epoch  40 loss 0.4434 dice 0.8221 clDice 0.8312 b0err 65.3 95HD 3.84 (30 min)
[H_aug_s3] epoch  50 loss 0.4385 dice 0.8203 clDice 0.8336 b0err 61.8 95HD 3.89 (38 min)
[H_aug_s3] epoch  60 loss 0.4419 dice 0.8201 clDice 0.8309 b0err 64.2 95HD 3.84 (45 min)
[H_aug_s3] epoch  70 loss 0.4380 dice 0.8217 clDice 0.8326 b0err 53.6 95HD 3.70 (53 min)
[H_aug_s3] epoch  80 loss 0.4312 dice 0.8227 clDice 0.8339 b0err 64.0 95HD 3.63 (60 min)
[H_aug_s3] epoch  90 loss 0.4309 dice 0.8217 clDice 0.8298 b0err 77.0 95HD 3.61 (68 min)
[H_aug_s3] epoch 100 loss 0.4294 dice 0.8231 clDice 0.8300 b0err 64.5 95HD 3.67 (75 min)
[H_aug_s3] done in 75 min
[I_coletra_s3] epoch  10 loss 0.4700 dice 0.8123 clDice 0.8144 b0err 57.5 95HD 6.43 (8 min)
[I_coletra_s3] epoch  20 loss 0.4534 dice 0.8177 clDice 0.8274 b0err 68.5 95HD 4.31 (16 min)
[I_coletra_s3] epoch  30 loss 0.4479 dice 0.8180 clDice 0.8261 b0err 64.4 95HD 4.43 (24 min)
[I_coletra_s3] epoch  40 loss 0.4426 dice 0.8196 clDice 0.8230 b0err 47.0 95HD 5.62 (32 min)
[I_coletra_s3] epoch  50 loss 0.4365 dice 0.8229 clDice 0.8316 b0err 51.9 95HD 4.57 (40 min)
[I_coletra_s3] epoch  60 loss 0.4327 dice 0.8188 clDice 0.8249 b0err 55.1 95HD 4.94 (48 min)
[I_coletra_s3] epoch  70 loss 0.4330 dice 0.8223 clDice 0.8286 b0err 58.1 95HD 4.51 (56 min)
[I_coletra_s3] epoch  80 loss 0.4321 dice 0.8228 clDice 0.8290 b0err 57.2 95HD 4.56 (64 min)
[I_coletra_s3] epoch  90 loss 0.4312 dice 0.8219 clDice 0.8295 b0err 51.3 95HD 4.62 (73 min)
[I_coletra_s3] epoch 100 loss 0.4290 dice 0.8245 clDice 0.8312 b0err 53.6 95HD 4.60 (81 min)
[I_coletra_s3] done in 81 min
[H_aug_s4] epoch  10 loss 0.4671 dice 0.8182 clDice 0.8297 b0err 65.8 95HD 4.74 (8 min)
[H_aug_s4] epoch  20 loss 0.4578 dice 0.8178 clDice 0.8286 b0err 76.1 95HD 3.85 (17 min)
[H_aug_s4] epoch  30 loss 0.4491 dice 0.8213 clDice 0.8311 b0err 73.3 95HD 3.69 (27 min)
[H_aug_s4] epoch  40 loss 0.4447 dice 0.8199 clDice 0.8296 b0err 71.8 95HD 3.92 (36 min)
[H_aug_s4] epoch  50 loss 0.4392 dice 0.8176 clDice 0.8264 b0err 72.6 95HD 3.78 (44 min)
[H_aug_s4] epoch  60 loss 0.4427 dice 0.8209 clDice 0.8312 b0err 74.3 95HD 3.62 (52 min)
[H_aug_s4] epoch  70 loss 0.4421 dice 0.8220 clDice 0.8321 b0err 60.2 95HD 3.69 (62 min)
[H_aug_s4] epoch  80 loss 0.4344 dice 0.8207 clDice 0.8323 b0err 65.7 95HD 3.84 (72 min)
[H_aug_s4] epoch  90 loss 0.4354 dice 0.8211 clDice 0.8324 b0err 64.7 95HD 3.62 (80 min)
[H_aug_s4] epoch 100 loss 0.4324 dice 0.8206 clDice 0.8331 b0err 63.7 95HD 3.66 (87 min)
[H_aug_s4] done in 87 min
[I_coletra_s4] epoch  10 loss 0.4698 dice 0.8177 clDice 0.8285 b0err 61.4 95HD 5.19 (7 min)
[I_coletra_s4] epoch  20 loss 0.4561 dice 0.8176 clDice 0.8243 b0err 71.0 95HD 4.76 (15 min)
[I_coletra_s4] epoch  30 loss 0.4449 dice 0.8186 clDice 0.8257 b0err 48.6 95HD 5.99 (22 min)
[I_coletra_s4] epoch  40 loss 0.4429 dice 0.8207 clDice 0.8281 b0err 49.9 95HD 5.24 (30 min)
[I_coletra_s4] epoch  50 loss 0.4352 dice 0.8193 clDice 0.8234 b0err 62.5 95HD 4.92 (37 min)
[I_coletra_s4] epoch  60 loss 0.4357 dice 0.8235 clDice 0.8329 b0err 59.5 95HD 4.43 (44 min)
[I_coletra_s4] epoch  70 loss 0.4317 dice 0.8238 clDice 0.8292 b0err 58.1 95HD 4.57 (52 min)
[I_coletra_s4] epoch  80 loss 0.4282 dice 0.8224 clDice 0.8270 b0err 59.5 95HD 4.53 (59 min)
[I_coletra_s4] epoch  90 loss 0.4306 dice 0.8233 clDice 0.8309 b0err 50.6 95HD 4.54 (67 min)
[I_coletra_s4] epoch 100 loss 0.4249 dice 0.8231 clDice 0.8278 b0err 49.5 95HD 4.83 (76 min)
[I_coletra_s4] done in 76 min
[H_aug_s5] epoch  10 loss 0.4655 dice 0.8161 clDice 0.8255 b0err 69.4 95HD 4.51 (8 min)
[H_aug_s5] epoch  20 loss 0.4518 dice 0.8182 clDice 0.8324 b0err 70.2 95HD 3.83 (15 min)
[H_aug_s5] epoch  30 loss 0.4461 dice 0.8200 clDice 0.8295 b0err 64.7 95HD 3.80 (23 min)
[H_aug_s5] epoch  40 loss 0.4389 dice 0.8231 clDice 0.8310 b0err 57.8 95HD 3.99 (30 min)
[H_aug_s5] epoch  50 loss 0.4404 dice 0.8238 clDice 0.8325 b0err 60.3 95HD 3.62 (38 min)
[H_aug_s5] epoch  60 loss 0.4384 dice 0.8208 clDice 0.8328 b0err 62.4 95HD 3.82 (45 min)
[H_aug_s5] epoch  70 loss 0.4324 dice 0.8224 clDice 0.8317 b0err 63.4 95HD 3.68 (53 min)
[H_aug_s5] epoch  80 loss 0.4350 dice 0.8213 clDice 0.8300 b0err 62.0 95HD 3.64 (61 min)
[H_aug_s5] epoch  90 loss 0.4360 dice 0.8212 clDice 0.8291 b0err 63.6 95HD 3.73 (68 min)
[H_aug_s5] epoch 100 loss 0.4298 dice 0.8231 clDice 0.8331 b0err 56.1 95HD 3.82 (76 min)
[H_aug_s5] done in 76 min
[I_coletra_s5] epoch  10 loss 0.4733 dice 0.8090 clDice 0.8171 b0err 80.2 95HD 4.99 (8 min)
[I_coletra_s5] epoch  20 loss 0.4591 dice 0.8177 clDice 0.8246 b0err 74.5 95HD 4.24 (17 min)
[I_coletra_s5] epoch  30 loss 0.4472 dice 0.8198 clDice 0.8289 b0err 63.2 95HD 4.29 (25 min)
[I_coletra_s5] epoch  40 loss 0.4387 dice 0.8200 clDice 0.8240 b0err 52.5 95HD 5.10 (34 min)
[I_coletra_s5] epoch  50 loss 0.4376 dice 0.8197 clDice 0.8257 b0err 56.0 95HD 4.87 (42 min)
[I_coletra_s5] epoch  60 loss 0.4371 dice 0.8227 clDice 0.8294 b0err 65.2 95HD 4.16 (49 min)
[I_coletra_s5] epoch  70 loss 0.4330 dice 0.8224 clDice 0.8324 b0err 52.5 95HD 4.40 (55 min)
[I_coletra_s5] epoch  80 loss 0.4304 dice 0.8216 clDice 0.8279 b0err 56.8 95HD 4.55 (61 min)
[I_coletra_s5] epoch  90 loss 0.4302 dice 0.8230 clDice 0.8314 b0err 51.4 95HD 4.54 (66 min)
[I_coletra_s5] epoch 100 loss 0.4244 dice 0.8215 clDice 0.8258 b0err 57.0 95HD 4.72 (71 min)
[I_coletra_s5] done in 71 min
train norm mean 0.4177 std 0.1442
[A_dice_s3] epoch  10 loss 0.4356 dice 0.8178 clDice 0.8269 b0err 85.2 95HD 3.82 (6 min)
[A_dice_s3] epoch  20 loss 0.4103 dice 0.8161 clDice 0.8233 b0err 88.3 95HD 3.95 (10 min)
[A_dice_s3] epoch  30 loss 0.3961 dice 0.8102 clDice 0.8192 b0err 74.3 95HD 4.17 (15 min)
[A_dice_s3] epoch  40 loss 0.3873 dice 0.8156 clDice 0.8238 b0err 67.0 95HD 4.45 (19 min)
[A_dice_s3] epoch  50 loss 0.3809 dice 0.8129 clDice 0.8188 b0err 82.5 95HD 4.05 (24 min)
[A_dice_s3] epoch  60 loss 0.3757 dice 0.8132 clDice 0.8194 b0err 71.8 95HD 4.39 (28 min)
[A_dice_s3] epoch  70 loss 0.3693 dice 0.8149 clDice 0.8209 b0err 73.6 95HD 4.30 (33 min)
[A_dice_s3] epoch  80 loss 0.3648 dice 0.8126 clDice 0.8176 b0err 85.0 95HD 4.32 (37 min)
[A_dice_s3] epoch  90 loss 0.3591 dice 0.8085 clDice 0.8098 b0err 90.2 95HD 4.43 (42 min)
[A_dice_s3] epoch 100 loss 0.3591 dice 0.8093 clDice 0.8098 b0err 86.8 95HD 4.48 (46 min)
[A_dice_s3] done in 46 min
[A_dice_s4] epoch  10 loss 0.4285 dice 0.8178 clDice 0.8312 b0err 70.6 95HD 4.12 (4 min)
[A_dice_s4] epoch  20 loss 0.4103 dice 0.8191 clDice 0.8263 b0err 76.5 95HD 4.09 (9 min)
[A_dice_s4] epoch  30 loss 0.3971 dice 0.8176 clDice 0.8269 b0err 76.2 95HD 4.31 (13 min)
[A_dice_s4] epoch  40 loss 0.3886 dice 0.8166 clDice 0.8233 b0err 77.5 95HD 4.19 (18 min)
[A_dice_s4] epoch  50 loss 0.3812 dice 0.8141 clDice 0.8215 b0err 68.0 95HD 4.42 (22 min)
[A_dice_s4] epoch  60 loss 0.3756 dice 0.8145 clDice 0.8192 b0err 77.4 95HD 4.27 (26 min)
[A_dice_s4] epoch  70 loss 0.3722 dice 0.8131 clDice 0.8180 b0err 83.7 95HD 4.18 (31 min)
[A_dice_s4] epoch  80 loss 0.3656 dice 0.8128 clDice 0.8194 b0err 87.8 95HD 4.41 (36 min)
[A_dice_s4] epoch  90 loss 0.3586 dice 0.8115 clDice 0.8152 b0err 81.5 95HD 4.22 (43 min)
[A_dice_s4] epoch 100 loss 0.3575 dice 0.8114 clDice 0.8132 b0err 83.0 95HD 4.26 (50 min)
[A_dice_s4] done in 50 min
[A_dice_s5] epoch  10 loss 0.4310 dice 0.8170 clDice 0.8277 b0err 80.5 95HD 3.99 (7 min)
[A_dice_s5] epoch  20 loss 0.4111 dice 0.8166 clDice 0.8267 b0err 82.8 95HD 4.13 (14 min)
[A_dice_s5] epoch  30 loss 0.3919 dice 0.8165 clDice 0.8228 b0err 88.5 95HD 4.07 (21 min)
[A_dice_s5] epoch  40 loss 0.3846 dice 0.8154 clDice 0.8228 b0err 73.8 95HD 4.22 (28 min)
[A_dice_s5] epoch  50 loss 0.3807 dice 0.8146 clDice 0.8193 b0err 70.5 95HD 4.39 (35 min)
[A_dice_s5] epoch  60 loss 0.3693 dice 0.8147 clDice 0.8214 b0err 63.2 95HD 4.39 (42 min)
[A_dice_s5] epoch  70 loss 0.3717 dice 0.8131 clDice 0.8186 b0err 69.2 95HD 4.42 (49 min)
[A_dice_s5] epoch  80 loss 0.3658 dice 0.8108 clDice 0.8157 b0err 85.5 95HD 4.44 (56 min)
[A_dice_s5] epoch  90 loss 0.3611 dice 0.8119 clDice 0.8156 b0err 75.8 95HD 4.44 (63 min)
[A_dice_s5] epoch 100 loss 0.3585 dice 0.8101 clDice 0.8124 b0err 79.7 95HD 4.67 (70 min)
[A_dice_s5] done in 70 min
