[A_dice_s0] done
[A_dice_s1] done
[A_dice_s2] done
[A_dice_s3] done
[A_dice_s4] done
[A_dice_s5] done
[A_dice_w32_s0] done
[B_cldice_s0] done
[B_cldice_s1] done
[B_cldice_s2] done
[B_cldice_s3] done
[B_cldice_s4] done
[B_cldice_s5] done
[B_cldice_w32_s0] done
[C_boundary_s0] done
[C_boundary_s1] done
[C_boundary_s2] done
[D_blurpool_s0] done
[D_blurpool_s1] done
[D_blurpool_s2] done
[F_gated_s0] done
[F_gated_s1] done
[F_gated_s2] done
[G_focal_s0] done
[G_focal_s1] done
[G_focal_s2] done
[G_focal_s3] done
[G_focal_s4] done
[G_focal_s5] done
[H_aug_s0] done
[H_aug_s1] done
[H_aug_s2] done
[H_aug_s3] done
[H_aug_s4] done
[H_aug_s5] done
[H_aug_w32_s0] done
[I_coletra_s0] done
[I_coletra_s1] done
[I_coletra_s2] done
[I_coletra_s3] done
[I_coletra_s4] done
[I_coletra_s5] done
[J_liot_s0] done
[J_liot_s1] done
[J_liot_s2] done
[K_focal_aug_s0] done
[K_focal_aug_s1] done
[K_focal_aug_s2] done
wrote 256772 breaks to C:\Users\ivan_chang\Desktop\ian-mei\exp\results\break_lengths.csv

median structure width 2.8 px, so the E9b radii are 2 px (near free) and 6 px (costly)
breaks: n=256772, median 2 px, mean 6.8, p90 19
  length <=  1 px:  38.8% of breaks
  length <=  2 px:  53.7% of breaks
  length <=  6 px:  74.4% of breaks
  length <= 12 px:  84.6% of breaks

config         breaks/img   median    mean    p90   <=2px   <=6px
A_dice              292.8        2     6.5     17   54.5%   75.6%
A_dice_w32          334.9        2     6.4     17   55.5%   76.3%
B_cldice            280.7        2     6.4     17   54.9%   75.7%
B_cldice_w32        334.9        2     6.4     17   54.8%   76.1%
C_boundary          287.8        2     6.5     18   54.3%   75.5%
D_blurpool          303.4        2     6.7     18   53.7%   75.1%
F_gated             286.2        2     6.4     17   54.8%   75.5%
G_focal             224.7        2     7.2     20   50.5%   71.1%
H_aug               275.6        2     6.2     17   56.0%   76.7%
H_aug_w32           283.7        2     6.3     17   56.9%   76.7%
I_coletra           264.7        2     7.4     21   54.2%   73.9%
J_liot              257.5        2     7.1     19   52.8%   73.5%
K_focal_aug         149.4        4     9.3     24   40.0%   61.5%

=== how many of these actually sever the prediction? ===
  severs      16995    6.6%
  intact     239318   93.2%
  absent        459    0.2%
  (for comparison, the proxy that failed: 62.9% of runs are 1 px deep)

config         all breaks/img   severing/img
A_dice                  292.8           20.4
A_dice_w32              334.9           20.6
B_cldice                280.7           18.3
B_cldice_w32            334.9           19.9
C_boundary              287.8           20.9
D_blurpool              303.4           20.5
F_gated                 286.2           19.5
G_focal                 224.7           20.4
H_aug                   275.6           15.0
H_aug_w32               283.7           13.9
I_coletra               264.7           11.7
J_liot                  257.5           16.4
K_focal_aug             149.4           16.2

          band   breaks   share   median    mean    p90   <=6px   sever%
    Q1_dimmest   212102   82.6%        2     7.4     21   71.9%     6.5%
            Q2    39955   15.6%        1     3.5      9   86.5%     6.8%
            Q3     4158    1.6%        1     3.5      9   86.7%    10.0%
   Q4_clearest      557    0.2%        2     6.3     13   75.0%    15.3%
