topomortar:noisy: 50 train / 350 test, median width 6.00 px, filter sweep [0, 8, 19, 37, 75, 188, 375] px
[topomortar:noisy/A_dice_s0] epoch  20 loss 0.5030 (15 min)
[topomortar:noisy/A_dice_s0] epoch  40 loss 0.4852 (30 min)
[topomortar:noisy/A_dice_s0] epoch  60 loss 0.4806 (44 min)
topomortar:noisy: 50 train / 350 test, median width 6.00 px, filter sweep [0, 8, 19, 37, 75, 188, 375] px
[topomortar:noisy/A_dice_s0] weights found, scoring only
[topomortar:noisy/B_cldice_s0] epoch  20 loss 0.4514 (13 min)
[topomortar:noisy/B_cldice_s0] epoch  40 loss 0.4335 (26 min)
[topomortar:noisy/B_cldice_s0] epoch  60 loss 0.4275 (41 min)
[topomortar:noisy/B_cldice_s0] done in 44 min 繚 unfiltered dice 0.3651
[topomortar:noisy/E_cbdice_s0] epoch  20 loss 0.5132 (27 min)
[topomortar:noisy/E_cbdice_s0] epoch  40 loss 0.4992 (54 min)
[topomortar:noisy/E_cbdice_s0] epoch  60 loss 0.4928 (67 min)
[topomortar:noisy/E_cbdice_s0] done in 68 min 繚 unfiltered dice 0.3467
[topomortar:noisy/A_dice_s1] epoch  20 loss 0.4990 (9 min)
[topomortar:noisy/A_dice_s1] epoch  40 loss 0.4880 (18 min)
[topomortar:noisy/A_dice_s1] epoch  60 loss 0.4731 (27 min)
[topomortar:noisy/A_dice_s1] done in 28 min 繚 unfiltered dice 0.3720
[topomortar:noisy/B_cldice_s1] epoch  20 loss 0.4477 (12 min)
[topomortar:noisy/B_cldice_s1] epoch  40 loss 0.4347 (25 min)
topomortar:noisy: 50 train / 350 test, median width 6.00 px, filter sweep [0, 8, 19, 37, 75, 188, 375] px
[topomortar:noisy/A_dice_s0] already finished, skipping
[topomortar:noisy/B_cldice_s0] already finished, skipping
[topomortar:noisy/E_cbdice_s0] already finished, skipping
[topomortar:noisy/A_dice_s1] already finished, skipping
topomortar:noisy: 50 train / 350 test, median width 6.00 px, filter sweep [0, 8, 19, 37, 75, 188, 375] px
[topomortar:noisy/A_dice_s0] already finished, skipping
[topomortar:noisy/B_cldice_s0] already finished, skipping
[topomortar:noisy/E_cbdice_s0] already finished, skipping
[topomortar:noisy/A_dice_s1] already finished, skipping
topomortar:noisy: 50 train / 350 test, median width 6.00 px, filter sweep [0, 8, 19, 37, 75, 188, 375] px
[topomortar:noisy/A_dice_s0] already finished, skipping
[topomortar:noisy/B_cldice_s0] already finished, skipping
[topomortar:noisy/E_cbdice_s0] already finished, skipping
[topomortar:noisy/A_dice_s1] already finished, skipping
[topomortar:noisy/B_cldice_s1] epoch  20 loss 0.4477 (21 min)
topomortar:noisy: 50 train / 350 test, median width 6.00 px, filter sweep [0, 8, 19, 37, 75, 188, 375] px
[topomortar:noisy/A_dice_s0] already finished, skipping
[topomortar:noisy/B_cldice_s0] already finished, skipping
[topomortar:noisy/E_cbdice_s0] already finished, skipping
[topomortar:noisy/A_dice_s1] already finished, skipping
[topomortar:noisy/B_cldice_s1] resuming from epoch 30
[topomortar:noisy/B_cldice_s1] epoch  40 loss 0.4347 (10 min)
[topomortar:noisy/B_cldice_s1] epoch  60 loss 0.4213 (29 min)
[topomortar:noisy/B_cldice_s1] done in 31 min 繚 unfiltered dice 0.3703
[topomortar:noisy/E_cbdice_s1] epoch  20 loss 0.5117 (21 min)
[topomortar:noisy/E_cbdice_s1] epoch  40 loss 0.5005 (43 min)
[topomortar:noisy/E_cbdice_s1] epoch  60 loss 0.4877 (64 min)
[topomortar:noisy/E_cbdice_s1] done in 67 min 繚 unfiltered dice 0.3612
