=== 2026-08-27 04:21:07 D1 phase 1: the direction ceiling ===
ellipse(along=4, across=1, angle=0): 9 px wide, 3 tall
  a quarter turn swaps its axes, and it always contains its centre
a 45-degree vessel dilated along=6 across=0: 4 px gained on its own diagonal, 0 px four rows off it
  isotropic dilation radius 6 puts 45 px there instead -- that spill is what costs Dice
oriented adds 3.15x foreground, isotropic 19.46x, for the same reach
every setting is a superset of the input, so the sweep is monotone
shuffled field: axis gap 1.29 against the true tangent (the true field scores 0.00) -- it carries no direction
16 bins span [0, pi) and theta+pi lands in the same bin
  at the seam theta=0 and theta=pi land in bins [0, 15], which are 1 apart on the mod-pi circle -- adjacent, not opposite
  and their structuring elements differ by 11.25 degrees, one quantisation step
all checks passed
grid: along (0.0, 0.5, 1.0, 1.5, 2.0), across (0.0, 0.25, 0.5, 1.0), isotropic (0.0, 0.25, 0.5, 0.75, 1.0, 1.5) -- 20 oriented + 6 isotropic settings per image
a bridged detour scores split 39.5% vs bridged 79.0% -- both are reported, always
a 6px gap in a 45-degree vessel:
  oriented  traced 46.2%  Dice 0.916  161 px of foreground
  isotropic needs radius 2.25 to trace as far: 46.2%  Dice 0.481  431 px
  -> isotropic pays 2.68x the foreground and 0.435 more Dice for the same trace
  shuffled  traced 42.4%  Dice 0.543 (354 px) -- the control that says it is direction, not foreground
all checks passed
the Dice floor refuses the 0.90 setting that costs 0.12 Dice and takes (1.0, 0.25) at 0.60 -- a gain bought with overlap is a trade
  isotropic clears the floor at no setting, so it scores nothing -- which is the finding, not a gap in the table
thresholds: <3% stop, 3%-8% let the net learn it, >8% build the layer -- fixed before the run
all checks passed
a prediction entirely off the centreline traces nothing under either convention -- there is no covered fragment to bridge
a 10px detour around the centreline: split 36, bridged 71 (whole vessel 90)
a severing cut scores the same under both -- only bridged gaps are merged
all checks passed
=== 2026-08-27 04:21:12 all selftests passed ===
=== 2026-08-27 04:21:12 sweeping (4 arms x 6 seeds x 20 images, ~2h on CPU) ===
4 arm(s), width 2.83 px, component filter 17 px
  K_focal_aug_s0 epoch 50 done
  K_focal_aug_s1 epoch 100 done
  K_focal_aug_s2 epoch 70 done
  K_focal_aug_s3 epoch 80 done
  K_focal_aug_s4 epoch 90 done
  K_focal_aug_s5 epoch 60 done
  A_dice_s0 epoch 30 done
  A_dice_s1 epoch 20 done
  A_dice_s2 epoch 30 done
  A_dice_s3 epoch 10 done
  A_dice_s4 epoch 10 done
  A_dice_s5 epoch 10 done
  A_dice_dir_s0 epoch 30 done
  A_dice_dir_s1 epoch 20 done
  A_dice_dir_s2 epoch 30 done
  A_dice_dir_s3 epoch 40 done
  A_dice_dir_s4 epoch 10 done
  A_dice_dir_s5 epoch 10 done
  H_aug_dir_s0 epoch 30 done
  H_aug_dir_s1 epoch 80 done
  H_aug_dir_s2 epoch 70 done
  H_aug_dir_s3 epoch 70 done
  H_aug_dir_s4 epoch 60 done
  H_aug_dir_s5 epoch 80 done

wrote 25680 rows to /home/ivanchang/ian_mei/exp/results/selection_sweep/direction_ceiling.csv
=== 2026-08-27 05:00:35 sweep OK ===
=== D1 ceiling: what is knowing the vessel's axis worth? ===

--- erl.py as written (a bridged gap splits a run) ---
  arm                raw   isotropic    shuffled   predicted      oracle  oracle-iso   verdict
  --------------------------------------------------------------------------------------------
  A_dice          32.4%          --          --          --          --
  A_dice_dir      32.9%          --          --          --          --
  H_aug_dir       34.9%          --          --          --          --
  K_focal_aug     47.4%          --          --          --          --
  * best setting under the Dice floor, chosen on the selection half, reported on the other. '--' = no setting cleared it.

--- not splitting runs the prediction bridges ---
  arm                raw   isotropic    shuffled   predicted      oracle  oracle-iso   verdict
  --------------------------------------------------------------------------------------------
  A_dice          59.8%          --          --          --          --
  A_dice_dir      59.8%          --          --          --          --
  H_aug_dir       60.6%          --          --          --          --
  K_focal_aug     67.3%          --          --          --          --
  * best setting under the Dice floor, chosen on the selection half, reported on the other. '--' = no setting cleared it.

READ THE CONTROLS FIRST.
  oracle vs shuffled: if these are close, oriented dilation is
    just dilation and every verdict above is void.
  oracle vs predicted: the part of the prize lost to the direction
    HEAD rather than to the mechanism. A large gap says the next
    effort is a better head; a small one says it is the layer.

The prize is 21.8 points: 16.7 for covering the centreline the
prediction runs beside, 5.1 for the severing breaks. The other
19.9 points between the two tables above are erl.py's splitting
rule and are not available to any method.
=== 2026-08-27 05:00:36 D1 phase 1 done ===
