=== 2026-08-27 04:34:32 phase 2 waiting for phase 1's ceiling ===
=== 2026-08-27 05:02:32 phase 1 done ===
no arm produced a usable oracle setting
D-B is NOT built. D-E (centreline weighting, no direction) still runs -- it does not depend on this mechanism.
=== 2026-08-27 05:02:35 D-E: centreline-weighted loss, 12 runs ===
=== 2026-08-27 05:56:52 D-B skipped by the gate -- the mechanism did not clear 3 points ===
=== 2026-08-27 05:56:52 rescoring the sweep ===
48 run(s), 20 images, component filter 17 px
  A_dice_clw_s0 epoch010.pt done
  A_dice_clw_s0 epoch020.pt done
  A_dice_clw_s0 epoch030.pt done
  A_dice_clw_s0 epoch040.pt done
  A_dice_clw_s0 epoch050.pt done
  A_dice_clw_s0 epoch060.pt done
  A_dice_clw_s0 epoch070.pt done
  A_dice_clw_s0 epoch080.pt done
  A_dice_clw_s0 epoch090.pt done
  A_dice_clw_s0 epoch100.pt done
  A_dice_clw_s1 epoch010.pt done
  A_dice_clw_s1 epoch020.pt done
  A_dice_clw_s1 epoch030.pt done
  A_dice_clw_s1 epoch040.pt done
  A_dice_clw_s1 epoch050.pt done
  A_dice_clw_s1 epoch060.pt done
  A_dice_clw_s1 epoch070.pt done
  A_dice_clw_s1 epoch080.pt done
  A_dice_clw_s1 epoch090.pt done
  A_dice_clw_s1 epoch100.pt done
  A_dice_clw_s2 epoch010.pt done
  A_dice_clw_s2 epoch020.pt done
  A_dice_clw_s2 epoch030.pt done
  A_dice_clw_s2 epoch040.pt done
  A_dice_clw_s2 epoch050.pt done
  A_dice_clw_s2 epoch060.pt done
  A_dice_clw_s2 epoch070.pt done
  A_dice_clw_s2 epoch080.pt done
  A_dice_clw_s2 epoch090.pt done
  A_dice_clw_s2 epoch100.pt done
  A_dice_clw_s3 epoch010.pt done
  A_dice_clw_s3 epoch020.pt done
  A_dice_clw_s3 epoch030.pt done
  A_dice_clw_s3 epoch040.pt done
  A_dice_clw_s3 epoch050.pt done
  A_dice_clw_s3 epoch060.pt done
  A_dice_clw_s3 epoch070.pt done
  A_dice_clw_s3 epoch080.pt done
  A_dice_clw_s3 epoch090.pt done
  A_dice_clw_s3 epoch100.pt done
  A_dice_clw_s4 epoch010.pt done
  A_dice_clw_s4 epoch020.pt done
  A_dice_clw_s4 epoch030.pt done
  A_dice_clw_s4 epoch040.pt done
  A_dice_clw_s4 epoch050.pt done
  A_dice_clw_s4 epoch060.pt done
  A_dice_clw_s4 epoch070.pt done
  A_dice_clw_s4 epoch080.pt done
  A_dice_clw_s4 epoch090.pt done
  A_dice_clw_s4 epoch100.pt done
  A_dice_clw_s5 epoch010.pt done
  A_dice_clw_s5 epoch020.pt done
  A_dice_clw_s5 epoch030.pt done
  A_dice_clw_s5 epoch040.pt done
  A_dice_clw_s5 epoch050.pt done
  A_dice_clw_s5 epoch060.pt done
  A_dice_clw_s5 epoch070.pt done
  A_dice_clw_s5 epoch080.pt done
  A_dice_clw_s5 epoch090.pt done
  A_dice_clw_s5 epoch100.pt done
  A_dice_dir_s0 epoch010.pt done
  A_dice_dir_s0 epoch020.pt done
  A_dice_dir_s0 epoch030.pt done
  A_dice_dir_s0 epoch040.pt done
  A_dice_dir_s0 epoch050.pt done
  A_dice_dir_s0 epoch060.pt done
  A_dice_dir_s0 epoch070.pt done
  A_dice_dir_s0 epoch080.pt done
  A_dice_dir_s0 epoch090.pt done
  A_dice_dir_s0 epoch100.pt done
  A_dice_dir_s1 epoch010.pt done
  A_dice_dir_s1 epoch020.pt done
  A_dice_dir_s1 epoch030.pt done
  A_dice_dir_s1 epoch040.pt done
  A_dice_dir_s1 epoch050.pt done
  A_dice_dir_s1 epoch060.pt done
  A_dice_dir_s1 epoch070.pt done
  A_dice_dir_s1 epoch080.pt done
  A_dice_dir_s1 epoch090.pt done
  A_dice_dir_s1 epoch100.pt done
  A_dice_dir_s2 epoch010.pt done
  A_dice_dir_s2 epoch020.pt done
  A_dice_dir_s2 epoch030.pt done
  A_dice_dir_s2 epoch040.pt done
  A_dice_dir_s2 epoch050.pt done
  A_dice_dir_s2 epoch060.pt done
  A_dice_dir_s2 epoch070.pt done
  A_dice_dir_s2 epoch080.pt done
  A_dice_dir_s2 epoch090.pt done
  A_dice_dir_s2 epoch100.pt done
  A_dice_dir_s3 epoch010.pt done
  A_dice_dir_s3 epoch020.pt done
  A_dice_dir_s3 epoch030.pt done
  A_dice_dir_s3 epoch040.pt done
  A_dice_dir_s3 epoch050.pt done
  A_dice_dir_s3 epoch060.pt done
  A_dice_dir_s3 epoch070.pt done
  A_dice_dir_s3 epoch080.pt done
  A_dice_dir_s3 epoch090.pt done
  A_dice_dir_s3 epoch100.pt done
  A_dice_dir_s4 epoch010.pt done
  A_dice_dir_s4 epoch020.pt done
  A_dice_dir_s4 epoch030.pt done
  A_dice_dir_s4 epoch040.pt done
  A_dice_dir_s4 epoch050.pt done
  A_dice_dir_s4 epoch060.pt done
  A_dice_dir_s4 epoch070.pt done
  A_dice_dir_s4 epoch080.pt done
  A_dice_dir_s4 epoch090.pt done
  A_dice_dir_s4 epoch100.pt done
  A_dice_dir_s5 epoch010.pt done
  A_dice_dir_s5 epoch020.pt done
  A_dice_dir_s5 epoch030.pt done
  A_dice_dir_s5 epoch040.pt done
  A_dice_dir_s5 epoch050.pt done
  A_dice_dir_s5 epoch060.pt done
  A_dice_dir_s5 epoch070.pt done
  A_dice_dir_s5 epoch080.pt done
  A_dice_dir_s5 epoch090.pt done
  A_dice_dir_s5 epoch100.pt done
  A_dice_s0 epoch010.pt done
  A_dice_s0 epoch020.pt done
  A_dice_s0 epoch030.pt done
  A_dice_s0 epoch040.pt done
  A_dice_s0 epoch050.pt done
  A_dice_s0 epoch060.pt done
  A_dice_s0 epoch070.pt done
  A_dice_s0 epoch080.pt done
  A_dice_s0 epoch090.pt done
  A_dice_s0 epoch100.pt done
  A_dice_s1 epoch010.pt done
  A_dice_s1 epoch020.pt done
  A_dice_s1 epoch030.pt done
  A_dice_s1 epoch040.pt done
  A_dice_s1 epoch050.pt done
  A_dice_s1 epoch060.pt done
  A_dice_s1 epoch070.pt done
  A_dice_s1 epoch080.pt done
  A_dice_s1 epoch090.pt done
  A_dice_s1 epoch100.pt done
  A_dice_s2 epoch010.pt done
  A_dice_s2 epoch020.pt done
  A_dice_s2 epoch030.pt done
  A_dice_s2 epoch040.pt done
  A_dice_s2 epoch050.pt done
  A_dice_s2 epoch060.pt done
  A_dice_s2 epoch070.pt done
  A_dice_s2 epoch080.pt done
  A_dice_s2 epoch090.pt done
  A_dice_s2 epoch100.pt done
  A_dice_s3 epoch010.pt done
  A_dice_s3 epoch020.pt done
  A_dice_s3 epoch030.pt done
  A_dice_s3 epoch040.pt done
  A_dice_s3 epoch050.pt done
  A_dice_s3 epoch060.pt done
  A_dice_s3 epoch070.pt done
  A_dice_s3 epoch080.pt done
  A_dice_s3 epoch090.pt done
  A_dice_s3 epoch100.pt done
  A_dice_s4 epoch010.pt done
  A_dice_s4 epoch020.pt done
  A_dice_s4 epoch030.pt done
  A_dice_s4 epoch040.pt done
  A_dice_s4 epoch050.pt done
  A_dice_s4 epoch060.pt done
  A_dice_s4 epoch070.pt done
  A_dice_s4 epoch080.pt done
  A_dice_s4 epoch090.pt done
  A_dice_s4 epoch100.pt done
  A_dice_s5 epoch010.pt done
  A_dice_s5 epoch020.pt done
  A_dice_s5 epoch030.pt done
  A_dice_s5 epoch040.pt done
  A_dice_s5 epoch050.pt done
  A_dice_s5 epoch060.pt done
  A_dice_s5 epoch070.pt done
  A_dice_s5 epoch080.pt done
  A_dice_s5 epoch090.pt done
  A_dice_s5 epoch100.pt done
  G_focal_s0 epoch010.pt done
  G_focal_s0 epoch020.pt done
  G_focal_s0 epoch030.pt done
  G_focal_s0 epoch040.pt done
  G_focal_s0 epoch050.pt done
  G_focal_s0 epoch060.pt done
  G_focal_s0 epoch070.pt done
  G_focal_s0 epoch080.pt done
  G_focal_s0 epoch090.pt done
  G_focal_s0 epoch100.pt done
  G_focal_s1 epoch010.pt done
  G_focal_s1 epoch020.pt done
  G_focal_s1 epoch030.pt done
  G_focal_s1 epoch040.pt done
  G_focal_s1 epoch050.pt done
  G_focal_s1 epoch060.pt done
  G_focal_s1 epoch070.pt done
  G_focal_s1 epoch080.pt done
  G_focal_s1 epoch090.pt done
  G_focal_s1 epoch100.pt done
  G_focal_s2 epoch010.pt done
  G_focal_s2 epoch020.pt done
  G_focal_s2 epoch030.pt done
  G_focal_s2 epoch040.pt done
  G_focal_s2 epoch050.pt done
  G_focal_s2 epoch060.pt done
  G_focal_s2 epoch070.pt done
  G_focal_s2 epoch080.pt done
  G_focal_s2 epoch090.pt done
  G_focal_s2 epoch100.pt done
  G_focal_s3 epoch010.pt done
  G_focal_s3 epoch020.pt done
  G_focal_s3 epoch030.pt done
  G_focal_s3 epoch040.pt done
  G_focal_s3 epoch050.pt done
  G_focal_s3 epoch060.pt done
  G_focal_s3 epoch070.pt done
  G_focal_s3 epoch080.pt done
  G_focal_s3 epoch090.pt done
  G_focal_s3 epoch100.pt done
  G_focal_s4 epoch010.pt done
  G_focal_s4 epoch020.pt done
  G_focal_s4 epoch030.pt done
  G_focal_s4 epoch040.pt done
  G_focal_s4 epoch050.pt done
  G_focal_s4 epoch060.pt done
  G_focal_s4 epoch070.pt done
  G_focal_s4 epoch080.pt done
  G_focal_s4 epoch090.pt done
  G_focal_s4 epoch100.pt done
  G_focal_s5 epoch010.pt done
  G_focal_s5 epoch020.pt done
  G_focal_s5 epoch030.pt done
  G_focal_s5 epoch040.pt done
  G_focal_s5 epoch050.pt done
  G_focal_s5 epoch060.pt done
  G_focal_s5 epoch070.pt done
  G_focal_s5 epoch080.pt done
  G_focal_s5 epoch090.pt done
  G_focal_s5 epoch100.pt done
  H_aug_clw_s0 epoch010.pt done
  H_aug_clw_s0 epoch020.pt done
  H_aug_clw_s0 epoch030.pt done
  H_aug_clw_s0 epoch040.pt done
  H_aug_clw_s0 epoch050.pt done
  H_aug_clw_s0 epoch060.pt done
  H_aug_clw_s0 epoch070.pt done
  H_aug_clw_s0 epoch080.pt done
  H_aug_clw_s0 epoch090.pt done
  H_aug_clw_s0 epoch100.pt done
  H_aug_clw_s1 epoch010.pt done
  H_aug_clw_s1 epoch020.pt done
  H_aug_clw_s1 epoch030.pt done
  H_aug_clw_s1 epoch040.pt done
  H_aug_clw_s1 epoch050.pt done
  H_aug_clw_s1 epoch060.pt done
  H_aug_clw_s1 epoch070.pt done
  H_aug_clw_s1 epoch080.pt done
  H_aug_clw_s1 epoch090.pt done
  H_aug_clw_s1 epoch100.pt done
  H_aug_clw_s2 epoch010.pt done
  H_aug_clw_s2 epoch020.pt done
  H_aug_clw_s2 epoch030.pt done
  H_aug_clw_s2 epoch040.pt done
  H_aug_clw_s2 epoch050.pt done
  H_aug_clw_s2 epoch060.pt done
  H_aug_clw_s2 epoch070.pt done
  H_aug_clw_s2 epoch080.pt done
  H_aug_clw_s2 epoch090.pt done
  H_aug_clw_s2 epoch100.pt done
  H_aug_clw_s3 epoch010.pt done
  H_aug_clw_s3 epoch020.pt done
  H_aug_clw_s3 epoch030.pt done
  H_aug_clw_s3 epoch040.pt done
  H_aug_clw_s3 epoch050.pt done
  H_aug_clw_s3 epoch060.pt done
  H_aug_clw_s3 epoch070.pt done
  H_aug_clw_s3 epoch080.pt done
  H_aug_clw_s3 epoch090.pt done
  H_aug_clw_s3 epoch100.pt done
  H_aug_clw_s4 epoch010.pt done
  H_aug_clw_s4 epoch020.pt done
  H_aug_clw_s4 epoch030.pt done
  H_aug_clw_s4 epoch040.pt done
  H_aug_clw_s4 epoch050.pt done
  H_aug_clw_s4 epoch060.pt done
  H_aug_clw_s4 epoch070.pt done
  H_aug_clw_s4 epoch080.pt done
  H_aug_clw_s4 epoch090.pt done
  H_aug_clw_s4 epoch100.pt done
  H_aug_clw_s5 epoch010.pt done
  H_aug_clw_s5 epoch020.pt done
  H_aug_clw_s5 epoch030.pt done
  H_aug_clw_s5 epoch040.pt done
  H_aug_clw_s5 epoch050.pt done
  H_aug_clw_s5 epoch060.pt done
  H_aug_clw_s5 epoch070.pt done
  H_aug_clw_s5 epoch080.pt done
  H_aug_clw_s5 epoch090.pt done
  H_aug_clw_s5 epoch100.pt done
  H_aug_dir_s0 epoch010.pt done
  H_aug_dir_s0 epoch020.pt done
  H_aug_dir_s0 epoch030.pt done
  H_aug_dir_s0 epoch040.pt done
  H_aug_dir_s0 epoch050.pt done
  H_aug_dir_s0 epoch060.pt done
  H_aug_dir_s0 epoch070.pt done
  H_aug_dir_s0 epoch080.pt done
  H_aug_dir_s0 epoch090.pt done
  H_aug_dir_s0 epoch100.pt done
  H_aug_dir_s1 epoch010.pt done
  H_aug_dir_s1 epoch020.pt done
  H_aug_dir_s1 epoch030.pt done
  H_aug_dir_s1 epoch040.pt done
  H_aug_dir_s1 epoch050.pt done
  H_aug_dir_s1 epoch060.pt done
  H_aug_dir_s1 epoch070.pt done
  H_aug_dir_s1 epoch080.pt done
  H_aug_dir_s1 epoch090.pt done
  H_aug_dir_s1 epoch100.pt done
  H_aug_dir_s2 epoch010.pt done
  H_aug_dir_s2 epoch020.pt done
  H_aug_dir_s2 epoch030.pt done
  H_aug_dir_s2 epoch040.pt done
  H_aug_dir_s2 epoch050.pt done
  H_aug_dir_s2 epoch060.pt done
  H_aug_dir_s2 epoch070.pt done
  H_aug_dir_s2 epoch080.pt done
  H_aug_dir_s2 epoch090.pt done
  H_aug_dir_s2 epoch100.pt done
  H_aug_dir_s3 epoch010.pt done
  H_aug_dir_s3 epoch020.pt done
  H_aug_dir_s3 epoch030.pt done
  H_aug_dir_s3 epoch040.pt done
  H_aug_dir_s3 epoch050.pt done
  H_aug_dir_s3 epoch060.pt done
  H_aug_dir_s3 epoch070.pt done
  H_aug_dir_s3 epoch080.pt done
  H_aug_dir_s3 epoch090.pt done
  H_aug_dir_s3 epoch100.pt done
  H_aug_dir_s4 epoch010.pt done
  H_aug_dir_s4 epoch020.pt done
  H_aug_dir_s4 epoch030.pt done
  H_aug_dir_s4 epoch040.pt done
  H_aug_dir_s4 epoch050.pt done
  H_aug_dir_s4 epoch060.pt done
  H_aug_dir_s4 epoch070.pt done
  H_aug_dir_s4 epoch080.pt done
  H_aug_dir_s4 epoch090.pt done
  H_aug_dir_s4 epoch100.pt done
  H_aug_dir_s5 epoch010.pt done
  H_aug_dir_s5 epoch020.pt done
  H_aug_dir_s5 epoch030.pt done
  H_aug_dir_s5 epoch040.pt done
  H_aug_dir_s5 epoch050.pt done
  H_aug_dir_s5 epoch060.pt done
  H_aug_dir_s5 epoch070.pt done
  H_aug_dir_s5 epoch080.pt done
  H_aug_dir_s5 epoch090.pt done
  H_aug_dir_s5 epoch100.pt done
  H_aug_s0 epoch010.pt done
  H_aug_s0 epoch020.pt done
  H_aug_s0 epoch030.pt done
  H_aug_s0 epoch040.pt done
  H_aug_s0 epoch050.pt done
  H_aug_s0 epoch060.pt done
  H_aug_s0 epoch070.pt done
  H_aug_s0 epoch080.pt done
  H_aug_s0 epoch090.pt done
  H_aug_s0 epoch100.pt done
  H_aug_s1 epoch010.pt done
  H_aug_s1 epoch020.pt done
  H_aug_s1 epoch030.pt done
  H_aug_s1 epoch040.pt done
  H_aug_s1 epoch050.pt done
  H_aug_s1 epoch060.pt done
  H_aug_s1 epoch070.pt done
  H_aug_s1 epoch080.pt done
  H_aug_s1 epoch090.pt done
  H_aug_s1 epoch100.pt done
  H_aug_s2 epoch010.pt done
  H_aug_s2 epoch020.pt done
  H_aug_s2 epoch030.pt done
  H_aug_s2 epoch040.pt done
  H_aug_s2 epoch050.pt done
  H_aug_s2 epoch060.pt done
  H_aug_s2 epoch070.pt done
  H_aug_s2 epoch080.pt done
  H_aug_s2 epoch090.pt done
  H_aug_s2 epoch100.pt done
  H_aug_s3 epoch010.pt done
  H_aug_s3 epoch020.pt done
  H_aug_s3 epoch030.pt done
  H_aug_s3 epoch040.pt done
  H_aug_s3 epoch050.pt done
  H_aug_s3 epoch060.pt done
  H_aug_s3 epoch070.pt done
  H_aug_s3 epoch080.pt done
  H_aug_s3 epoch090.pt done
  H_aug_s3 epoch100.pt done
  H_aug_s4 epoch010.pt done
  H_aug_s4 epoch020.pt done
  H_aug_s4 epoch030.pt done
  H_aug_s4 epoch040.pt done
  H_aug_s4 epoch050.pt done
  H_aug_s4 epoch060.pt done
  H_aug_s4 epoch070.pt done
  H_aug_s4 epoch080.pt done
  H_aug_s4 epoch090.pt done
  H_aug_s4 epoch100.pt done
  H_aug_s5 epoch010.pt done
  H_aug_s5 epoch020.pt done
  H_aug_s5 epoch030.pt done
  H_aug_s5 epoch040.pt done
  H_aug_s5 epoch050.pt done
  H_aug_s5 epoch060.pt done
  H_aug_s5 epoch070.pt done
  H_aug_s5 epoch080.pt done
  H_aug_s5 epoch090.pt done
  H_aug_s5 epoch100.pt done
  K_focal_aug_s0 epoch010.pt done
  K_focal_aug_s0 epoch020.pt done
  K_focal_aug_s0 epoch030.pt done
  K_focal_aug_s0 epoch040.pt done
  K_focal_aug_s0 epoch050.pt done
  K_focal_aug_s0 epoch060.pt done
  K_focal_aug_s0 epoch070.pt done
  K_focal_aug_s0 epoch080.pt done
  K_focal_aug_s0 epoch090.pt done
  K_focal_aug_s0 epoch100.pt done
  K_focal_aug_s1 epoch010.pt done
  K_focal_aug_s1 epoch020.pt done
  K_focal_aug_s1 epoch030.pt done
  K_focal_aug_s1 epoch040.pt done
  K_focal_aug_s1 epoch050.pt done
  K_focal_aug_s1 epoch060.pt done
  K_focal_aug_s1 epoch070.pt done
  K_focal_aug_s1 epoch080.pt done
  K_focal_aug_s1 epoch090.pt done
  K_focal_aug_s1 epoch100.pt done
  K_focal_aug_s2 epoch010.pt done
  K_focal_aug_s2 epoch020.pt done
  K_focal_aug_s2 epoch030.pt done
  K_focal_aug_s2 epoch040.pt done
  K_focal_aug_s2 epoch050.pt done
  K_focal_aug_s2 epoch060.pt done
  K_focal_aug_s2 epoch070.pt done
  K_focal_aug_s2 epoch080.pt done
  K_focal_aug_s2 epoch090.pt done
  K_focal_aug_s2 epoch100.pt done
  K_focal_aug_s3 epoch010.pt done
  K_focal_aug_s3 epoch020.pt done
  K_focal_aug_s3 epoch030.pt done
  K_focal_aug_s3 epoch040.pt done
  K_focal_aug_s3 epoch050.pt done
  K_focal_aug_s3 epoch060.pt done
  K_focal_aug_s3 epoch070.pt done
  K_focal_aug_s3 epoch080.pt done
  K_focal_aug_s3 epoch090.pt done
  K_focal_aug_s3 epoch100.pt done
  K_focal_aug_s4 epoch010.pt done
  K_focal_aug_s4 epoch020.pt done
  K_focal_aug_s4 epoch030.pt done
  K_focal_aug_s4 epoch040.pt done
  K_focal_aug_s4 epoch050.pt done
  K_focal_aug_s4 epoch060.pt done
  K_focal_aug_s4 epoch070.pt done
  K_focal_aug_s4 epoch080.pt done
  K_focal_aug_s4 epoch090.pt done
  K_focal_aug_s4 epoch100.pt done
  K_focal_aug_s5 epoch010.pt done
  K_focal_aug_s5 epoch020.pt done
  K_focal_aug_s5 epoch030.pt done
  K_focal_aug_s5 epoch040.pt done
  K_focal_aug_s5 epoch050.pt done
  K_focal_aug_s5 epoch060.pt done
  K_focal_aug_s5 epoch070.pt done
  K_focal_aug_s5 epoch080.pt done
  K_focal_aug_s5 epoch090.pt done
  K_focal_aug_s5 epoch100.pt done

wrote 9600 rows to /home/ivanchang/ian_mei/exp/results/selection_sweep/checkpoint_scores.csv
  48 runs, 480 checkpoints
=== 2026-08-27 06:27:18 rescore OK ===
=== D1.a: did the tangent head learn the axis? ===
mean axis gap on vessel pixels, 0 = right, 2 = a quarter turn off
  arm               head  constant  classical   verdict
  -----------------------------------------------------
  A_dice_dir       0.243     1.205      0.322   beats both references
  H_aug_dir        0.227     1.205      0.322   beats both references

If the head does not beat the constant reference, D1.b below is
not a result about direction -- it is a result about a head that
failed, and must not be read as the former.

=== D1.b: did the auxiliary task improve segmentation? ===
ERL at rule (iv), report half, paired on (image, seed)

  comparison                    seeds   vs base      t  gate
  ----------------------------------------------------------
  A_dice_dir - A_dice               6     +37.9   0.37  fails
                              per seed [-158 +142 +225 -291 +328 -20]
  H_aug_dir - H_aug                 6     +59.2   0.93  fails
                              per seed [-43 -284 +231 +4 +584 -138]

Pre-registered prediction: D1.a holds, D1.b does not. D1's value
is expected to be the FIELD, as C1's cost map, not the
segmentation. A D1.b that holds is a better result than predicted.
=== 2026-08-27 06:27:19 phase 2 done ===
