seed/ah_f0 done
seed/vk_f0 done
seed/soft_f0 done
seed/ah_f1 done
seed/vk_f1 done
seed/soft_f1 done
annotator/ahvk_f0_s0 done
annotator/ahvk_f0_s1 done
annotator/ahvk_f1_s0 done
annotator/ahvk_f1_s1 done
wrote 400 rows to C:\Users\ivan_chang\Desktop\ian-mei\exp\results\ensemble_uncertainty.csv

=== AUROC by band, seed members ===
          band      single    ens_mean    disagree
    Q1_dimmest       0.386       0.373       0.380
            Q2       0.591       0.597       0.583
            Q3       0.766       0.775       0.745
   Q4_clearest       0.872       0.882       0.848

=== AUROC by band, annotator members ===
          band      single    ens_mean    disagree
    Q1_dimmest       0.280       0.370       0.390
            Q2       0.429       0.625       0.632
            Q3       0.672       0.813       0.805
   Q4_clearest       0.869       0.895       0.879
