skipping 2 run(s) still training
247 run(s), 20 images, 33 thresholds, component filter 17 px
  A_dice_clw1_s3 done
  A_dice_clw1_s4 done
  A_dice_clw1_s5 done
  A_dice_clw1_s6 done
  A_dice_clw1_s7 done
  A_dice_clw1_s8 done
  A_dice_clw1_s9 done
  A_dice_clw2_s0 done
  A_dice_clw2_s1 done
  A_dice_clw2_s10 done
  A_dice_clw2_s11 done
  A_dice_clw2_s2 done
  A_dice_clw2_s3 done
  A_dice_clw2_s4 done
  A_dice_clw2_s5 done
  A_dice_clw2_s6 done
  A_dice_clw2_s7 done
  A_dice_clw2_s8 done
  A_dice_clw2_s9 done
  A_dice_clw4_s0 done
  A_dice_clw4_s1 done
  A_dice_clw4_s10 done
  A_dice_clw4_s11 done
  A_dice_clw4_s2 done
  A_dice_clw4_s3 done
  A_dice_clw4_s4 done
  A_dice_clw4_s5 done
  A_dice_clw4_s6 done
  A_dice_clw4_s7 done
  A_dice_clw4_s8 done
  A_dice_clw4_s9 done
  A_dice_clw8_s0 done
  A_dice_clw8_s1 done
  A_dice_clw8_s10 done
  A_dice_clw8_s11 done
  A_dice_clw8_s2 done
  A_dice_clw8_s3 done
  A_dice_clw8_s4 done
  A_dice_clw8_s5 done
  A_dice_clw8_s6 done
  A_dice_clw8_s7 done
  A_dice_clw8_s8 done
  A_dice_clw8_s9 done
  A_dice_s0 done
  A_dice_s1 done
  A_dice_s10 done
  A_dice_s11 done
  A_dice_s2 done
  A_dice_s3 done
  A_dice_s4 done
  A_dice_s5 done
  A_dice_s6 done
  A_dice_s7 done
  A_dice_s8 done
  A_dice_s9 done
  A_dice_w32_s0 done
  A_dice_w32_s1 done
  A_dice_w32_s2 done
  A_dice_w64_d5_s0 done
  A_dice_w64_d5_s1 done
  A_dice_w64_d5_s2 done
  A_dice_w64_d5_s3 done
  A_dice_w64_d5_s4 done
  B_cldice_s0 done
  B_cldice_s1 done
  B_cldice_s2 done
  B_cldice_s3 done
  B_cldice_s4 done
  B_cldice_s5 done
  B_cldice_w32_s0 done
  B_cldice_w32_s1 done
  B_cldice_w32_s2 done
  B_cldice_w64_d5_s0 done
  B_cldice_w64_d5_s1 done
  B_cldice_w64_d5_s2 done
  B_cldice_w64_d5_s3 done
  B_cldice_w64_d5_s4 done
  C_boundary_s0 done
  C_boundary_s1 done
  C_boundary_s2 done
  C_boundary_s3 done
  C_boundary_s4 done
  C_boundary_s5 done
  D_blurpool_s0 done
  D_blurpool_s1 done
  D_blurpool_s2 done
  D_blurpool_s3 done
  D_blurpool_s4 done
  D_blurpool_s5 done
  E_cbdice_s0 done
  E_cbdice_s1 done
  E_cbdice_s2 done
  E_cbdice_s3 done
  E_cbdice_s4 done
  E_cbdice_s5 done
  F_gated_s0 done
  F_gated_s1 done
  F_gated_s2 done
  F_gated_s3 done
  F_gated_s4 done
  F_gated_s5 done
  G_focal_s0 done
  G_focal_s1 done
  G_focal_s2 done
  G_focal_s3 done
  G_focal_s4 done
  G_focal_s5 done
  H_aug_clw1_s0 done
  H_aug_clw1_s1 done
  H_aug_clw1_s10 done
  H_aug_clw1_s11 done
  H_aug_clw1_s2 done
  H_aug_clw1_s3 done
  H_aug_clw1_s4 done
  H_aug_clw1_s5 done
  H_aug_clw1_s6 done
  H_aug_clw1_s7 done
  H_aug_clw1_s8 done
  H_aug_clw1_s9 done
  H_aug_clw2_s0 done
  H_aug_clw2_s1 done
  H_aug_clw2_s10 done
  H_aug_clw2_s11 done
  H_aug_clw2_s2 done
  H_aug_clw2_s3 done
  H_aug_clw2_s4 done
  H_aug_clw2_s5 done
  H_aug_clw2_s6 done
  H_aug_clw2_s7 done
  H_aug_clw2_s8 done
  H_aug_clw2_s9 done
  H_aug_clw4_s0 done
  H_aug_clw4_s1 done
  H_aug_clw4_s10 done
  H_aug_clw4_s11 done
  H_aug_clw4_s2 done
  H_aug_clw4_s3 done
  H_aug_clw4_s4 done
  H_aug_clw4_s5 done
  H_aug_clw4_s6 done
  H_aug_clw4_s7 done
  H_aug_clw4_s8 done
  H_aug_clw4_s9 done
  H_aug_clw8_s0 done
  H_aug_clw8_s1 done
  H_aug_clw8_s10 done
  H_aug_clw8_s11 done
  H_aug_clw8_s2 done
  H_aug_clw8_s3 done
  H_aug_clw8_s4 done
  H_aug_clw8_s5 done
  H_aug_clw8_s6 done
  H_aug_clw8_s7 done
  H_aug_clw8_s8 done
  H_aug_clw8_s9 done
  H_aug_s0 done
  H_aug_s1 done
  H_aug_s10 done
  H_aug_s11 done
  H_aug_s2 done
  H_aug_s3 done
  H_aug_s4 done
  H_aug_s5 done
  H_aug_s6 done
  H_aug_s7 done
  H_aug_s8 done
  H_aug_s9 done
  H_aug_w32_s0 done
  H_aug_w32_s1 done
  H_aug_w32_s2 done
  H_aug_w64_d5_s0 done
  H_aug_w64_d5_s1 done
  H_aug_w64_d5_s2 done
  H_aug_w64_d5_s3 done
  H_aug_w64_d5_s4 done
  I_coletra_s0 done
  I_coletra_s1 done
  I_coletra_s2 done
  I_coletra_s3 done
  I_coletra_s4 done
  I_coletra_s5 done
  J_liot_s0 done
  J_liot_s1 done
  J_liot_s2 done
  J_liot_s3 done
  J_liot_s4 done
  J_liot_s5 done
  K_focal_aug_clw1_s0 done
  K_focal_aug_clw1_s1 done
  K_focal_aug_clw1_s10 done
  K_focal_aug_clw1_s11 done
  K_focal_aug_clw1_s2 done
  K_focal_aug_clw1_s3 done
  K_focal_aug_clw1_s4 done
  K_focal_aug_clw1_s5 done
  K_focal_aug_clw1_s6 done
  K_focal_aug_clw1_s7 done
  K_focal_aug_clw1_s8 done
  K_focal_aug_clw1_s9 done
  K_focal_aug_clw2_s0 done
  K_focal_aug_clw2_s1 done
  K_focal_aug_clw2_s10 done
  K_focal_aug_clw2_s11 done
  K_focal_aug_clw2_s2 done
  K_focal_aug_clw2_s3 done
  K_focal_aug_clw2_s4 done
  K_focal_aug_clw2_s5 done
  K_focal_aug_clw2_s6 done
  K_focal_aug_clw2_s7 done
  K_focal_aug_clw2_s8 done
  K_focal_aug_clw2_s9 done
  K_focal_aug_clw4_s0 done
  K_focal_aug_clw4_s1 done
  K_focal_aug_clw4_s10 done
  K_focal_aug_clw4_s11 done
  K_focal_aug_clw4_s2 done
  K_focal_aug_clw4_s3 done
  K_focal_aug_clw4_s4 done
  K_focal_aug_clw4_s5 done
  K_focal_aug_clw4_s6 done
  K_focal_aug_clw4_s7 done
  K_focal_aug_clw4_s8 done
  K_focal_aug_clw4_s9 done
  K_focal_aug_clw8_s0 done
  K_focal_aug_clw8_s1 done
  K_focal_aug_clw8_s10 done
  K_focal_aug_clw8_s11 done
  K_focal_aug_clw8_s2 done
  K_focal_aug_clw8_s3 done
  K_focal_aug_clw8_s4 done
  K_focal_aug_clw8_s5 done
  K_focal_aug_clw8_s6 done
  K_focal_aug_clw8_s7 done
  K_focal_aug_clw8_s8 done
  K_focal_aug_clw8_s9 done
  K_focal_aug_s0 done
  K_focal_aug_s1 done
  K_focal_aug_s10 done
  K_focal_aug_s11 done
  K_focal_aug_s2 done
  K_focal_aug_s3 done
  K_focal_aug_s4 done
  K_focal_aug_s5 done
  K_focal_aug_s6 done
  K_focal_aug_s7 done
  K_focal_aug_s8 done
  K_focal_aug_s9 done

Traced fraction on the frontier, at a matched Dice reached by THRESHOLD.
Conservative branch (highest threshold within 0.003 of the target).

  arm                         0.780    0.790    0.800    0.810    0.815    0.820
  ------------------------------------------------------------------------------
  A_dice                     10.4%    12.4%    15.2%    19.6%    22.6%    28.5%
  H_aug                      11.3%    13.2%    18.7%    19.1%    21.4%    23.9%
  K_focal_aug                30.3%    19.1%    17.3%    18.7%    21.5%       -- 
  A_dice_clw1                29.2%    24.3%    15.7%    19.9%    23.5%    28.8%
  A_dice_clw2                18.0%    16.9%    16.0%    20.4%    24.2%    29.3%
  A_dice_clw4                25.7%    24.2%    17.5%    22.4%    25.6%       -- 
  A_dice_clw8                37.9%    21.2%    19.1%    24.2%    27.7%       -- 
  A_dice_w32                    --        --     17.3%    20.4%    22.7%       -- 
  A_dice_w64_d5                 --     12.1%    23.3%    19.4%    22.5%    26.5%
  B_cldice                   19.1%    25.7%    16.1%    20.9%    24.6%       -- 
  B_cldice_w32                  --     13.3%    15.9%    20.3%    24.2%       -- 
  B_cldice_w64_d5            11.6%    13.8%    16.8%    19.9%    22.5%    26.9%
  C_boundary                 10.6%    19.9%    15.1%    19.7%    22.2%    27.0%
  D_blurpool                    --     29.0%    17.2%    21.1%    23.8%    28.0%
  E_cbdice                   19.0%    14.8%    17.5%    20.8%    23.7%    28.4%
  F_gated                    46.3%    24.4%    16.7%    21.6%    25.3%       -- 
  G_focal                    18.5%    18.6%    16.7%    21.5%    25.1%       -- 
  H_aug_clw1                 24.2%    30.3%    16.2%    19.6%    22.0%    24.9%
  H_aug_clw2                 46.3%    28.3%    22.5%    19.4%    21.3%    24.5%
  H_aug_clw4                 46.2%    40.4%    17.1%    20.4%    22.4%    26.0%
  H_aug_clw8                 44.9%    37.0%    23.8%    21.4%    23.8%    28.2%
  H_aug_w32                     --        --     29.1%    18.5%    22.1%    24.4%
  H_aug_w64_d5                  --     44.8%    25.9%    18.9%    21.8%    23.6%
  I_coletra                     --     11.7%    15.3%    18.1%    20.2%    24.1%
  J_liot                     17.7%    13.3%    16.8%    23.8%       --        -- 
  K_focal_aug_clw1           44.0%    28.3%    15.9%    19.3%    21.9%    25.4%
  K_focal_aug_clw2           40.7%    31.4%    19.0%    20.0%    22.6%    26.1%
  K_focal_aug_clw4           44.6%    35.4%    16.7%    20.3%    22.6%    26.2%
  K_focal_aug_clw8           37.8%    29.3%    21.5%    22.2%    25.3%    29.8%

  Against A_dice:

  H_aug                      +0.3%    +0.8%    +3.6%    -0.6%    -1.2%    -4.4% 
  K_focal_aug                +9.7%   +10.3%    +2.2%    -0.9%    -1.0%        --
  A_dice_clw1                +9.3%   +10.9%    +0.5%    +0.3%    +0.9%    +0.5% 
  A_dice_clw2                +1.2%    +6.0%    +0.8%    +0.7%    +1.6%    +0.8% 
  A_dice_clw4               +19.6%   +11.9%    +2.3%*   +2.8%    +3.0%        --
  A_dice_clw8               +26.9%*   +7.2%    +3.9%    +4.6%    +5.7%*       --
  A_dice_w32                     --       --   +1.8%    +1.2%    +1.1%        --
  A_dice_w64_d5                  --   -1.1%    +8.0%    +0.6%    +0.5%    -1.9% 
  B_cldice                   +1.1%   +13.2%    +0.8%    +2.0%*   +2.7%        --
  B_cldice_w32                   --   +0.1%    +0.4%    +1.1%    +2.5%        --
  B_cldice_w64_d5            +1.5%    +1.4%    +1.4%    +1.2%    +0.5%    -1.6% 
  C_boundary                 -0.4%    +7.5%    -0.2%    +0.8%    +0.3%    -1.9% 
  D_blurpool                     --  +16.7%    +1.9%*   +2.2%*   +1.9%    +0.2% 
  E_cbdice                  +10.3%    +2.3%    +2.2%*   +1.9%    +1.8%    +0.0% 
  F_gated                   +34.7%   +11.9%    +1.4%    +2.7%*   +3.4%*       --
  G_focal                    +9.5%    +6.1%    +1.5%    +2.6%*   +3.2%*       --
  H_aug_clw1                +20.9%   +23.9%*   +1.1%    -0.1%    -0.6%    -3.6% 
  H_aug_clw2                +41.4%   +18.1%    +7.3%    -0.3%    -1.3%    -4.2% 
  H_aug_clw4                +31.7%   +24.0%    +1.9%    +0.8%    -0.1%    -2.9% 
  H_aug_clw8                +22.7%   +24.2%*   +8.6%*   +1.8%    +1.2%    -0.6% 
  H_aug_w32                      --       --  +13.6%    -0.7%    +0.5%    -3.4% 
  H_aug_w64_d5                   --  +31.6%   +10.7%    +0.2%    -0.2%    -4.9% 
  I_coletra                      --   -1.5%    +0.0%    -0.8%    -1.8%    -4.2% 
  J_liot                     +8.9%    +0.8%    +1.6%    +4.9%*       --       --
  K_focal_aug_clw1          +29.8%   +12.3%    +0.7%    -0.3%    -0.7%    -3.6% 
  K_focal_aug_clw2          +30.3%   +16.9%    +3.8%    +0.3%    -0.0%    -2.6% 
  K_focal_aug_clw4          +31.0%*  +28.1%    +1.6%    +0.7%    +0.0%    -2.0% 
  K_focal_aug_clw8          +21.3%   +18.6%*   +6.3%    +2.6%    +2.8%    +1.5% 

  * passes the seed gate at that Dice.
