train norm mean 0.4177 std 0.1442
[F_gated_s0] epoch  10 loss 0.4298 dice 0.8140 clDice 0.8267 b0err 65.0 95HD 4.57 (9 min)
[F_gated_s0] epoch  20 loss 0.4080 dice 0.8122 clDice 0.8294 b0err 68.3 95HD 4.45 (16 min)
[F_gated_s0] epoch  30 loss 0.3974 dice 0.8160 clDice 0.8302 b0err 58.0 95HD 4.30 (25 min)
[F_gated_s0] epoch  40 loss 0.3889 dice 0.8158 clDice 0.8277 b0err 58.9 95HD 4.51 (35 min)
[F_gated_s0] epoch  50 loss 0.3770 dice 0.8139 clDice 0.8259 b0err 56.4 95HD 4.54 (48 min)
[F_gated_s0] epoch  60 loss 0.3751 dice 0.8114 clDice 0.8260 b0err 60.5 95HD 4.58 (60 min)
[F_gated_s0] epoch  70 loss 0.3682 dice 0.8133 clDice 0.8233 b0err 66.0 95HD 4.58 (73 min)
[F_gated_s0] epoch  80 loss 0.3617 dice 0.8128 clDice 0.8209 b0err 61.0 95HD 4.77 (86 min)
[F_gated_s0] epoch  90 loss 0.3573 dice 0.8139 clDice 0.8220 b0err 58.5 95HD 4.63 (103 min)
[F_gated_s0] epoch 100 loss 0.3552 dice 0.8127 clDice 0.8175 b0err 71.8 95HD 4.51 (117 min)
[F_gated_s0] done in 117 min
[G_focal_s0] epoch  10 loss 0.4263 dice 0.8096 clDice 0.8306 b0err 57.8 95HD 4.92 (10 min)
[G_focal_s0] epoch  20 loss 0.4059 dice 0.8056 clDice 0.8351 b0err 63.2 95HD 4.62 (20 min)
[G_focal_s0] epoch  30 loss 0.3938 dice 0.8027 clDice 0.8434 b0err 49.8 95HD 4.29 (28 min)
[G_focal_s0] epoch  40 loss 0.3860 dice 0.8085 clDice 0.8372 b0err 51.2 95HD 4.35 (34 min)
[G_focal_s0] epoch  50 loss 0.3754 dice 0.8009 clDice 0.8346 b0err 62.6 95HD 4.53 (40 min)
[G_focal_s0] epoch  60 loss 0.3750 dice 0.7984 clDice 0.8335 b0err 62.2 95HD 4.66 (47 min)
[G_focal_s0] epoch  70 loss 0.3663 dice 0.7999 clDice 0.8348 b0err 60.1 95HD 4.51 (53 min)
[G_focal_s0] epoch  80 loss 0.3652 dice 0.8065 clDice 0.8328 b0err 51.6 95HD 4.50 (59 min)
[G_focal_s0] epoch  90 loss 0.3598 dice 0.8058 clDice 0.8319 b0err 56.2 95HD 4.56 (65 min)
[G_focal_s0] epoch 100 loss 0.3564 dice 0.8055 clDice 0.8283 b0err 62.0 95HD 4.46 (71 min)
[G_focal_s0] done in 71 min
[F_gated_s1] epoch  10 loss 0.4334 dice 0.8101 clDice 0.8256 b0err 75.2 95HD 4.74 (8 min)
[F_gated_s1] epoch  20 loss 0.4088 dice 0.8153 clDice 0.8308 b0err 59.5 95HD 4.38 (15 min)
[F_gated_s1] epoch  30 loss 0.3965 dice 0.8117 clDice 0.8263 b0err 65.7 95HD 4.57 (23 min)
[F_gated_s1] epoch  40 loss 0.3814 dice 0.8127 clDice 0.8267 b0err 78.2 95HD 4.25 (31 min)
[F_gated_s1] epoch  50 loss 0.3787 dice 0.8127 clDice 0.8229 b0err 68.5 95HD 4.22 (39 min)
[F_gated_s1] epoch  60 loss 0.3750 dice 0.8113 clDice 0.8258 b0err 67.8 95HD 4.49 (46 min)
[F_gated_s1] epoch  70 loss 0.3665 dice 0.8129 clDice 0.8165 b0err 75.3 95HD 4.47 (54 min)
[F_gated_s1] epoch  80 loss 0.3623 dice 0.8131 clDice 0.8243 b0err 52.5 95HD 4.65 (62 min)
[F_gated_s1] epoch  90 loss 0.3569 dice 0.8119 clDice 0.8208 b0err 63.0 95HD 4.34 (69 min)
[F_gated_s1] epoch 100 loss 0.3583 dice 0.8121 clDice 0.8199 b0err 66.5 95HD 4.34 (77 min)
[F_gated_s1] done in 77 min
[G_focal_s1] epoch  10 loss 0.4290 dice 0.8111 clDice 0.8231 b0err 72.1 95HD 4.47 (6 min)
[G_focal_s1] epoch  20 loss 0.4054 dice 0.8079 clDice 0.8388 b0err 55.7 95HD 4.24 (12 min)
[G_focal_s1] epoch  30 loss 0.3938 dice 0.8112 clDice 0.8343 b0err 56.8 95HD 4.12 (18 min)
[G_focal_s1] epoch  40 loss 0.3793 dice 0.8065 clDice 0.8355 b0err 63.0 95HD 4.23 (24 min)
[G_focal_s1] epoch  50 loss 0.3777 dice 0.8068 clDice 0.8323 b0err 60.1 95HD 4.18 (30 min)
[G_focal_s1] epoch  60 loss 0.3729 dice 0.8086 clDice 0.8318 b0err 58.2 95HD 4.31 (36 min)
[G_focal_s1] epoch  70 loss 0.3616 dice 0.8084 clDice 0.8267 b0err 68.3 95HD 4.40 (42 min)
[G_focal_s1] epoch  80 loss 0.3607 dice 0.8078 clDice 0.8300 b0err 62.1 95HD 4.36 (49 min)
[G_focal_s1] epoch  90 loss 0.3580 dice 0.8081 clDice 0.8278 b0err 56.4 95HD 4.52 (55 min)
[G_focal_s1] epoch 100 loss 0.3546 dice 0.8056 clDice 0.8256 b0err 69.5 95HD 4.42 (61 min)
[G_focal_s1] done in 61 min
[F_gated_s2] epoch  10 loss 0.4252 dice 0.8158 clDice 0.8298 b0err 49.1 95HD 4.71 (8 min)
[F_gated_s2] epoch  20 loss 0.4106 dice 0.8154 clDice 0.8303 b0err 50.6 95HD 4.35 (15 min)
[F_gated_s2] epoch  30 loss 0.3945 dice 0.8160 clDice 0.8322 b0err 48.9 95HD 4.25 (23 min)
[F_gated_s2] epoch  40 loss 0.3824 dice 0.8145 clDice 0.8258 b0err 52.5 95HD 4.39 (31 min)
[F_gated_s2] epoch  50 loss 0.3737 dice 0.8158 clDice 0.8265 b0err 60.9 95HD 4.35 (38 min)
[F_gated_s2] epoch  60 loss 0.3725 dice 0.8150 clDice 0.8204 b0err 57.0 95HD 4.61 (46 min)
[F_gated_s2] epoch  70 loss 0.3648 dice 0.8125 clDice 0.8201 b0err 60.9 95HD 4.45 (54 min)
[F_gated_s2] epoch  80 loss 0.3593 dice 0.8132 clDice 0.8225 b0err 58.2 95HD 4.43 (62 min)
[F_gated_s2] epoch  90 loss 0.3593 dice 0.8142 clDice 0.8179 b0err 62.0 95HD 4.33 (69 min)
[F_gated_s2] epoch 100 loss 0.3570 dice 0.8115 clDice 0.8153 b0err 65.3 95HD 4.35 (77 min)
[F_gated_s2] done in 77 min
[G_focal_s2] epoch  10 loss 0.4212 dice 0.8147 clDice 0.8345 b0err 51.1 95HD 4.48 (6 min)
[G_focal_s2] epoch  20 loss 0.4048 dice 0.8094 clDice 0.8341 b0err 61.5 95HD 4.35 (12 min)
[G_focal_s2] epoch  30 loss 0.3913 dice 0.8108 clDice 0.8345 b0err 55.1 95HD 4.36 (19 min)
[G_focal_s2] epoch  40 loss 0.3810 dice 0.8113 clDice 0.8298 b0err 60.6 95HD 4.32 (25 min)
[G_focal_s2] epoch  50 loss 0.3715 dice 0.8085 clDice 0.8286 b0err 61.1 95HD 4.34 (31 min)
[G_focal_s2] epoch  60 loss 0.3727 dice 0.8126 clDice 0.8252 b0err 59.4 95HD 4.48 (37 min)
[G_focal_s2] epoch  70 loss 0.3626 dice 0.8105 clDice 0.8288 b0err 58.6 95HD 4.37 (43 min)
[G_focal_s2] epoch  80 loss 0.3594 dice 0.8101 clDice 0.8285 b0err 54.0 95HD 4.48 (50 min)
[G_focal_s2] epoch  90 loss 0.3584 dice 0.8129 clDice 0.8238 b0err 59.1 95HD 4.40 (56 min)
[G_focal_s2] epoch 100 loss 0.3548 dice 0.8090 clDice 0.8223 b0err 67.2 95HD 4.49 (62 min)
[G_focal_s2] done in 62 min
