15:51:03 A1: 0/24 runs finished
15:56:03 A1: 2/24 runs finished
16:01:03 A1: 2/24 runs finished
16:06:03 A1: 3/24 runs finished
16:11:03 A1: 4/24 runs finished
16:16:03 A1: 5/24 runs finished
16:21:03 A1: 6/24 runs finished
16:26:03 A1: 7/24 runs finished
16:31:03 A1: 8/24 runs finished
16:36:03 A1: 9/24 runs finished
16:41:03 A1: 10/24 runs finished
16:46:03 A1: 11/24 runs finished
16:51:03 A1: 12/24 runs finished
16:56:03 A1: 13/24 runs finished
17:01:03 A1: 14/24 runs finished
17:06:03 A1: 15/24 runs finished
17:11:03 A1: 16/24 runs finished
17:16:03 A1: 17/24 runs finished
17:21:03 A1: 18/24 runs finished
17:26:04 A1: 19/24 runs finished
17:31:04 A1: 20/24 runs finished
17:36:04 A1: 21/24 runs finished
17:41:04 A1: 21/24 runs finished
17:46:04 A1: 23/24 runs finished
17:51:04 A1: 23/24 runs finished
2026-08-26 17:56:04 A1 complete, 24 runs
kept checkpoints: 240
  K_focal_aug_s5 epoch090.pt done
  K_focal_aug_s5 epoch100.pt done

wrote 4800 rows to /home/ivanchang/ian_mei/exp/results/selection_sweep/checkpoint_scores.csv
  24 runs, 240 checkpoints
=== task A3: checkpoint selection rules ===
240 checkpoints over 24 runs; selection on odd images, ERL reported on even ones

=== A_dice (6 seeds) ===
  rule                                    epochs                      traced    vs (i)      t  gate
  -------------------------------------------------------------------------------------------------
  (i) best Dice [current]                 [30, 20, 30, 10, 30, 10]    32.0%        --     --  reference
                                          gave up 0.00000 Dice on the selection half
  (ii) best betti0 [gameable]             [70, 50, 30, 10, 50, 50]    30.0%    -174.9  -2.36  fails
                                          gave up 0.00247 Dice on the selection half
  (iii) best betti0, Dice within 1sd (0.00086)[30, 20, 30, 10, 30, 30]    30.8%    -110.7  -2.66  fails
                                          gave up 0.00004 Dice on the selection half
  (iii) best betti0, Dice within 2sd (0.00172)[40, 20, 30, 10, 30, 30]    30.1%    -172.0  -3.72  fails
                                          gave up 0.00030 Dice on the selection half
  (iii) best betti0, Dice within 4sd (0.00344)[40, 20, 30, 10, 50, 50]    30.7%    -113.9  -2.90  fails
                                          gave up 0.00108 Dice on the selection half
  (iv) best clDice                        [30, 20, 30, 10, 10, 10]    32.4%     +36.9   1.34  fails
                                          per seed [+0 +0 +0 +0 +221 +0]
                                          gave up 0.00037 Dice on the selection half

=== H_aug (6 seeds) ===
  rule                                    epochs                      traced    vs (i)      t  gate
  -------------------------------------------------------------------------------------------------
  (i) best Dice [current]                 [40, 80, 60, 80, 60, 100]   32.1%        --     --  reference
                                          gave up 0.00000 Dice on the selection half
  (ii) best betti0 [gameable]             [60, 90, 60, 70, 70, 100]   32.8%     +62.1   1.23  fails
                                          per seed [+107 +208 +0 +213 -155 +0]
                                          gave up 0.00086 Dice on the selection half
  (iii) best betti0, Dice within 1sd (0.00086)[70, 60, 60, 100, 70, 100]  32.5%     +42.2   0.69  fails
                                          per seed [-126 +482 +0 +53 -155 +0]
                                          gave up 0.00023 Dice on the selection half
  (iii) best betti0, Dice within 2sd (0.00172)[60, 90, 60, 100, 70, 100]  32.5%     +35.4   0.68  fails
                                          per seed [+107 +208 +0 +53 -155 +0]
                                          gave up 0.00058 Dice on the selection half
  (iii) best betti0, Dice within 4sd (0.00344)[60, 90, 60, 70, 70, 100]   32.8%     +62.1   1.23  fails
                                          per seed [+107 +208 +0 +213 -155 +0]
                                          gave up 0.00086 Dice on the selection half
  (iv) best clDice                        [30, 70, 70, 70, 90, 100]   34.3%    +197.7   3.46  fails
                                          per seed [+234 +676 +139 +213 -76 +0]
                                          gave up 0.00090 Dice on the selection half

=== G_focal (6 seeds) ===
  rule                                    epochs                      traced    vs (i)      t  gate
  -------------------------------------------------------------------------------------------------
  (i) best Dice [current]                 [10, 80, 10, 10, 10, 10]    33.9%        --     --  reference
                                          gave up 0.00000 Dice on the selection half
  (ii) best betti0 [gameable]             [50, 30, 10, 30, 10, 60]    37.6%    +318.4   2.75  fails
                                          per seed [+565 +68 +0 +377 +0 +900]
                                          gave up 0.00415 Dice on the selection half
  (iii) best betti0, Dice within 1sd (0.00086)[10, 40, 10, 10, 10, 10]    33.7%     -18.8  -0.53  fails
                                          gave up 0.00005 Dice on the selection half
  (iii) best betti0, Dice within 2sd (0.00172)[10, 40, 10, 10, 10, 10]    33.7%     -18.8  -0.53  fails
                                          gave up 0.00005 Dice on the selection half
  (iii) best betti0, Dice within 4sd (0.00344)[10, 40, 10, 10, 10, 10]    33.7%     -18.8  -0.53  fails
                                          gave up 0.00005 Dice on the selection half
  (iv) best clDice                        [30, 40, 30, 20, 40, 30]    39.9%    +517.2   4.16  fails
                                          per seed [+541 -113 +495 +808 +809 +563]
                                          gave up 0.00487 Dice on the selection half

=== K_focal_aug (6 seeds) ===
  rule                                    epochs                      traced    vs (i)      t  gate
  -------------------------------------------------------------------------------------------------
  (i) best Dice [current]                 [60, 10, 10, 10, 10, 40]    40.1%        --     --  reference
                                          gave up 0.00000 Dice on the selection half
  (ii) best betti0 [gameable]             [100, 90, 60, 40, 100, 100]  46.4%    +545.7   6.04  HOLDS
                                          gave up 0.00506 Dice on the selection half
  (iii) best betti0, Dice within 1sd (0.00086)[60, 10, 10, 10, 10, 40]    40.1%      +0.0    nan  fails
                                          gave up 0.00000 Dice on the selection half
  (iii) best betti0, Dice within 2sd (0.00172)[60, 10, 10, 10, 10, 50]    40.0%      -4.2  -0.26  fails
                                          gave up 0.00017 Dice on the selection half
  (iii) best betti0, Dice within 4sd (0.00344)[100, 10, 10, 20, 20, 50]   40.9%     +78.0   1.33  fails
                                          per seed [+174 +0 +0 +48 +271 -25]
                                          gave up 0.00143 Dice on the selection half
  (iv) best clDice                        [50, 100, 70, 80, 90, 60]   47.4%    +624.4   6.38  HOLDS
                                          gave up 0.00682 Dice on the selection half

'traced' is the mean fraction of the ground-truth skeleton an
error-free trace covers, on the REPORT half. 'vs (i)' is paired
against the epoch rule (i) chose for the same run, so it isolates
the selection rule and nothing else.
2026-08-26 18:00:19 A3 done
