=== 2026-08-26 20:45:34 taskc gpu=1 15 runs -> exp/results ===
--- 2026-08-26 20:45:34 B_cldice_s6 ---
results -> /home/ivanchang/ian_mei/exp/results
train norm mean 0.4177 std 0.1442
[B_cldice_s6] epoch  10 loss 0.4187 dice 0.8146 clDice 0.8301 b0err 65.7 95HD 4.24 (1 min)
[B_cldice_s6] epoch  20 loss 0.3946 dice 0.8174 clDice 0.8273 b0err 63.0 95HD 4.14 (2 min)
[B_cldice_s6] epoch  30 loss 0.3873 dice 0.8157 clDice 0.8308 b0err 62.4 95HD 4.30 (3 min)
[B_cldice_s6] epoch  40 loss 0.3726 dice 0.8140 clDice 0.8188 b0err 68.0 95HD 4.55 (5 min)
[B_cldice_s6] epoch  50 loss 0.3651 dice 0.8167 clDice 0.8244 b0err 60.9 95HD 4.45 (6 min)
[B_cldice_s6] epoch  60 loss 0.3616 dice 0.8153 clDice 0.8236 b0err 52.3 95HD 4.80 (7 min)
[B_cldice_s6] epoch  70 loss 0.3515 dice 0.8146 clDice 0.8231 b0err 59.3 95HD 4.53 (8 min)
[B_cldice_s6] epoch  80 loss 0.3486 dice 0.8125 clDice 0.8205 b0err 64.2 95HD 4.46 (9 min)
[B_cldice_s6] epoch  90 loss 0.3453 dice 0.8118 clDice 0.8162 b0err 69.5 95HD 4.56 (10 min)
[B_cldice_s6] epoch 100 loss 0.3433 dice 0.8112 clDice 0.8177 b0err 73.8 95HD 4.51 (11 min)
[B_cldice_s6] done in 11 min; best dice 0.8174
--- 2026-08-26 20:57:00 G_focal_s6 ---
results -> /home/ivanchang/ian_mei/exp/results
train norm mean 0.4177 std 0.1442
[G_focal_s6] epoch  10 loss 0.4277 dice 0.8084 clDice 0.8323 b0err 65.3 95HD 4.33 (1 min)
[G_focal_s6] epoch  20 loss 0.4007 dice 0.8060 clDice 0.8396 b0err 52.4 95HD 4.19 (2 min)
[G_focal_s6] epoch  30 loss 0.3958 dice 0.8004 clDice 0.8431 b0err 47.5 95HD 4.20 (3 min)
[G_focal_s6] epoch  40 loss 0.3828 dice 0.8092 clDice 0.8309 b0err 59.2 95HD 4.40 (5 min)
[G_focal_s6] epoch  50 loss 0.3735 dice 0.8078 clDice 0.8367 b0err 50.1 95HD 4.47 (6 min)
[G_focal_s6] epoch  60 loss 0.3700 dice 0.8043 clDice 0.8353 b0err 46.5 95HD 4.77 (7 min)
[G_focal_s6] epoch  70 loss 0.3629 dice 0.8061 clDice 0.8350 b0err 54.5 95HD 4.47 (8 min)
[G_focal_s6] epoch  80 loss 0.3579 dice 0.8068 clDice 0.8303 b0err 55.4 95HD 4.44 (9 min)
[G_focal_s6] epoch  90 loss 0.3569 dice 0.8046 clDice 0.8316 b0err 56.2 95HD 4.54 (10 min)
[G_focal_s6] epoch 100 loss 0.3543 dice 0.8065 clDice 0.8273 b0err 62.5 95HD 4.53 (11 min)
[G_focal_s6] done in 11 min; best dice 0.8092
--- 2026-08-26 21:08:19 A_dice_s7 ---
results -> /home/ivanchang/ian_mei/exp/results
train norm mean 0.4177 std 0.1442
[A_dice_s7] epoch  10 loss 0.4359 dice 0.8178 clDice 0.8294 b0err 78.2 95HD 4.26 (1 min)
[A_dice_s7] epoch  20 loss 0.4172 dice 0.8178 clDice 0.8269 b0err 68.2 95HD 4.25 (2 min)
[A_dice_s7] epoch  30 loss 0.3936 dice 0.8171 clDice 0.8254 b0err 76.8 95HD 4.02 (2 min)
[A_dice_s7] epoch  40 loss 0.3898 dice 0.8163 clDice 0.8226 b0err 79.0 95HD 4.23 (3 min)
[A_dice_s7] epoch  50 loss 0.3815 dice 0.8120 clDice 0.8208 b0err 81.4 95HD 4.50 (4 min)
[A_dice_s7] epoch  60 loss 0.3756 dice 0.8127 clDice 0.8203 b0err 76.7 95HD 4.26 (5 min)
[A_dice_s7] epoch  70 loss 0.3735 dice 0.8150 clDice 0.8181 b0err 74.2 95HD 4.53 (5 min)
[A_dice_s7] epoch  80 loss 0.3633 dice 0.8100 clDice 0.8148 b0err 88.7 95HD 4.41 (6 min)
[A_dice_s7] epoch  90 loss 0.3579 dice 0.8116 clDice 0.8188 b0err 76.8 95HD 4.49 (7 min)
[A_dice_s7] epoch 100 loss 0.3558 dice 0.8109 clDice 0.8168 b0err 92.2 95HD 4.37 (8 min)
[A_dice_s7] done in 8 min; best dice 0.8178
--- 2026-08-26 21:16:15 H_aug_s7 ---
results -> /home/ivanchang/ian_mei/exp/results
train norm mean 0.4177 std 0.1442
[H_aug_s7] epoch  10 loss 0.4623 dice 0.8165 clDice 0.8328 b0err 62.9 95HD 4.07 (1 min)
[H_aug_s7] epoch  20 loss 0.4594 dice 0.8198 clDice 0.8301 b0err 71.8 95HD 3.83 (2 min)
[H_aug_s7] epoch  30 loss 0.4490 dice 0.8185 clDice 0.8324 b0err 68.5 95HD 3.92 (3 min)
[H_aug_s7] epoch  40 loss 0.4427 dice 0.8227 clDice 0.8323 b0err 71.8 95HD 3.66 (4 min)
[H_aug_s7] epoch  50 loss 0.4384 dice 0.8202 clDice 0.8328 b0err 62.0 95HD 3.72 (4 min)
[H_aug_s7] epoch  60 loss 0.4382 dice 0.8205 clDice 0.8315 b0err 69.8 95HD 3.71 (5 min)
[H_aug_s7] epoch  70 loss 0.4379 dice 0.8213 clDice 0.8306 b0err 69.9 95HD 3.66 (6 min)
[H_aug_s7] epoch  80 loss 0.4311 dice 0.8235 clDice 0.8360 b0err 64.3 95HD 3.53 (7 min)
[H_aug_s7] epoch  90 loss 0.4344 dice 0.8229 clDice 0.8324 b0err 63.1 95HD 3.62 (8 min)
[H_aug_s7] epoch 100 loss 0.4363 dice 0.8244 clDice 0.8356 b0err 57.4 95HD 3.61 (9 min)
[H_aug_s7] done in 9 min; best dice 0.8244
--- 2026-08-26 21:25:14 K_focal_aug_s7 ---
results -> /home/ivanchang/ian_mei/exp/results
train norm mean 0.4177 std 0.1442
[K_focal_aug_s7] epoch  10 loss 0.4542 dice 0.7984 clDice 0.8453 b0err 34.0 95HD 5.03 (1 min)
[K_focal_aug_s7] epoch  20 loss 0.4484 dice 0.8039 clDice 0.8460 b0err 46.1 95HD 4.39 (2 min)
[K_focal_aug_s7] epoch  30 loss 0.4365 dice 0.7961 clDice 0.8510 b0err 43.8 95HD 4.21 (4 min)
[K_focal_aug_s7] epoch  40 loss 0.4318 dice 0.8019 clDice 0.8503 b0err 50.4 95HD 3.95 (5 min)
[K_focal_aug_s7] epoch  50 loss 0.4263 dice 0.7968 clDice 0.8502 b0err 40.7 95HD 4.30 (6 min)
[K_focal_aug_s7] epoch  60 loss 0.4260 dice 0.7988 clDice 0.8530 b0err 44.0 95HD 3.98 (7 min)
[K_focal_aug_s7] epoch  70 loss 0.4258 dice 0.8013 clDice 0.8527 b0err 38.5 95HD 4.11 (9 min)
[K_focal_aug_s7] epoch  80 loss 0.4181 dice 0.8009 clDice 0.8525 b0err 38.6 95HD 4.05 (10 min)
[K_focal_aug_s7] epoch  90 loss 0.4226 dice 0.8006 clDice 0.8540 b0err 39.2 95HD 3.86 (11 min)
[K_focal_aug_s7] epoch 100 loss 0.4225 dice 0.7991 clDice 0.8540 b0err 38.4 95HD 3.99 (12 min)
[K_focal_aug_s7] done in 12 min; best dice 0.8039
--- 2026-08-26 21:37:28 B_cldice_s8 ---
results -> /home/ivanchang/ian_mei/exp/results
train norm mean 0.4177 std 0.1442
[B_cldice_s8] epoch  10 loss 0.4180 dice 0.8159 clDice 0.8335 b0err 59.2 95HD 4.64 (1 min)
[B_cldice_s8] epoch  20 loss 0.3949 dice 0.8183 clDice 0.8322 b0err 54.2 95HD 4.44 (2 min)
[B_cldice_s8] epoch  30 loss 0.3803 dice 0.8157 clDice 0.8291 b0err 55.4 95HD 4.25 (3 min)
[B_cldice_s8] epoch  40 loss 0.3679 dice 0.8146 clDice 0.8262 b0err 62.4 95HD 4.11 (5 min)
[B_cldice_s8] epoch  50 loss 0.3660 dice 0.8146 clDice 0.8299 b0err 59.9 95HD 4.22 (6 min)
[B_cldice_s8] epoch  60 loss 0.3580 dice 0.8148 clDice 0.8230 b0err 64.7 95HD 4.39 (7 min)
[B_cldice_s8] epoch  70 loss 0.3518 dice 0.8140 clDice 0.8264 b0err 61.6 95HD 4.35 (8 min)
[B_cldice_s8] epoch  80 loss 0.3506 dice 0.8142 clDice 0.8194 b0err 70.8 95HD 4.33 (9 min)
[B_cldice_s8] epoch  90 loss 0.3480 dice 0.8147 clDice 0.8216 b0err 61.9 95HD 4.36 (10 min)
[B_cldice_s8] epoch 100 loss 0.3396 dice 0.8103 clDice 0.8160 b0err 71.0 95HD 4.31 (11 min)
[B_cldice_s8] done in 11 min; best dice 0.8183
--- 2026-08-26 21:48:53 G_focal_s8 ---
results -> /home/ivanchang/ian_mei/exp/results
train norm mean 0.4177 std 0.1442
[G_focal_s8] epoch  10 loss 0.4266 dice 0.8158 clDice 0.8379 b0err 56.2 95HD 4.37 (1 min)
[G_focal_s8] epoch  20 loss 0.4030 dice 0.8165 clDice 0.8335 b0err 48.8 95HD 4.62 (2 min)
[G_focal_s8] epoch  30 loss 0.3913 dice 0.8121 clDice 0.8338 b0err 55.7 95HD 4.47 (3 min)
[G_focal_s8] epoch  40 loss 0.3794 dice 0.8095 clDice 0.8306 b0err 60.2 95HD 4.25 (4 min)
[G_focal_s8] epoch  50 loss 0.3783 dice 0.8066 clDice 0.8361 b0err 57.2 95HD 4.40 (6 min)
[G_focal_s8] epoch  60 loss 0.3693 dice 0.8136 clDice 0.8290 b0err 57.2 95HD 4.57 (7 min)
[G_focal_s8] epoch  70 loss 0.3618 dice 0.8089 clDice 0.8315 b0err 54.6 95HD 4.47 (8 min)
[G_focal_s8] epoch  80 loss 0.3612 dice 0.8101 clDice 0.8264 b0err 59.8 95HD 4.50 (9 min)
[G_focal_s8] epoch  90 loss 0.3576 dice 0.8123 clDice 0.8263 b0err 51.9 95HD 4.73 (10 min)
[G_focal_s8] epoch 100 loss 0.3520 dice 0.8058 clDice 0.8226 b0err 69.1 95HD 4.69 (11 min)
[G_focal_s8] done in 11 min; best dice 0.8165
--- 2026-08-26 22:00:08 A_dice_s9 ---
results -> /home/ivanchang/ian_mei/exp/results
train norm mean 0.4177 std 0.1442
[A_dice_s9] epoch  10 loss 0.4316 dice 0.8178 clDice 0.8302 b0err 69.7 95HD 4.39 (1 min)
[A_dice_s9] epoch  20 loss 0.4086 dice 0.8185 clDice 0.8267 b0err 70.0 95HD 4.25 (2 min)
[A_dice_s9] epoch  30 loss 0.4011 dice 0.8180 clDice 0.8292 b0err 69.4 95HD 4.14 (2 min)
[A_dice_s9] epoch  40 loss 0.3886 dice 0.8172 clDice 0.8240 b0err 73.4 95HD 4.25 (3 min)
[A_dice_s9] epoch  50 loss 0.3817 dice 0.8164 clDice 0.8243 b0err 70.1 95HD 4.23 (4 min)
[A_dice_s9] epoch  60 loss 0.3773 dice 0.8148 clDice 0.8216 b0err 74.6 95HD 4.29 (5 min)
[A_dice_s9] epoch  70 loss 0.3698 dice 0.8107 clDice 0.8163 b0err 81.4 95HD 4.34 (5 min)
[A_dice_s9] epoch  80 loss 0.3709 dice 0.8129 clDice 0.8167 b0err 82.0 95HD 4.36 (6 min)
[A_dice_s9] epoch  90 loss 0.3638 dice 0.8091 clDice 0.8143 b0err 87.5 95HD 4.58 (7 min)
[A_dice_s9] epoch 100 loss 0.3548 dice 0.8096 clDice 0.8153 b0err 79.0 95HD 4.56 (8 min)
[A_dice_s9] done in 8 min; best dice 0.8185
--- 2026-08-26 22:07:58 H_aug_s9 ---
results -> /home/ivanchang/ian_mei/exp/results
train norm mean 0.4177 std 0.1442
[H_aug_s9] epoch  10 loss 0.4703 dice 0.8186 clDice 0.8300 b0err 78.5 95HD 4.11 (1 min)
[H_aug_s9] epoch  20 loss 0.4548 dice 0.8161 clDice 0.8223 b0err 81.0 95HD 4.04 (2 min)
[H_aug_s9] epoch  30 loss 0.4457 dice 0.8212 clDice 0.8306 b0err 74.8 95HD 3.72 (3 min)
[H_aug_s9] epoch  40 loss 0.4418 dice 0.8220 clDice 0.8344 b0err 61.1 95HD 3.84 (4 min)
[H_aug_s9] epoch  50 loss 0.4398 dice 0.8232 clDice 0.8333 b0err 60.5 95HD 3.74 (4 min)
[H_aug_s9] epoch  60 loss 0.4382 dice 0.8209 clDice 0.8324 b0err 64.0 95HD 3.61 (5 min)
[H_aug_s9] epoch  70 loss 0.4343 dice 0.8211 clDice 0.8300 b0err 65.5 95HD 3.61 (6 min)
[H_aug_s9] epoch  80 loss 0.4307 dice 0.8234 clDice 0.8331 b0err 55.5 95HD 3.94 (7 min)
[H_aug_s9] epoch  90 loss 0.4356 dice 0.8223 clDice 0.8335 b0err 56.1 95HD 3.67 (8 min)
[H_aug_s9] epoch 100 loss 0.4347 dice 0.8222 clDice 0.8345 b0err 60.2 95HD 3.79 (9 min)
[H_aug_s9] done in 9 min; best dice 0.8234
--- 2026-08-26 22:16:57 K_focal_aug_s9 ---
results -> /home/ivanchang/ian_mei/exp/results
train norm mean 0.4177 std 0.1442
[K_focal_aug_s9] epoch  10 loss 0.4627 dice 0.8050 clDice 0.8432 b0err 48.6 95HD 4.71 (1 min)
[K_focal_aug_s9] epoch  20 loss 0.4432 dice 0.8049 clDice 0.8423 b0err 51.2 95HD 4.38 (2 min)
[K_focal_aug_s9] epoch  30 loss 0.4333 dice 0.8031 clDice 0.8477 b0err 41.0 95HD 4.51 (4 min)
[K_focal_aug_s9] epoch  40 loss 0.4293 dice 0.7984 clDice 0.8523 b0err 43.5 95HD 3.95 (5 min)
[K_focal_aug_s9] epoch  50 loss 0.4273 dice 0.8020 clDice 0.8529 b0err 41.0 95HD 4.04 (6 min)
[K_focal_aug_s9] epoch  60 loss 0.4253 dice 0.7995 clDice 0.8535 b0err 36.9 95HD 4.00 (7 min)
[K_focal_aug_s9] epoch  70 loss 0.4208 dice 0.7982 clDice 0.8552 b0err 39.1 95HD 3.92 (9 min)
[K_focal_aug_s9] epoch  80 loss 0.4169 dice 0.8029 clDice 0.8524 b0err 38.0 95HD 4.29 (10 min)
[K_focal_aug_s9] epoch  90 loss 0.4204 dice 0.7975 clDice 0.8552 b0err 38.7 95HD 4.01 (11 min)
[K_focal_aug_s9] epoch 100 loss 0.4203 dice 0.8005 clDice 0.8538 b0err 38.2 95HD 4.00 (12 min)
[K_focal_aug_s9] done in 12 min; best dice 0.8050
--- 2026-08-26 22:28:44 B_cldice_s10 ---
results -> /home/ivanchang/ian_mei/exp/results
train norm mean 0.4177 std 0.1442
[B_cldice_s10] epoch  10 loss 0.4130 dice 0.8158 clDice 0.8286 b0err 64.9 95HD 4.13 (1 min)
[B_cldice_s10] epoch  20 loss 0.3942 dice 0.8185 clDice 0.8279 b0err 54.9 95HD 4.45 (2 min)
[B_cldice_s10] epoch  30 loss 0.3789 dice 0.8173 clDice 0.8319 b0err 53.5 95HD 4.38 (3 min)
[B_cldice_s10] epoch  40 loss 0.3683 dice 0.8149 clDice 0.8260 b0err 67.0 95HD 4.46 (4 min)
[B_cldice_s10] epoch  50 loss 0.3651 dice 0.8142 clDice 0.8246 b0err 64.5 95HD 4.39 (5 min)
[B_cldice_s10] epoch  60 loss 0.3575 dice 0.8136 clDice 0.8235 b0err 66.2 95HD 4.46 (6 min)
[B_cldice_s10] epoch  70 loss 0.3534 dice 0.8137 clDice 0.8252 b0err 69.0 95HD 4.37 (8 min)
[B_cldice_s10] epoch  80 loss 0.3506 dice 0.8128 clDice 0.8194 b0err 71.7 95HD 4.54 (9 min)
[B_cldice_s10] epoch  90 loss 0.3472 dice 0.8126 clDice 0.8212 b0err 70.0 95HD 4.38 (10 min)
[B_cldice_s10] epoch 100 loss 0.3407 dice 0.8130 clDice 0.8201 b0err 62.8 95HD 4.48 (11 min)
[B_cldice_s10] done in 11 min; best dice 0.8185
22:39:36 gpu1 2129MB free, need 3500; waiting
22:44:36 gpu1 2129MB free, need 3500; waiting
22:49:36 gpu1 2129MB free, need 3500; waiting
22:54:36 gpu1 2129MB free, need 3500; waiting
22:59:36 gpu1 2129MB free, need 3500; waiting
23:04:36 gpu1 2129MB free, need 3500; waiting
--- 2026-08-26 23:09:36 G_focal_s10 ---
results -> /home/ivanchang/ian_mei/exp/results
train norm mean 0.4177 std 0.1442
[G_focal_s10] epoch  10 loss 0.4241 dice 0.8057 clDice 0.8348 b0err 59.0 95HD 4.30 (1 min)
[G_focal_s10] epoch  20 loss 0.4020 dice 0.8083 clDice 0.8375 b0err 47.4 95HD 4.27 (2 min)
[G_focal_s10] epoch  30 loss 0.3888 dice 0.8042 clDice 0.8427 b0err 42.9 95HD 4.66 (3 min)
[G_focal_s10] epoch  40 loss 0.3779 dice 0.7989 clDice 0.8402 b0err 51.5 95HD 4.49 (4 min)
[G_focal_s10] epoch  50 loss 0.3758 dice 0.7999 clDice 0.8372 b0err 53.5 95HD 4.53 (5 min)
[G_focal_s10] epoch  60 loss 0.3682 dice 0.7989 clDice 0.8411 b0err 49.5 95HD 4.74 (6 min)
[G_focal_s10] epoch  70 loss 0.3655 dice 0.7990 clDice 0.8379 b0err 51.1 95HD 4.63 (8 min)
[G_focal_s10] epoch  80 loss 0.3640 dice 0.8010 clDice 0.8346 b0err 59.0 95HD 4.63 (9 min)
[G_focal_s10] epoch  90 loss 0.3586 dice 0.8025 clDice 0.8337 b0err 53.4 95HD 4.58 (10 min)
[G_focal_s10] epoch 100 loss 0.3530 dice 0.8029 clDice 0.8312 b0err 51.6 95HD 4.66 (11 min)
[G_focal_s10] done in 11 min; best dice 0.8083
--- 2026-08-26 23:20:29 A_dice_s11 ---
results -> /home/ivanchang/ian_mei/exp/results
train norm mean 0.4177 std 0.1442
[A_dice_s11] epoch  10 loss 0.4360 dice 0.8173 clDice 0.8256 b0err 85.3 95HD 4.30 (1 min)
[A_dice_s11] epoch  20 loss 0.4099 dice 0.8187 clDice 0.8274 b0err 81.8 95HD 4.04 (2 min)
[A_dice_s11] epoch  30 loss 0.3988 dice 0.8178 clDice 0.8246 b0err 79.2 95HD 4.25 (2 min)
[A_dice_s11] epoch  40 loss 0.3875 dice 0.8172 clDice 0.8238 b0err 74.6 95HD 4.32 (3 min)
[A_dice_s11] epoch  50 loss 0.3802 dice 0.8145 clDice 0.8203 b0err 79.7 95HD 4.49 (4 min)
[A_dice_s11] epoch  60 loss 0.3735 dice 0.8156 clDice 0.8203 b0err 71.3 95HD 4.48 (5 min)
[A_dice_s11] epoch  70 loss 0.3708 dice 0.8125 clDice 0.8157 b0err 81.2 95HD 4.47 (5 min)
[A_dice_s11] epoch  80 loss 0.3619 dice 0.8136 clDice 0.8160 b0err 81.8 95HD 4.49 (6 min)
[A_dice_s11] epoch  90 loss 0.3561 dice 0.8123 clDice 0.8147 b0err 81.5 95HD 4.25 (7 min)
[A_dice_s11] epoch 100 loss 0.3600 dice 0.8106 clDice 0.8144 b0err 82.3 95HD 4.44 (8 min)
[A_dice_s11] done in 8 min; best dice 0.8187
--- 2026-08-26 23:28:24 H_aug_s11 ---
results -> /home/ivanchang/ian_mei/exp/results
train norm mean 0.4177 std 0.1442
[H_aug_s11] epoch  10 loss 0.4641 dice 0.8188 clDice 0.8297 b0err 91.8 95HD 3.99 (1 min)
[H_aug_s11] epoch  20 loss 0.4559 dice 0.8190 clDice 0.8302 b0err 70.3 95HD 3.96 (2 min)
[H_aug_s11] epoch  30 loss 0.4477 dice 0.8217 clDice 0.8319 b0err 66.9 95HD 3.88 (2 min)
[H_aug_s11] epoch  40 loss 0.4478 dice 0.8223 clDice 0.8310 b0err 68.2 95HD 3.79 (3 min)
[H_aug_s11] epoch  50 loss 0.4391 dice 0.8232 clDice 0.8337 b0err 74.5 95HD 3.63 (4 min)
[H_aug_s11] epoch  60 loss 0.4379 dice 0.8239 clDice 0.8322 b0err 69.0 95HD 3.75 (5 min)
[H_aug_s11] epoch  70 loss 0.4377 dice 0.8220 clDice 0.8311 b0err 67.5 95HD 3.73 (6 min)
[H_aug_s11] epoch  80 loss 0.4336 dice 0.8224 clDice 0.8331 b0err 75.6 95HD 3.52 (7 min)
[H_aug_s11] epoch  90 loss 0.4370 dice 0.8214 clDice 0.8308 b0err 67.5 95HD 3.51 (8 min)
[H_aug_s11] epoch 100 loss 0.4332 dice 0.8231 clDice 0.8349 b0err 63.0 95HD 3.88 (8 min)
[H_aug_s11] done in 8 min; best dice 0.8239
23:36:54 gpu1 2123MB free, need 3500; waiting
23:41:54 gpu1 2123MB free, need 3500; waiting
23:46:54 gpu1 2123MB free, need 3500; waiting
23:51:54 gpu1 2123MB free, need 3500; waiting
23:56:55 gpu1 2123MB free, need 3500; waiting
00:01:55 gpu1 2541MB free, need 3500; waiting
00:06:55 gpu1 2541MB free, need 3500; waiting
00:11:55 gpu1 2541MB free, need 3500; waiting
00:16:55 gpu1 2541MB free, need 3500; waiting
00:21:55 gpu1 2123MB free, need 3500; waiting
--- 2026-08-27 00:26:55 K_focal_aug_s11 ---
results -> /home/ivanchang/ian_mei/exp/results
train norm mean 0.4177 std 0.1442
[K_focal_aug_s11] epoch  10 loss 0.4569 dice 0.8040 clDice 0.8437 b0err 54.7 95HD 4.33 (1 min)
[K_focal_aug_s11] epoch  20 loss 0.4443 dice 0.8018 clDice 0.8429 b0err 41.5 95HD 4.71 (3 min)
[K_focal_aug_s11] epoch  30 loss 0.4363 dice 0.8014 clDice 0.8504 b0err 46.0 95HD 4.00 (4 min)
[K_focal_aug_s11] epoch  40 loss 0.4330 dice 0.7994 clDice 0.8516 b0err 38.2 95HD 4.07 (5 min)
[K_focal_aug_s11] epoch  50 loss 0.4267 dice 0.8005 clDice 0.8544 b0err 40.9 95HD 3.95 (6 min)
[K_focal_aug_s11] epoch  60 loss 0.4248 dice 0.8010 clDice 0.8544 b0err 39.0 95HD 4.02 (7 min)
[K_focal_aug_s11] epoch  70 loss 0.4243 dice 0.7980 clDice 0.8514 b0err 44.0 95HD 4.11 (9 min)
[K_focal_aug_s11] epoch  80 loss 0.4220 dice 0.7985 clDice 0.8539 b0err 41.0 95HD 3.96 (10 min)
[K_focal_aug_s11] epoch  90 loss 0.4225 dice 0.7977 clDice 0.8548 b0err 40.5 95HD 3.87 (11 min)
[K_focal_aug_s11] epoch 100 loss 0.4197 dice 0.7982 clDice 0.8550 b0err 37.5 95HD 4.03 (12 min)
[K_focal_aug_s11] done in 12 min; best dice 0.8040
=== 2026-08-27 00:39:16 taskc gpu=1 done ===
