=== 2026-08-26 05:30:57 stage=curve shard=0/1 gpu=1 ===
27 runs on this card
--- 2026-08-26 05:31:00 A_dice_s0 ---
train norm mean 0.4177 std 0.1442
[A_dice_s0] already finished, skipping
--- 2026-08-26 05:31:04 A_dice_w32_s0 ---
train norm mean 0.4177 std 0.1442
[A_dice_w32_s0] log.csv is already complete; this rerun writes log_rerun.csv
[A_dice_w32_s0] epoch  10 loss 0.4183 dice 0.8191 clDice 0.8272 b0err 70.9 95HD 4.00 (1 min)
[A_dice_w32_s0] epoch  20 loss 0.3855 dice 0.8143 clDice 0.8169 b0err 93.2 95HD 4.11 (1 min)
[A_dice_w32_s0] epoch  30 loss 0.3634 dice 0.8117 clDice 0.8172 b0err 100.0 95HD 4.48 (2 min)
[A_dice_w32_s0] epoch  40 loss 0.3437 dice 0.8076 clDice 0.8064 b0err 74.8 95HD 4.64 (3 min)
[A_dice_w32_s0] epoch  50 loss 0.3171 dice 0.8089 clDice 0.8094 b0err 89.5 95HD 4.46 (4 min)
[A_dice_w32_s0] epoch  60 loss 0.3121 dice 0.8068 clDice 0.8029 b0err 98.8 95HD 4.53 (4 min)
[A_dice_w32_s0] epoch  70 loss 0.2945 dice 0.8063 clDice 0.8041 b0err 104.2 95HD 4.49 (5 min)
[A_dice_w32_s0] epoch  80 loss 0.2872 dice 0.8008 clDice 0.7965 b0err 101.2 95HD 4.64 (6 min)
[A_dice_w32_s0] epoch  90 loss 0.2777 dice 0.8034 clDice 0.7974 b0err 104.3 95HD 4.64 (6 min)
[A_dice_w32_s0] epoch 100 loss 0.2719 dice 0.8047 clDice 0.7997 b0err 103.5 95HD 4.47 (7 min)
[A_dice_w32_s0] done in 7 min; best dice 0.8191
--- 2026-08-26 05:38:22 B_cldice_s0 ---
train norm mean 0.4177 std 0.1442
[B_cldice_s0] log.csv is already complete; this rerun writes log_rerun.csv
[B_cldice_s0] epoch  10 loss 0.4187 dice 0.8100 clDice 0.8209 b0err 75.2 95HD 4.73 (1 min)
[B_cldice_s0] epoch  20 loss 0.3948 dice 0.8146 clDice 0.8261 b0err 74.6 95HD 4.38 (2 min)
[B_cldice_s0] epoch  30 loss 0.3846 dice 0.8174 clDice 0.8288 b0err 68.5 95HD 4.08 (3 min)
[B_cldice_s0] epoch  40 loss 0.3773 dice 0.8156 clDice 0.8255 b0err 59.4 95HD 4.41 (4 min)
[B_cldice_s0] epoch  50 loss 0.3640 dice 0.8139 clDice 0.8217 b0err 70.3 95HD 4.46 (5 min)
[B_cldice_s0] epoch  60 loss 0.3630 dice 0.8136 clDice 0.8244 b0err 64.5 95HD 4.40 (6 min)
[B_cldice_s0] epoch  70 loss 0.3564 dice 0.8146 clDice 0.8247 b0err 66.5 95HD 4.39 (7 min)
[B_cldice_s0] epoch  80 loss 0.3497 dice 0.8122 clDice 0.8173 b0err 72.2 95HD 4.54 (8 min)
[B_cldice_s0] epoch  90 loss 0.3447 dice 0.8154 clDice 0.8223 b0err 57.9 95HD 4.48 (9 min)
[B_cldice_s0] epoch 100 loss 0.3432 dice 0.8135 clDice 0.8164 b0err 70.4 95HD 4.63 (11 min)
[B_cldice_s0] done in 11 min; best dice 0.8174
--- 2026-08-26 05:49:01 B_cldice_w32_s0 ---
train norm mean 0.4177 std 0.1442
[B_cldice_w32_s0] log.csv is already complete; this rerun writes log_rerun.csv
[B_cldice_w32_s0] epoch  10 loss 0.4014 dice 0.8132 clDice 0.8237 b0err 68.2 95HD 4.45 (1 min)
[B_cldice_w32_s0] epoch  20 loss 0.3706 dice 0.8161 clDice 0.8259 b0err 64.3 95HD 4.28 (2 min)
[B_cldice_w32_s0] epoch  30 loss 0.3489 dice 0.8148 clDice 0.8235 b0err 64.2 95HD 4.37 (3 min)
[B_cldice_w32_s0] epoch  40 loss 0.3294 dice 0.8113 clDice 0.8086 b0err 71.0 95HD 4.22 (4 min)
[B_cldice_w32_s0] epoch  50 loss 0.3088 dice 0.8101 clDice 0.8098 b0err 81.1 95HD 4.24 (5 min)
[B_cldice_w32_s0] epoch  60 loss 0.2974 dice 0.8075 clDice 0.8051 b0err 77.8 95HD 4.27 (6 min)
[B_cldice_w32_s0] epoch  70 loss 0.2840 dice 0.8059 clDice 0.8031 b0err 97.4 95HD 4.37 (7 min)
[B_cldice_w32_s0] epoch  80 loss 0.2729 dice 0.8041 clDice 0.7990 b0err 77.2 95HD 4.63 (9 min)
[B_cldice_w32_s0] epoch  90 loss 0.2641 dice 0.8043 clDice 0.8011 b0err 83.9 95HD 4.46 (10 min)
[B_cldice_w32_s0] epoch 100 loss 0.2624 dice 0.8002 clDice 0.7948 b0err 95.3 95HD 4.49 (11 min)
[B_cldice_w32_s0] done in 11 min; best dice 0.8161
--- 2026-08-26 05:59:51 H_aug_s0 ---
train norm mean 0.4177 std 0.1442
[H_aug_s0] log.csv is already complete; this rerun writes log_rerun.csv
[H_aug_s0] epoch  10 loss 0.4657 dice 0.8177 clDice 0.8320 b0err 83.3 95HD 3.87 (1 min)
[H_aug_s0] epoch  20 loss 0.4496 dice 0.8193 clDice 0.8297 b0err 82.5 95HD 3.87 (2 min)
[H_aug_s0] epoch  30 loss 0.4456 dice 0.8209 clDice 0.8337 b0err 69.3 95HD 3.80 (3 min)
[H_aug_s0] epoch  40 loss 0.4412 dice 0.8224 clDice 0.8297 b0err 61.5 95HD 4.26 (3 min)
[H_aug_s0] epoch  50 loss 0.4403 dice 0.8215 clDice 0.8340 b0err 66.5 95HD 3.72 (4 min)
[H_aug_s0] epoch  60 loss 0.4386 dice 0.8211 clDice 0.8317 b0err 65.5 95HD 4.04 (5 min)
[H_aug_s0] epoch  70 loss 0.4428 dice 0.8227 clDice 0.8305 b0err 62.4 95HD 3.81 (6 min)
[H_aug_s0] epoch  80 loss 0.4311 dice 0.8239 clDice 0.8349 b0err 67.1 95HD 3.60 (7 min)
[H_aug_s0] epoch  90 loss 0.4347 dice 0.8229 clDice 0.8318 b0err 58.6 95HD 3.87 (7 min)
[H_aug_s0] epoch 100 loss 0.4341 dice 0.8221 clDice 0.8318 b0err 61.8 95HD 3.75 (8 min)
[H_aug_s0] done in 8 min; best dice 0.8239
--- 2026-08-26 06:08:14 H_aug_w32_s0 ---
train norm mean 0.4177 std 0.1442
[H_aug_w32_s0] log.csv is already complete; this rerun writes log_rerun.csv
[H_aug_w32_s0] epoch  10 loss 0.4554 dice 0.8204 clDice 0.8333 b0err 54.1 95HD 4.14 (1 min)
[H_aug_w32_s0] epoch  20 loss 0.4389 dice 0.8180 clDice 0.8282 b0err 75.3 95HD 3.83 (2 min)
[H_aug_w32_s0] epoch  30 loss 0.4370 dice 0.8231 clDice 0.8359 b0err 59.1 95HD 3.90 (2 min)
[H_aug_w32_s0] epoch  40 loss 0.4286 dice 0.8236 clDice 0.8315 b0err 58.1 95HD 3.80 (3 min)
[H_aug_w32_s0] epoch  50 loss 0.4279 dice 0.8224 clDice 0.8341 b0err 59.1 95HD 3.63 (4 min)
[H_aug_w32_s0] epoch  60 loss 0.4257 dice 0.8252 clDice 0.8342 b0err 56.5 95HD 3.74 (5 min)
[H_aug_w32_s0] epoch  70 loss 0.4276 dice 0.8243 clDice 0.8319 b0err 57.2 95HD 3.61 (6 min)
[H_aug_w32_s0] epoch  80 loss 0.4174 dice 0.8248 clDice 0.8356 b0err 61.8 95HD 3.45 (7 min)
[H_aug_w32_s0] epoch  90 loss 0.4204 dice 0.8234 clDice 0.8341 b0err 53.8 95HD 3.63 (7 min)
[H_aug_w32_s0] epoch 100 loss 0.4174 dice 0.8235 clDice 0.8352 b0err 56.1 95HD 3.43 (8 min)
[H_aug_w32_s0] done in 8 min; best dice 0.8252
--- 2026-08-26 06:16:41 A_dice_s1 ---
train norm mean 0.4177 std 0.1442
[A_dice_s1] log.csv is already complete; this rerun writes log_rerun.csv
[A_dice_s1] epoch  10 loss 0.4344 dice 0.8134 clDice 0.8198 b0err 94.8 95HD 4.33 (1 min)
[A_dice_s1] epoch  20 loss 0.4127 dice 0.8185 clDice 0.8260 b0err 75.9 95HD 4.08 (1 min)
[A_dice_s1] epoch  30 loss 0.3982 dice 0.8145 clDice 0.8216 b0err 89.0 95HD 4.23 (2 min)
[A_dice_s1] epoch  40 loss 0.3844 dice 0.8152 clDice 0.8201 b0err 86.8 95HD 4.15 (3 min)
[A_dice_s1] epoch  50 loss 0.3833 dice 0.8154 clDice 0.8213 b0err 81.5 95HD 4.18 (4 min)
[A_dice_s1] epoch  60 loss 0.3764 dice 0.8141 clDice 0.8187 b0err 91.0 95HD 4.26 (4 min)
[A_dice_s1] epoch  70 loss 0.3674 dice 0.8129 clDice 0.8162 b0err 89.3 95HD 4.67 (5 min)
[A_dice_s1] epoch  80 loss 0.3648 dice 0.8141 clDice 0.8176 b0err 76.2 95HD 4.45 (6 min)
[A_dice_s1] epoch  90 loss 0.3616 dice 0.8094 clDice 0.8132 b0err 82.1 95HD 4.35 (6 min)
[A_dice_s1] epoch 100 loss 0.3606 dice 0.8079 clDice 0.8100 b0err 112.5 95HD 5.01 (7 min)
[A_dice_s1] done in 7 min; best dice 0.8185
--- 2026-08-26 06:23:54 A_dice_w32_s1 ---
train norm mean 0.4177 std 0.1442
[A_dice_w32_s1] log.csv is already complete; this rerun writes log_rerun.csv
[A_dice_w32_s1] epoch  10 loss 0.4178 dice 0.8147 clDice 0.8208 b0err 82.1 95HD 4.28 (1 min)
[A_dice_w32_s1] epoch  20 loss 0.3826 dice 0.8176 clDice 0.8236 b0err 69.2 95HD 4.35 (1 min)
[A_dice_w32_s1] epoch  30 loss 0.3547 dice 0.8137 clDice 0.8147 b0err 76.3 95HD 4.44 (2 min)
[A_dice_w32_s1] epoch  40 loss 0.3299 dice 0.8110 clDice 0.8107 b0err 92.3 95HD 4.34 (3 min)
[A_dice_w32_s1] epoch  50 loss 0.3182 dice 0.8082 clDice 0.8046 b0err 101.5 95HD 4.28 (4 min)
[A_dice_w32_s1] epoch  60 loss 0.3021 dice 0.8072 clDice 0.8042 b0err 94.9 95HD 4.42 (4 min)
[A_dice_w32_s1] epoch  70 loss 0.2940 dice 0.8027 clDice 0.7980 b0err 93.7 95HD 4.58 (5 min)
[A_dice_w32_s1] epoch  80 loss 0.2849 dice 0.8063 clDice 0.8052 b0err 84.5 95HD 4.41 (6 min)
[A_dice_w32_s1] epoch  90 loss 0.2770 dice 0.8031 clDice 0.7980 b0err 104.4 95HD 4.52 (7 min)
[A_dice_w32_s1] epoch 100 loss 0.2712 dice 0.8031 clDice 0.7981 b0err 104.0 95HD 4.35 (7 min)
[A_dice_w32_s1] done in 7 min; best dice 0.8176
--- 2026-08-26 06:31:19 B_cldice_s1 ---
train norm mean 0.4177 std 0.1442
[B_cldice_s1] log.csv is already complete; this rerun writes log_rerun.csv
[B_cldice_s1] epoch  10 loss 0.4181 dice 0.8133 clDice 0.8261 b0err 80.5 95HD 4.26 (1 min)
[B_cldice_s1] epoch  20 loss 0.3959 dice 0.8156 clDice 0.8324 b0err 62.0 95HD 4.26 (2 min)
[B_cldice_s1] epoch  30 loss 0.3822 dice 0.8139 clDice 0.8236 b0err 71.2 95HD 4.27 (3 min)
[B_cldice_s1] epoch  40 loss 0.3691 dice 0.8147 clDice 0.8274 b0err 61.5 95HD 4.47 (4 min)
[B_cldice_s1] epoch  50 loss 0.3676 dice 0.8080 clDice 0.8268 b0err 65.8 95HD 4.51 (5 min)
[B_cldice_s1] epoch  60 loss 0.3618 dice 0.8113 clDice 0.8256 b0err 68.0 95HD 4.40 (6 min)
[B_cldice_s1] epoch  70 loss 0.3520 dice 0.8134 clDice 0.8189 b0err 67.8 95HD 4.47 (7 min)
[B_cldice_s1] epoch  80 loss 0.3509 dice 0.8116 clDice 0.8195 b0err 59.2 95HD 4.77 (8 min)
[B_cldice_s1] epoch  90 loss 0.3444 dice 0.8121 clDice 0.8199 b0err 64.9 95HD 4.39 (9 min)
[B_cldice_s1] epoch 100 loss 0.3448 dice 0.8119 clDice 0.8188 b0err 74.4 95HD 4.46 (11 min)
[B_cldice_s1] done in 11 min; best dice 0.8156
--- 2026-08-26 06:42:00 B_cldice_w32_s1 ---
train norm mean 0.4177 std 0.1442
[B_cldice_w32_s1] log.csv is already complete; this rerun writes log_rerun.csv
[B_cldice_w32_s1] epoch  10 loss 0.4009 dice 0.8147 clDice 0.8275 b0err 66.2 95HD 4.16 (1 min)
[B_cldice_w32_s1] epoch  20 loss 0.3668 dice 0.8174 clDice 0.8310 b0err 55.0 95HD 4.32 (2 min)
[B_cldice_w32_s1] epoch  30 loss 0.3461 dice 0.8146 clDice 0.8176 b0err 62.0 95HD 4.62 (3 min)
[B_cldice_w32_s1] epoch  40 loss 0.3194 dice 0.8118 clDice 0.8171 b0err 70.5 95HD 4.34 (4 min)
[B_cldice_w32_s1] epoch  50 loss 0.3065 dice 0.8094 clDice 0.8056 b0err 83.7 95HD 4.23 (5 min)
[B_cldice_w32_s1] epoch  60 loss 0.2953 dice 0.8073 clDice 0.8051 b0err 89.1 95HD 4.44 (6 min)
[B_cldice_w32_s1] epoch  70 loss 0.2804 dice 0.8026 clDice 0.7973 b0err 95.4 95HD 4.48 (8 min)
[B_cldice_w32_s1] epoch  80 loss 0.2740 dice 0.8068 clDice 0.8068 b0err 74.7 95HD 4.43 (9 min)
[B_cldice_w32_s1] epoch  90 loss 0.2653 dice 0.8046 clDice 0.8005 b0err 74.3 95HD 4.53 (10 min)
[B_cldice_w32_s1] epoch 100 loss 0.2584 dice 0.8048 clDice 0.8006 b0err 88.5 95HD 4.28 (11 min)
[B_cldice_w32_s1] done in 11 min; best dice 0.8174
--- 2026-08-26 06:52:48 H_aug_s1 ---
train norm mean 0.4177 std 0.1442
[H_aug_s1] log.csv is already complete; this rerun writes log_rerun.csv
[H_aug_s1] epoch  10 loss 0.4703 dice 0.8162 clDice 0.8288 b0err 81.2 95HD 3.98 (1 min)
[H_aug_s1] epoch  20 loss 0.4548 dice 0.8212 clDice 0.8313 b0err 64.2 95HD 4.06 (2 min)
[H_aug_s1] epoch  30 loss 0.4487 dice 0.8193 clDice 0.8257 b0err 72.9 95HD 3.77 (2 min)
[H_aug_s1] epoch  40 loss 0.4397 dice 0.8231 clDice 0.8333 b0err 67.0 95HD 3.92 (3 min)
[H_aug_s1] epoch  50 loss 0.4433 dice 0.8197 clDice 0.8314 b0err 62.0 95HD 3.76 (4 min)
[H_aug_s1] epoch  60 loss 0.4367 dice 0.8226 clDice 0.8320 b0err 69.1 95HD 3.52 (5 min)
[H_aug_s1] epoch  70 loss 0.4376 dice 0.8221 clDice 0.8354 b0err 62.9 95HD 3.65 (6 min)
[H_aug_s1] epoch  80 loss 0.4367 dice 0.8208 clDice 0.8313 b0err 62.5 95HD 3.70 (7 min)
[H_aug_s1] epoch  90 loss 0.4337 dice 0.8220 clDice 0.8312 b0err 56.9 95HD 3.82 (7 min)
[H_aug_s1] epoch 100 loss 0.4301 dice 0.8225 clDice 0.8314 b0err 67.0 95HD 3.61 (8 min)
[H_aug_s1] done in 8 min; best dice 0.8231
--- 2026-08-26 07:01:02 H_aug_w32_s1 ---
train norm mean 0.4177 std 0.1442
[H_aug_w32_s1] log.csv is already complete; this rerun writes log_rerun.csv
[H_aug_w32_s1] epoch  10 loss 0.4581 dice 0.8168 clDice 0.8273 b0err 72.2 95HD 4.13 (1 min)
[H_aug_w32_s1] epoch  20 loss 0.4454 dice 0.8226 clDice 0.8305 b0err 62.6 95HD 3.68 (2 min)
[H_aug_w32_s1] epoch  30 loss 0.4379 dice 0.8201 clDice 0.8271 b0err 60.5 95HD 3.64 (3 min)
[H_aug_w32_s1] epoch  40 loss 0.4283 dice 0.8255 clDice 0.8348 b0err 48.1 95HD 3.99 (3 min)
[H_aug_w32_s1] epoch  50 loss 0.4302 dice 0.8227 clDice 0.8328 b0err 58.8 95HD 3.64 (4 min)
[H_aug_w32_s1] epoch  60 loss 0.4229 dice 0.8261 clDice 0.8352 b0err 51.9 95HD 3.60 (5 min)
[H_aug_w32_s1] epoch  70 loss 0.4228 dice 0.8243 clDice 0.8358 b0err 50.2 95HD 3.74 (6 min)
[H_aug_w32_s1] epoch  80 loss 0.4224 dice 0.8219 clDice 0.8326 b0err 55.5 95HD 3.59 (7 min)
[H_aug_w32_s1] epoch  90 loss 0.4184 dice 0.8226 clDice 0.8300 b0err 52.8 95HD 3.83 (8 min)
[H_aug_w32_s1] epoch 100 loss 0.4143 dice 0.8239 clDice 0.8352 b0err 53.5 95HD 3.54 (8 min)
[H_aug_w32_s1] done in 8 min; best dice 0.8261
--- 2026-08-26 07:09:38 A_dice_s2 ---
train norm mean 0.4177 std 0.1442
[A_dice_s2] log.csv is already complete; this rerun writes log_rerun.csv
[A_dice_s2] epoch  10 loss 0.4284 dice 0.8165 clDice 0.8276 b0err 85.2 95HD 4.14 (1 min)
[A_dice_s2] epoch  20 loss 0.4110 dice 0.8142 clDice 0.8232 b0err 82.0 95HD 4.03 (1 min)
[A_dice_s2] epoch  30 loss 0.3991 dice 0.8182 clDice 0.8258 b0err 77.2 95HD 4.16 (2 min)
[A_dice_s2] epoch  40 loss 0.3869 dice 0.8142 clDice 0.8184 b0err 80.7 95HD 4.21 (3 min)
[A_dice_s2] epoch  50 loss 0.3764 dice 0.8136 clDice 0.8212 b0err 76.8 95HD 4.60 (4 min)
[A_dice_s2] epoch  60 loss 0.3757 dice 0.8136 clDice 0.8156 b0err 76.6 95HD 4.45 (4 min)
[A_dice_s2] epoch  70 loss 0.3692 dice 0.8135 clDice 0.8183 b0err 75.7 95HD 4.32 (5 min)
[A_dice_s2] epoch  80 loss 0.3643 dice 0.8113 clDice 0.8137 b0err 75.7 95HD 4.32 (6 min)
[A_dice_s2] epoch  90 loss 0.3606 dice 0.8100 clDice 0.8113 b0err 85.9 95HD 4.46 (6 min)
[A_dice_s2] epoch 100 loss 0.3583 dice 0.8105 clDice 0.8127 b0err 89.0 95HD 4.56 (7 min)
[A_dice_s2] done in 7 min; best dice 0.8182
--- 2026-08-26 07:16:52 A_dice_w32_s2 ---
train norm mean 0.4177 std 0.1442
[A_dice_w32_s2] log.csv is already complete; this rerun writes log_rerun.csv
[A_dice_w32_s2] epoch  10 loss 0.4105 dice 0.8196 clDice 0.8257 b0err 64.4 95HD 4.42 (1 min)
[A_dice_w32_s2] epoch  20 loss 0.3858 dice 0.8155 clDice 0.8192 b0err 80.5 95HD 4.16 (2 min)
[A_dice_w32_s2] epoch  30 loss 0.3573 dice 0.8146 clDice 0.8171 b0err 78.7 95HD 4.24 (2 min)
[A_dice_w32_s2] epoch  40 loss 0.3368 dice 0.8109 clDice 0.8098 b0err 91.4 95HD 4.53 (3 min)
[A_dice_w32_s2] epoch  50 loss 0.3169 dice 0.8083 clDice 0.8078 b0err 88.1 95HD 4.64 (4 min)
[A_dice_w32_s2] epoch  60 loss 0.3085 dice 0.8039 clDice 0.7971 b0err 98.2 95HD 4.53 (5 min)
[A_dice_w32_s2] epoch  70 loss 0.2928 dice 0.8047 clDice 0.8012 b0err 96.0 95HD 4.52 (5 min)
[A_dice_w32_s2] epoch  80 loss 0.2870 dice 0.8047 clDice 0.8035 b0err 83.5 95HD 4.64 (6 min)
[A_dice_w32_s2] epoch  90 loss 0.2770 dice 0.8023 clDice 0.7978 b0err 97.5 95HD 4.56 (7 min)
[A_dice_w32_s2] epoch 100 loss 0.2718 dice 0.8027 clDice 0.7978 b0err 104.0 95HD 4.58 (8 min)
[A_dice_w32_s2] done in 8 min; best dice 0.8196
--- 2026-08-26 07:24:34 B_cldice_s2 ---
train norm mean 0.4177 std 0.1442
[B_cldice_s2] log.csv is already complete; this rerun writes log_rerun.csv
[B_cldice_s2] epoch  10 loss 0.4124 dice 0.8157 clDice 0.8296 b0err 49.6 95HD 4.76 (1 min)
[B_cldice_s2] epoch  20 loss 0.3973 dice 0.8161 clDice 0.8284 b0err 61.5 95HD 4.24 (2 min)
[B_cldice_s2] epoch  30 loss 0.3827 dice 0.8182 clDice 0.8312 b0err 50.5 95HD 4.42 (3 min)
[B_cldice_s2] epoch  40 loss 0.3704 dice 0.8132 clDice 0.8233 b0err 67.0 95HD 4.42 (4 min)
[B_cldice_s2] epoch  50 loss 0.3617 dice 0.8134 clDice 0.8258 b0err 61.9 95HD 4.51 (5 min)
[B_cldice_s2] epoch  60 loss 0.3608 dice 0.8160 clDice 0.8209 b0err 61.9 95HD 4.68 (6 min)
[B_cldice_s2] epoch  70 loss 0.3539 dice 0.8131 clDice 0.8229 b0err 60.6 95HD 4.69 (7 min)
[B_cldice_s2] epoch  80 loss 0.3490 dice 0.8135 clDice 0.8228 b0err 56.0 95HD 4.56 (8 min)
[B_cldice_s2] epoch  90 loss 0.3518 dice 0.8133 clDice 0.8173 b0err 61.0 95HD 4.49 (9 min)
[B_cldice_s2] epoch 100 loss 0.3446 dice 0.8130 clDice 0.8183 b0err 64.2 95HD 4.56 (11 min)
[B_cldice_s2] done in 11 min; best dice 0.8182
--- 2026-08-26 07:35:13 B_cldice_w32_s2 ---
train norm mean 0.4177 std 0.1442
[B_cldice_w32_s2] log.csv is already complete; this rerun writes log_rerun.csv
[B_cldice_w32_s2] epoch  10 loss 0.3985 dice 0.8152 clDice 0.8271 b0err 62.7 95HD 4.22 (1 min)
[B_cldice_w32_s2] epoch  20 loss 0.3738 dice 0.8152 clDice 0.8250 b0err 66.3 95HD 4.09 (2 min)
[B_cldice_w32_s2] epoch  30 loss 0.3476 dice 0.8133 clDice 0.8197 b0err 68.5 95HD 4.40 (3 min)
[B_cldice_w32_s2] epoch  40 loss 0.3250 dice 0.8098 clDice 0.8119 b0err 76.0 95HD 4.39 (4 min)
[B_cldice_w32_s2] epoch  50 loss 0.3092 dice 0.8094 clDice 0.8114 b0err 70.5 95HD 4.72 (5 min)
[B_cldice_w32_s2] epoch  60 loss 0.2988 dice 0.8048 clDice 0.8015 b0err 76.9 95HD 4.55 (6 min)
[B_cldice_w32_s2] epoch  70 loss 0.2845 dice 0.8053 clDice 0.8009 b0err 81.3 95HD 4.38 (7 min)
[B_cldice_w32_s2] epoch  80 loss 0.2739 dice 0.8053 clDice 0.8046 b0err 76.5 95HD 4.37 (8 min)
[B_cldice_w32_s2] epoch  90 loss 0.2689 dice 0.7994 clDice 0.7958 b0err 87.5 95HD 4.52 (10 min)
[B_cldice_w32_s2] epoch 100 loss 0.2626 dice 0.8003 clDice 0.7953 b0err 97.3 95HD 4.60 (11 min)
[B_cldice_w32_s2] done in 11 min; best dice 0.8152
--- 2026-08-26 07:45:57 H_aug_s2 ---
train norm mean 0.4177 std 0.1442
[H_aug_s2] log.csv is already complete; this rerun writes log_rerun.csv
[H_aug_s2] epoch  10 loss 0.4656 dice 0.8191 clDice 0.8316 b0err 69.3 95HD 4.07 (1 min)
[H_aug_s2] epoch  20 loss 0.4528 dice 0.8156 clDice 0.8267 b0err 75.8 95HD 4.07 (2 min)
[H_aug_s2] epoch  30 loss 0.4445 dice 0.8207 clDice 0.8292 b0err 73.0 95HD 3.66 (2 min)
[H_aug_s2] epoch  40 loss 0.4397 dice 0.8215 clDice 0.8302 b0err 67.7 95HD 3.78 (3 min)
[H_aug_s2] epoch  50 loss 0.4456 dice 0.8219 clDice 0.8309 b0err 67.4 95HD 3.69 (4 min)
[H_aug_s2] epoch  60 loss 0.4345 dice 0.8235 clDice 0.8335 b0err 57.0 95HD 3.74 (5 min)
[H_aug_s2] epoch  70 loss 0.4334 dice 0.8240 clDice 0.8344 b0err 57.8 95HD 3.76 (6 min)
[H_aug_s2] epoch  80 loss 0.4288 dice 0.8208 clDice 0.8300 b0err 64.0 95HD 3.60 (7 min)
[H_aug_s2] epoch  90 loss 0.4308 dice 0.8219 clDice 0.8339 b0err 59.9 95HD 3.59 (7 min)
[H_aug_s2] epoch 100 loss 0.4269 dice 0.8228 clDice 0.8350 b0err 59.0 95HD 3.62 (8 min)
[H_aug_s2] done in 8 min; best dice 0.8240
--- 2026-08-26 07:54:16 H_aug_w32_s2 ---
train norm mean 0.4177 std 0.1442
[H_aug_w32_s2] log.csv is already complete; this rerun writes log_rerun.csv
[H_aug_w32_s2] epoch  10 loss 0.4563 dice 0.8225 clDice 0.8334 b0err 58.8 95HD 4.12 (1 min)
[H_aug_w32_s2] epoch  20 loss 0.4407 dice 0.8204 clDice 0.8298 b0err 62.1 95HD 4.02 (2 min)
[H_aug_w32_s2] epoch  30 loss 0.4336 dice 0.8234 clDice 0.8315 b0err 68.2 95HD 3.54 (3 min)
[H_aug_w32_s2] epoch  40 loss 0.4282 dice 0.8224 clDice 0.8325 b0err 63.0 95HD 3.71 (3 min)
[H_aug_w32_s2] epoch  50 loss 0.4320 dice 0.8235 clDice 0.8315 b0err 66.5 95HD 3.58 (4 min)
[H_aug_w32_s2] epoch  60 loss 0.4219 dice 0.8262 clDice 0.8356 b0err 54.9 95HD 3.63 (5 min)
[H_aug_w32_s2] epoch  70 loss 0.4200 dice 0.8254 clDice 0.8342 b0err 61.5 95HD 3.63 (6 min)
[H_aug_w32_s2] epoch  80 loss 0.4156 dice 0.8223 clDice 0.8312 b0err 64.0 95HD 3.41 (7 min)
[H_aug_w32_s2] epoch  90 loss 0.4159 dice 0.8237 clDice 0.8343 b0err 59.3 95HD 3.56 (8 min)
[H_aug_w32_s2] epoch 100 loss 0.4135 dice 0.8249 clDice 0.8365 b0err 57.0 95HD 3.62 (9 min)
[H_aug_w32_s2] done in 9 min; best dice 0.8262
--- 2026-08-26 08:02:52 A_dice_s3 ---
train norm mean 0.4177 std 0.1442
[A_dice_s3] log.csv is already complete; this rerun writes log_rerun.csv
[A_dice_s3] epoch  10 loss 0.4348 dice 0.8185 clDice 0.8263 b0err 79.2 95HD 3.95 (1 min)
[A_dice_s3] epoch  20 loss 0.4096 dice 0.8161 clDice 0.8247 b0err 76.3 95HD 4.07 (1 min)
[A_dice_s3] epoch  30 loss 0.3966 dice 0.8133 clDice 0.8182 b0err 70.7 95HD 4.55 (2 min)
[A_dice_s3] epoch  40 loss 0.3890 dice 0.8167 clDice 0.8262 b0err 65.7 95HD 4.25 (3 min)
[A_dice_s3] epoch  50 loss 0.3805 dice 0.8157 clDice 0.8209 b0err 76.2 95HD 4.16 (4 min)
[A_dice_s3] epoch  60 loss 0.3751 dice 0.8140 clDice 0.8210 b0err 74.5 95HD 4.39 (4 min)
[A_dice_s3] epoch  70 loss 0.3667 dice 0.8150 clDice 0.8201 b0err 72.2 95HD 4.43 (5 min)
[A_dice_s3] epoch  80 loss 0.3635 dice 0.8125 clDice 0.8155 b0err 83.5 95HD 4.28 (6 min)
[A_dice_s3] epoch  90 loss 0.3588 dice 0.8091 clDice 0.8110 b0err 89.6 95HD 4.44 (7 min)
[A_dice_s3] epoch 100 loss 0.3579 dice 0.8102 clDice 0.8123 b0err 80.2 95HD 4.52 (7 min)
[A_dice_s3] done in 7 min; best dice 0.8185
--- 2026-08-26 08:10:14 B_cldice_s3 ---
train norm mean 0.4177 std 0.1442
[B_cldice_s3] log.csv is already complete; this rerun writes log_rerun.csv
[B_cldice_s3] epoch  10 loss 0.4187 dice 0.8144 clDice 0.8302 b0err 63.8 95HD 4.30 (1 min)
[B_cldice_s3] epoch  20 loss 0.3928 dice 0.8173 clDice 0.8281 b0err 56.9 95HD 4.24 (2 min)
[B_cldice_s3] epoch  30 loss 0.3809 dice 0.8136 clDice 0.8238 b0err 58.0 95HD 4.54 (3 min)
[B_cldice_s3] epoch  40 loss 0.3724 dice 0.8143 clDice 0.8300 b0err 45.2 95HD 4.76 (4 min)
[B_cldice_s3] epoch  50 loss 0.3653 dice 0.8131 clDice 0.8214 b0err 66.5 95HD 4.29 (5 min)
[B_cldice_s3] epoch  60 loss 0.3619 dice 0.8134 clDice 0.8232 b0err 60.5 95HD 4.31 (6 min)
[B_cldice_s3] epoch  70 loss 0.3523 dice 0.8139 clDice 0.8216 b0err 58.6 95HD 4.36 (7 min)
[B_cldice_s3] epoch  80 loss 0.3488 dice 0.8138 clDice 0.8213 b0err 66.5 95HD 4.28 (8 min)
[B_cldice_s3] epoch  90 loss 0.3469 dice 0.8094 clDice 0.8139 b0err 72.6 95HD 4.37 (9 min)
[B_cldice_s3] epoch 100 loss 0.3454 dice 0.8126 clDice 0.8180 b0err 64.8 95HD 4.51 (11 min)
[B_cldice_s3] done in 11 min; best dice 0.8173
--- 2026-08-26 08:20:52 H_aug_s3 ---
train norm mean 0.4177 std 0.1442
[H_aug_s3] log.csv is already complete; this rerun writes log_rerun.csv
[H_aug_s3] epoch  10 loss 0.4643 dice 0.8187 clDice 0.8307 b0err 75.6 95HD 4.01 (1 min)
[H_aug_s3] epoch  20 loss 0.4534 dice 0.8184 clDice 0.8261 b0err 77.5 95HD 3.89 (2 min)
[H_aug_s3] epoch  30 loss 0.4465 dice 0.8184 clDice 0.8263 b0err 74.5 95HD 3.71 (2 min)
[H_aug_s3] epoch  40 loss 0.4476 dice 0.8221 clDice 0.8302 b0err 64.8 95HD 3.90 (3 min)
[H_aug_s3] epoch  50 loss 0.4382 dice 0.8195 clDice 0.8358 b0err 61.1 95HD 3.72 (4 min)
[H_aug_s3] epoch  60 loss 0.4408 dice 0.8194 clDice 0.8295 b0err 63.8 95HD 3.81 (5 min)
[H_aug_s3] epoch  70 loss 0.4387 dice 0.8210 clDice 0.8340 b0err 57.5 95HD 3.73 (6 min)
[H_aug_s3] epoch  80 loss 0.4304 dice 0.8235 clDice 0.8345 b0err 59.9 95HD 3.61 (7 min)
[H_aug_s3] epoch  90 loss 0.4309 dice 0.8215 clDice 0.8321 b0err 72.5 95HD 3.59 (7 min)
[H_aug_s3] epoch 100 loss 0.4283 dice 0.8232 clDice 0.8319 b0err 59.8 95HD 3.70 (8 min)
[H_aug_s3] done in 8 min; best dice 0.8235
--- 2026-08-26 08:29:07 A_dice_s4 ---
train norm mean 0.4177 std 0.1442
[A_dice_s4] log.csv is already complete; this rerun writes log_rerun.csv
[A_dice_s4] epoch  10 loss 0.4292 dice 0.8188 clDice 0.8298 b0err 64.7 95HD 4.35 (1 min)
[A_dice_s4] epoch  20 loss 0.4095 dice 0.8171 clDice 0.8233 b0err 75.5 95HD 4.34 (1 min)
[A_dice_s4] epoch  30 loss 0.3967 dice 0.8191 clDice 0.8260 b0err 71.0 95HD 4.18 (2 min)
[A_dice_s4] epoch  40 loss 0.3884 dice 0.8154 clDice 0.8222 b0err 76.2 95HD 4.21 (3 min)
[A_dice_s4] epoch  50 loss 0.3840 dice 0.8161 clDice 0.8231 b0err 70.6 95HD 4.31 (4 min)
[A_dice_s4] epoch  60 loss 0.3739 dice 0.8144 clDice 0.8194 b0err 82.2 95HD 4.37 (4 min)
[A_dice_s4] epoch  70 loss 0.3750 dice 0.8151 clDice 0.8204 b0err 72.8 95HD 4.39 (5 min)
[A_dice_s4] epoch  80 loss 0.3658 dice 0.8122 clDice 0.8194 b0err 87.5 95HD 4.49 (6 min)
[A_dice_s4] epoch  90 loss 0.3588 dice 0.8115 clDice 0.8148 b0err 80.8 95HD 4.46 (6 min)
[A_dice_s4] epoch 100 loss 0.3580 dice 0.8118 clDice 0.8156 b0err 82.5 95HD 4.46 (7 min)
[A_dice_s4] done in 7 min; best dice 0.8191
--- 2026-08-26 08:36:23 B_cldice_s4 ---
train norm mean 0.4177 std 0.1442
[B_cldice_s4] log.csv is already complete; this rerun writes log_rerun.csv
[B_cldice_s4] epoch  10 loss 0.4137 dice 0.8157 clDice 0.8341 b0err 47.7 95HD 4.66 (1 min)
[B_cldice_s4] epoch  20 loss 0.3942 dice 0.8177 clDice 0.8271 b0err 56.6 95HD 4.46 (2 min)
[B_cldice_s4] epoch  30 loss 0.3803 dice 0.8167 clDice 0.8283 b0err 53.2 95HD 4.57 (3 min)
[B_cldice_s4] epoch  40 loss 0.3718 dice 0.8151 clDice 0.8273 b0err 64.2 95HD 4.16 (4 min)
[B_cldice_s4] epoch  50 loss 0.3639 dice 0.8133 clDice 0.8236 b0err 73.1 95HD 4.49 (5 min)
[B_cldice_s4] epoch  60 loss 0.3577 dice 0.8146 clDice 0.8219 b0err 67.7 95HD 4.29 (6 min)
[B_cldice_s4] epoch  70 loss 0.3541 dice 0.8145 clDice 0.8204 b0err 59.3 95HD 4.66 (7 min)
[B_cldice_s4] epoch  80 loss 0.3497 dice 0.8135 clDice 0.8229 b0err 66.2 95HD 4.32 (8 min)
[B_cldice_s4] epoch  90 loss 0.3426 dice 0.8127 clDice 0.8169 b0err 67.5 95HD 4.37 (9 min)
[B_cldice_s4] epoch 100 loss 0.3405 dice 0.8122 clDice 0.8158 b0err 69.7 95HD 4.34 (10 min)
[B_cldice_s4] done in 10 min; best dice 0.8177
--- 2026-08-26 08:47:00 H_aug_s4 ---
train norm mean 0.4177 std 0.1442
[H_aug_s4] log.csv is already complete; this rerun writes log_rerun.csv
[H_aug_s4] epoch  10 loss 0.4684 dice 0.8170 clDice 0.8320 b0err 71.0 95HD 4.28 (1 min)
[H_aug_s4] epoch  20 loss 0.4578 dice 0.8187 clDice 0.8292 b0err 78.6 95HD 3.75 (2 min)
[H_aug_s4] epoch  30 loss 0.4481 dice 0.8204 clDice 0.8305 b0err 73.3 95HD 3.85 (3 min)
[H_aug_s4] epoch  40 loss 0.4445 dice 0.8190 clDice 0.8305 b0err 67.2 95HD 3.80 (3 min)
[H_aug_s4] epoch  50 loss 0.4389 dice 0.8185 clDice 0.8281 b0err 65.0 95HD 3.92 (4 min)
[H_aug_s4] epoch  60 loss 0.4408 dice 0.8218 clDice 0.8317 b0err 71.8 95HD 3.69 (5 min)
[H_aug_s4] epoch  70 loss 0.4413 dice 0.8211 clDice 0.8324 b0err 60.5 95HD 3.71 (6 min)
[H_aug_s4] epoch  80 loss 0.4343 dice 0.8197 clDice 0.8318 b0err 66.7 95HD 3.82 (7 min)
[H_aug_s4] epoch  90 loss 0.4361 dice 0.8214 clDice 0.8324 b0err 66.0 95HD 3.55 (8 min)
[H_aug_s4] epoch 100 loss 0.4316 dice 0.8207 clDice 0.8317 b0err 63.0 95HD 3.71 (8 min)
[H_aug_s4] done in 8 min; best dice 0.8218
--- 2026-08-26 08:55:29 A_dice_s5 ---
train norm mean 0.4177 std 0.1442
[A_dice_s5] log.csv is already complete; this rerun writes log_rerun.csv
[A_dice_s5] epoch  10 loss 0.4330 dice 0.8165 clDice 0.8289 b0err 83.0 95HD 3.99 (1 min)
[A_dice_s5] epoch  20 loss 0.4136 dice 0.8164 clDice 0.8234 b0err 84.1 95HD 4.04 (2 min)
[A_dice_s5] epoch  30 loss 0.3920 dice 0.8168 clDice 0.8236 b0err 87.3 95HD 4.16 (2 min)
[A_dice_s5] epoch  40 loss 0.3880 dice 0.8162 clDice 0.8253 b0err 71.7 95HD 4.30 (3 min)
[A_dice_s5] epoch  50 loss 0.3813 dice 0.8168 clDice 0.8197 b0err 74.0 95HD 4.41 (4 min)
[A_dice_s5] epoch  60 loss 0.3729 dice 0.8148 clDice 0.8224 b0err 75.0 95HD 4.34 (4 min)
[A_dice_s5] epoch  70 loss 0.3706 dice 0.8137 clDice 0.8183 b0err 81.8 95HD 4.14 (5 min)
[A_dice_s5] epoch  80 loss 0.3686 dice 0.8097 clDice 0.8146 b0err 90.7 95HD 4.31 (6 min)
[A_dice_s5] epoch  90 loss 0.3597 dice 0.8110 clDice 0.8146 b0err 75.0 95HD 4.52 (7 min)
[A_dice_s5] epoch 100 loss 0.3585 dice 0.8108 clDice 0.8125 b0err 83.7 95HD 4.53 (7 min)
[A_dice_s5] done in 7 min; best dice 0.8168
--- 2026-08-26 09:02:57 B_cldice_s5 ---
train norm mean 0.4177 std 0.1442
[B_cldice_s5] log.csv is already complete; this rerun writes log_rerun.csv
[B_cldice_s5] epoch  10 loss 0.4162 dice 0.8158 clDice 0.8346 b0err 63.8 95HD 4.23 (1 min)
[B_cldice_s5] epoch  20 loss 0.3973 dice 0.8152 clDice 0.8263 b0err 69.5 95HD 4.25 (2 min)
[B_cldice_s5] epoch  30 loss 0.3749 dice 0.8177 clDice 0.8249 b0err 72.5 95HD 4.17 (3 min)
[B_cldice_s5] epoch  40 loss 0.3705 dice 0.8146 clDice 0.8265 b0err 59.5 95HD 4.44 (4 min)
[B_cldice_s5] epoch  50 loss 0.3659 dice 0.8153 clDice 0.8263 b0err 57.0 95HD 4.46 (5 min)
[B_cldice_s5] epoch  60 loss 0.3544 dice 0.8123 clDice 0.8278 b0err 58.9 95HD 4.52 (6 min)
[B_cldice_s5] epoch  70 loss 0.3546 dice 0.8137 clDice 0.8212 b0err 71.2 95HD 4.22 (7 min)
[B_cldice_s5] epoch  80 loss 0.3515 dice 0.8103 clDice 0.8175 b0err 79.2 95HD 4.40 (8 min)
[B_cldice_s5] epoch  90 loss 0.3430 dice 0.8120 clDice 0.8151 b0err 60.1 95HD 4.73 (9 min)
[B_cldice_s5] epoch 100 loss 0.3425 dice 0.8117 clDice 0.8158 b0err 71.0 95HD 4.57 (10 min)
[B_cldice_s5] done in 10 min; best dice 0.8177
--- 2026-08-26 09:13:34 H_aug_s5 ---
train norm mean 0.4177 std 0.1442
[H_aug_s5] log.csv is already complete; this rerun writes log_rerun.csv
[H_aug_s5] epoch  10 loss 0.4651 dice 0.8161 clDice 0.8239 b0err 71.8 95HD 4.45 (1 min)
[H_aug_s5] epoch  20 loss 0.4502 dice 0.8174 clDice 0.8300 b0err 79.6 95HD 3.90 (2 min)
[H_aug_s5] epoch  30 loss 0.4462 dice 0.8209 clDice 0.8296 b0err 69.2 95HD 3.74 (2 min)
[H_aug_s5] epoch  40 loss 0.4381 dice 0.8235 clDice 0.8328 b0err 62.9 95HD 3.90 (3 min)
[H_aug_s5] epoch  50 loss 0.4406 dice 0.8237 clDice 0.8318 b0err 62.5 95HD 3.81 (4 min)
[H_aug_s5] epoch  60 loss 0.4376 dice 0.8210 clDice 0.8330 b0err 64.2 95HD 3.71 (5 min)
[H_aug_s5] epoch  70 loss 0.4330 dice 0.8221 clDice 0.8302 b0err 62.9 95HD 3.75 (6 min)
[H_aug_s5] epoch  80 loss 0.4343 dice 0.8214 clDice 0.8308 b0err 63.3 95HD 3.64 (7 min)
[H_aug_s5] epoch  90 loss 0.4344 dice 0.8217 clDice 0.8288 b0err 62.3 95HD 3.77 (8 min)
[H_aug_s5] epoch 100 loss 0.4283 dice 0.8234 clDice 0.8327 b0err 58.3 95HD 3.86 (9 min)
[H_aug_s5] done in 9 min; best dice 0.8237
=== 2026-08-26 09:22:21 stage=curve gpu=1 done, 0 failed ===
