=== 2026-08-27 17:28:51 d1b gpu=1 12 runs -> exp/results/selection_sweep ===
--- 2026-08-27 17:28:51 A_dice_dir_prop_shuf_s0 ---
results -> exp/results/selection_sweep, keeping every validated epoch
train norm mean 0.4177 std 0.1442
[A_dice_dir_prop_shuf_s0] epoch  10 loss 0.5219 dice 0.8158 clDice 0.8270 b0err 70.0 95HD 4.48 (1 min)
[A_dice_dir_prop_shuf_s0] epoch  20 loss 0.4954 dice 0.8182 clDice 0.8257 b0err 79.0 95HD 3.95 (2 min)
[A_dice_dir_prop_shuf_s0] epoch  30 loss 0.4839 dice 0.8186 clDice 0.8284 b0err 64.7 95HD 4.08 (3 min)
[A_dice_dir_prop_shuf_s0] epoch  40 loss 0.4763 dice 0.8167 clDice 0.8226 b0err 67.9 95HD 4.10 (4 min)
[A_dice_dir_prop_shuf_s0] epoch  50 loss 0.4625 dice 0.8170 clDice 0.8260 b0err 67.5 95HD 4.21 (5 min)
[A_dice_dir_prop_shuf_s0] epoch  60 loss 0.4625 dice 0.8165 clDice 0.8254 b0err 65.7 95HD 4.12 (5 min)
[A_dice_dir_prop_shuf_s0] epoch  70 loss 0.4549 dice 0.8152 clDice 0.8209 b0err 65.5 95HD 4.29 (6 min)
[A_dice_dir_prop_shuf_s0] epoch  80 loss 0.4495 dice 0.8147 clDice 0.8195 b0err 70.7 95HD 4.42 (7 min)
[A_dice_dir_prop_shuf_s0] epoch  90 loss 0.4423 dice 0.8131 clDice 0.8176 b0err 69.8 95HD 4.63 (8 min)
[A_dice_dir_prop_shuf_s0] epoch 100 loss 0.4418 dice 0.8133 clDice 0.8168 b0err 72.0 95HD 4.37 (9 min)
[A_dice_dir_prop_shuf_s0] done in 9 min; best dice 0.8186
--- 2026-08-27 17:38:05 H_aug_dir_prop_shuf_s0 ---
results -> exp/results/selection_sweep, keeping every validated epoch
train norm mean 0.4177 std 0.1442
[H_aug_dir_prop_shuf_s0] epoch  10 loss 0.5598 dice 0.8168 clDice 0.8297 b0err 78.9 95HD 4.03 (1 min)
[H_aug_dir_prop_shuf_s0] epoch  20 loss 0.5419 dice 0.8202 clDice 0.8326 b0err 68.8 95HD 3.75 (2 min)
[H_aug_dir_prop_shuf_s0] epoch  30 loss 0.5365 dice 0.8206 clDice 0.8343 b0err 63.0 95HD 3.75 (3 min)
[H_aug_dir_prop_shuf_s0] epoch  40 loss 0.5285 dice 0.8222 clDice 0.8333 b0err 55.4 95HD 4.04 (5 min)
[H_aug_dir_prop_shuf_s0] epoch  50 loss 0.5289 dice 0.8221 clDice 0.8332 b0err 62.9 95HD 3.73 (6 min)
[H_aug_dir_prop_shuf_s0] epoch  60 loss 0.5278 dice 0.8218 clDice 0.8319 b0err 54.8 95HD 3.92 (7 min)
[H_aug_dir_prop_shuf_s0] epoch  70 loss 0.5292 dice 0.8225 clDice 0.8316 b0err 62.3 95HD 3.74 (8 min)
[H_aug_dir_prop_shuf_s0] epoch  80 loss 0.5182 dice 0.8225 clDice 0.8338 b0err 64.9 95HD 3.68 (9 min)
[H_aug_dir_prop_shuf_s0] epoch  90 loss 0.5229 dice 0.8218 clDice 0.8320 b0err 60.2 95HD 3.70 (10 min)
[H_aug_dir_prop_shuf_s0] epoch 100 loss 0.5199 dice 0.8229 clDice 0.8324 b0err 53.9 95HD 3.71 (11 min)
[H_aug_dir_prop_shuf_s0] done in 11 min; best dice 0.8229
--- 2026-08-27 17:49:35 A_dice_dir_prop_shuf_s1 ---
results -> exp/results/selection_sweep, keeping every validated epoch
train norm mean 0.4177 std 0.1442
[A_dice_dir_prop_shuf_s1] epoch  10 loss 0.5247 dice 0.8118 clDice 0.8192 b0err 85.0 95HD 4.61 (1 min)
[A_dice_dir_prop_shuf_s1] epoch  20 loss 0.4983 dice 0.8182 clDice 0.8288 b0err 66.8 95HD 4.27 (2 min)
[A_dice_dir_prop_shuf_s1] epoch  30 loss 0.4828 dice 0.8151 clDice 0.8240 b0err 72.2 95HD 4.18 (3 min)
[A_dice_dir_prop_shuf_s1] epoch  40 loss 0.4684 dice 0.8167 clDice 0.8259 b0err 77.5 95HD 4.10 (4 min)
[A_dice_dir_prop_shuf_s1] epoch  50 loss 0.4673 dice 0.8143 clDice 0.8236 b0err 78.5 95HD 4.30 (5 min)
[A_dice_dir_prop_shuf_s1] epoch  60 loss 0.4613 dice 0.8139 clDice 0.8221 b0err 77.0 95HD 4.31 (5 min)
[A_dice_dir_prop_shuf_s1] epoch  70 loss 0.4505 dice 0.8119 clDice 0.8159 b0err 84.2 95HD 4.51 (6 min)
[A_dice_dir_prop_shuf_s1] epoch  80 loss 0.4494 dice 0.8130 clDice 0.8189 b0err 67.0 95HD 4.49 (7 min)
[A_dice_dir_prop_shuf_s1] epoch  90 loss 0.4442 dice 0.8129 clDice 0.8192 b0err 75.0 95HD 4.32 (8 min)
[A_dice_dir_prop_shuf_s1] epoch 100 loss 0.4435 dice 0.8128 clDice 0.8172 b0err 83.8 95HD 4.37 (9 min)
[A_dice_dir_prop_shuf_s1] done in 9 min; best dice 0.8182
--- 2026-08-27 17:58:48 H_aug_dir_prop_shuf_s1 ---
results -> exp/results/selection_sweep, keeping every validated epoch
train norm mean 0.4177 std 0.1442
[H_aug_dir_prop_shuf_s1] epoch  10 loss 0.5665 dice 0.8168 clDice 0.8280 b0err 79.0 95HD 4.06 (1 min)
[H_aug_dir_prop_shuf_s1] epoch  20 loss 0.5472 dice 0.8205 clDice 0.8308 b0err 59.0 95HD 4.04 (2 min)
[H_aug_dir_prop_shuf_s1] epoch  30 loss 0.5389 dice 0.8204 clDice 0.8295 b0err 64.3 95HD 3.82 (3 min)
[H_aug_dir_prop_shuf_s1] epoch  40 loss 0.5265 dice 0.8235 clDice 0.8329 b0err 54.4 95HD 4.00 (5 min)
[H_aug_dir_prop_shuf_s1] epoch  50 loss 0.5295 dice 0.8215 clDice 0.8323 b0err 61.5 95HD 3.56 (6 min)
[H_aug_dir_prop_shuf_s1] epoch  60 loss 0.5229 dice 0.8241 clDice 0.8343 b0err 57.9 95HD 3.73 (7 min)
[H_aug_dir_prop_shuf_s1] epoch  70 loss 0.5231 dice 0.8227 clDice 0.8355 b0err 59.0 95HD 3.51 (8 min)
[H_aug_dir_prop_shuf_s1] epoch  80 loss 0.5230 dice 0.8201 clDice 0.8319 b0err 54.6 95HD 3.73 (9 min)
[H_aug_dir_prop_shuf_s1] epoch  90 loss 0.5189 dice 0.8219 clDice 0.8326 b0err 55.0 95HD 3.75 (10 min)
[H_aug_dir_prop_shuf_s1] epoch 100 loss 0.5152 dice 0.8217 clDice 0.8328 b0err 64.3 95HD 3.51 (11 min)
[H_aug_dir_prop_shuf_s1] done in 11 min; best dice 0.8241
--- 2026-08-27 18:10:21 A_dice_dir_prop_shuf_s2 ---
results -> exp/results/selection_sweep, keeping every validated epoch
train norm mean 0.4177 std 0.1442
[A_dice_dir_prop_shuf_s2] epoch  10 loss 0.5160 dice 0.8139 clDice 0.8266 b0err 78.8 95HD 4.17 (1 min)
[A_dice_dir_prop_shuf_s2] epoch  20 loss 0.4980 dice 0.8147 clDice 0.8224 b0err 73.3 95HD 4.07 (2 min)
[A_dice_dir_prop_shuf_s2] epoch  30 loss 0.4817 dice 0.8174 clDice 0.8287 b0err 68.5 95HD 4.12 (3 min)
[A_dice_dir_prop_shuf_s2] epoch  40 loss 0.4695 dice 0.8154 clDice 0.8225 b0err 70.8 95HD 4.25 (4 min)
[A_dice_dir_prop_shuf_s2] epoch  50 loss 0.4593 dice 0.8172 clDice 0.8253 b0err 70.3 95HD 4.27 (5 min)
[A_dice_dir_prop_shuf_s2] epoch  60 loss 0.4586 dice 0.8157 clDice 0.8211 b0err 70.6 95HD 4.27 (6 min)
[A_dice_dir_prop_shuf_s2] epoch  70 loss 0.4526 dice 0.8167 clDice 0.8236 b0err 69.0 95HD 4.33 (6 min)
[A_dice_dir_prop_shuf_s2] epoch  80 loss 0.4483 dice 0.8151 clDice 0.8215 b0err 68.0 95HD 4.39 (7 min)
[A_dice_dir_prop_shuf_s2] epoch  90 loss 0.4476 dice 0.8136 clDice 0.8177 b0err 72.7 95HD 4.28 (8 min)
[A_dice_dir_prop_shuf_s2] epoch 100 loss 0.4436 dice 0.8132 clDice 0.8188 b0err 74.7 95HD 4.51 (9 min)
[A_dice_dir_prop_shuf_s2] done in 9 min; best dice 0.8174
--- 2026-08-27 18:19:37 H_aug_dir_prop_shuf_s2 ---
results -> exp/results/selection_sweep, keeping every validated epoch
train norm mean 0.4177 std 0.1442
[H_aug_dir_prop_shuf_s2] epoch  10 loss 0.5637 dice 0.8190 clDice 0.8331 b0err 63.9 95HD 4.16 (1 min)
[H_aug_dir_prop_shuf_s2] epoch  20 loss 0.5438 dice 0.8174 clDice 0.8293 b0err 66.7 95HD 3.93 (2 min)
[H_aug_dir_prop_shuf_s2] epoch  30 loss 0.5365 dice 0.8204 clDice 0.8307 b0err 66.5 95HD 3.79 (3 min)
[H_aug_dir_prop_shuf_s2] epoch  40 loss 0.5305 dice 0.8204 clDice 0.8323 b0err 58.3 95HD 3.77 (5 min)
[H_aug_dir_prop_shuf_s2] epoch  50 loss 0.5346 dice 0.8202 clDice 0.8314 b0err 63.5 95HD 3.80 (6 min)
[H_aug_dir_prop_shuf_s2] epoch  60 loss 0.5227 dice 0.8237 clDice 0.8356 b0err 54.4 95HD 3.82 (7 min)
[H_aug_dir_prop_shuf_s2] epoch  70 loss 0.5203 dice 0.8231 clDice 0.8342 b0err 55.3 95HD 3.60 (8 min)
[H_aug_dir_prop_shuf_s2] epoch  80 loss 0.5169 dice 0.8209 clDice 0.8310 b0err 57.8 95HD 3.53 (9 min)
[H_aug_dir_prop_shuf_s2] epoch  90 loss 0.5164 dice 0.8213 clDice 0.8330 b0err 56.2 95HD 3.82 (10 min)
[H_aug_dir_prop_shuf_s2] epoch 100 loss 0.5138 dice 0.8221 clDice 0.8349 b0err 53.9 95HD 3.66 (11 min)
[H_aug_dir_prop_shuf_s2] done in 11 min; best dice 0.8237
--- 2026-08-27 18:31:15 A_dice_dir_prop_shuf_s3 ---
results -> exp/results/selection_sweep, keeping every validated epoch
train norm mean 0.4177 std 0.1442
[A_dice_dir_prop_shuf_s3] epoch  10 loss 0.5235 dice 0.8163 clDice 0.8274 b0err 75.5 95HD 4.14 (1 min)
[A_dice_dir_prop_shuf_s3] epoch  20 loss 0.4962 dice 0.8167 clDice 0.8250 b0err 70.3 95HD 4.21 (2 min)
[A_dice_dir_prop_shuf_s3] epoch  30 loss 0.4798 dice 0.8168 clDice 0.8251 b0err 69.0 95HD 4.24 (3 min)
[A_dice_dir_prop_shuf_s3] epoch  40 loss 0.4742 dice 0.8158 clDice 0.8266 b0err 65.0 95HD 4.29 (4 min)
[A_dice_dir_prop_shuf_s3] epoch  50 loss 0.4644 dice 0.8175 clDice 0.8253 b0err 69.9 95HD 3.94 (5 min)
[A_dice_dir_prop_shuf_s3] epoch  60 loss 0.4593 dice 0.8149 clDice 0.8224 b0err 76.1 95HD 4.36 (6 min)
[A_dice_dir_prop_shuf_s3] epoch  70 loss 0.4528 dice 0.8160 clDice 0.8235 b0err 72.6 95HD 4.05 (6 min)
[A_dice_dir_prop_shuf_s3] epoch  80 loss 0.4463 dice 0.8144 clDice 0.8202 b0err 80.8 95HD 4.14 (7 min)
[A_dice_dir_prop_shuf_s3] epoch  90 loss 0.4457 dice 0.8111 clDice 0.8157 b0err 87.1 95HD 4.37 (8 min)
[A_dice_dir_prop_shuf_s3] epoch 100 loss 0.4439 dice 0.8130 clDice 0.8171 b0err 73.5 95HD 4.33 (9 min)
[A_dice_dir_prop_shuf_s3] done in 9 min; best dice 0.8175
--- 2026-08-27 18:40:34 H_aug_dir_prop_shuf_s3 ---
results -> exp/results/selection_sweep, keeping every validated epoch
train norm mean 0.4177 std 0.1442
[H_aug_dir_prop_shuf_s3] epoch  10 loss 0.5579 dice 0.8144 clDice 0.8255 b0err 58.4 95HD 5.01 (1 min)
[H_aug_dir_prop_shuf_s3] epoch  20 loss 0.5470 dice 0.8177 clDice 0.8282 b0err 65.8 95HD 4.09 (2 min)
[H_aug_dir_prop_shuf_s3] epoch  30 loss 0.5373 dice 0.8187 clDice 0.8295 b0err 60.6 95HD 3.82 (3 min)
[H_aug_dir_prop_shuf_s3] epoch  40 loss 0.5328 dice 0.8227 clDice 0.8315 b0err 60.2 95HD 4.03 (4 min)
[H_aug_dir_prop_shuf_s3] epoch  50 loss 0.5255 dice 0.8197 clDice 0.8354 b0err 53.9 95HD 3.92 (6 min)
[H_aug_dir_prop_shuf_s3] epoch  60 loss 0.5296 dice 0.8199 clDice 0.8328 b0err 56.8 95HD 3.86 (7 min)
[H_aug_dir_prop_shuf_s3] epoch  70 loss 0.5263 dice 0.8209 clDice 0.8347 b0err 51.8 95HD 3.82 (8 min)
[H_aug_dir_prop_shuf_s3] epoch  80 loss 0.5167 dice 0.8231 clDice 0.8356 b0err 54.1 95HD 3.68 (9 min)
[H_aug_dir_prop_shuf_s3] epoch  90 loss 0.5188 dice 0.8228 clDice 0.8346 b0err 61.6 95HD 3.63 (10 min)
[H_aug_dir_prop_shuf_s3] epoch 100 loss 0.5147 dice 0.8229 clDice 0.8334 b0err 54.8 95HD 3.84 (11 min)
[H_aug_dir_prop_shuf_s3] done in 11 min; best dice 0.8231
--- 2026-08-27 18:51:57 A_dice_dir_prop_shuf_s4 ---
results -> exp/results/selection_sweep, keeping every validated epoch
train norm mean 0.4177 std 0.1442
[A_dice_dir_prop_shuf_s4] epoch  10 loss 0.5184 dice 0.8182 clDice 0.8335 b0err 54.5 95HD 4.34 (1 min)
[A_dice_dir_prop_shuf_s4] epoch  20 loss 0.4969 dice 0.8171 clDice 0.8262 b0err 69.5 95HD 4.16 (2 min)
[A_dice_dir_prop_shuf_s4] epoch  30 loss 0.4827 dice 0.8156 clDice 0.8239 b0err 68.5 95HD 4.27 (3 min)
[A_dice_dir_prop_shuf_s4] epoch  40 loss 0.4751 dice 0.8152 clDice 0.8241 b0err 71.7 95HD 4.34 (4 min)
[A_dice_dir_prop_shuf_s4] epoch  50 loss 0.4630 dice 0.8156 clDice 0.8250 b0err 68.8 95HD 4.44 (5 min)
[A_dice_dir_prop_shuf_s4] epoch  60 loss 0.4556 dice 0.8154 clDice 0.8210 b0err 67.7 95HD 4.38 (6 min)
[A_dice_dir_prop_shuf_s4] epoch  70 loss 0.4579 dice 0.8156 clDice 0.8224 b0err 67.3 95HD 4.20 (6 min)
[A_dice_dir_prop_shuf_s4] epoch  80 loss 0.4511 dice 0.8139 clDice 0.8227 b0err 72.1 95HD 4.43 (7 min)
[A_dice_dir_prop_shuf_s4] epoch  90 loss 0.4439 dice 0.8154 clDice 0.8200 b0err 65.8 95HD 4.33 (8 min)
[A_dice_dir_prop_shuf_s4] epoch 100 loss 0.4417 dice 0.8145 clDice 0.8183 b0err 72.3 95HD 4.28 (9 min)
[A_dice_dir_prop_shuf_s4] done in 9 min; best dice 0.8182
--- 2026-08-27 19:01:18 H_aug_dir_prop_shuf_s4 ---
results -> exp/results/selection_sweep, keeping every validated epoch
train norm mean 0.4177 std 0.1442
[H_aug_dir_prop_shuf_s4] epoch  10 loss 0.5618 dice 0.8188 clDice 0.8324 b0err 62.5 95HD 4.26 (1 min)
[H_aug_dir_prop_shuf_s4] epoch  20 loss 0.5510 dice 0.8182 clDice 0.8319 b0err 65.6 95HD 3.83 (2 min)
[H_aug_dir_prop_shuf_s4] epoch  30 loss 0.5386 dice 0.8209 clDice 0.8310 b0err 70.3 95HD 3.76 (3 min)
[H_aug_dir_prop_shuf_s4] epoch  40 loss 0.5323 dice 0.8215 clDice 0.8338 b0err 58.6 95HD 3.93 (5 min)
[H_aug_dir_prop_shuf_s4] epoch  50 loss 0.5254 dice 0.8198 clDice 0.8302 b0err 53.8 95HD 3.97 (6 min)
[H_aug_dir_prop_shuf_s4] epoch  60 loss 0.5297 dice 0.8214 clDice 0.8338 b0err 71.5 95HD 3.64 (7 min)
[H_aug_dir_prop_shuf_s4] epoch  70 loss 0.5283 dice 0.8230 clDice 0.8345 b0err 55.1 95HD 3.67 (8 min)
[H_aug_dir_prop_shuf_s4] epoch  80 loss 0.5195 dice 0.8206 clDice 0.8337 b0err 59.1 95HD 3.77 (9 min)
[H_aug_dir_prop_shuf_s4] epoch  90 loss 0.5211 dice 0.8211 clDice 0.8339 b0err 59.0 95HD 3.63 (10 min)
[H_aug_dir_prop_shuf_s4] epoch 100 loss 0.5169 dice 0.8227 clDice 0.8355 b0err 53.5 95HD 3.60 (11 min)
[H_aug_dir_prop_shuf_s4] done in 11 min; best dice 0.8230
--- 2026-08-27 19:12:43 A_dice_dir_prop_shuf_s5 ---
results -> exp/results/selection_sweep, keeping every validated epoch
train norm mean 0.4177 std 0.1442
[A_dice_dir_prop_shuf_s5] epoch  10 loss 0.5216 dice 0.8165 clDice 0.8300 b0err 75.0 95HD 4.13 (1 min)
[A_dice_dir_prop_shuf_s5] epoch  20 loss 0.4995 dice 0.8153 clDice 0.8244 b0err 72.0 95HD 4.26 (2 min)
[A_dice_dir_prop_shuf_s5] epoch  30 loss 0.4745 dice 0.8161 clDice 0.8251 b0err 85.0 95HD 4.25 (3 min)
[A_dice_dir_prop_shuf_s5] epoch  40 loss 0.4712 dice 0.8158 clDice 0.8259 b0err 67.2 95HD 4.27 (4 min)
[A_dice_dir_prop_shuf_s5] epoch  50 loss 0.4659 dice 0.8172 clDice 0.8237 b0err 70.2 95HD 4.17 (5 min)
[A_dice_dir_prop_shuf_s5] epoch  60 loss 0.4547 dice 0.8148 clDice 0.8262 b0err 68.7 95HD 4.24 (6 min)
[A_dice_dir_prop_shuf_s5] epoch  70 loss 0.4550 dice 0.8131 clDice 0.8205 b0err 66.7 95HD 4.35 (6 min)
[A_dice_dir_prop_shuf_s5] epoch  80 loss 0.4503 dice 0.8138 clDice 0.8212 b0err 74.4 95HD 4.20 (7 min)
[A_dice_dir_prop_shuf_s5] epoch  90 loss 0.4422 dice 0.8137 clDice 0.8193 b0err 66.8 95HD 4.46 (8 min)
[A_dice_dir_prop_shuf_s5] epoch 100 loss 0.4414 dice 0.8123 clDice 0.8182 b0err 73.3 95HD 4.41 (9 min)
[A_dice_dir_prop_shuf_s5] done in 9 min; best dice 0.8172
--- 2026-08-27 19:22:05 H_aug_dir_prop_shuf_s5 ---
results -> exp/results/selection_sweep, keeping every validated epoch
train norm mean 0.4177 std 0.1442
[H_aug_dir_prop_shuf_s5] epoch  10 loss 0.5609 dice 0.8137 clDice 0.8238 b0err 72.8 95HD 4.40 (1 min)
[H_aug_dir_prop_shuf_s5] epoch  20 loss 0.5427 dice 0.8186 clDice 0.8297 b0err 60.5 95HD 4.06 (2 min)
[H_aug_dir_prop_shuf_s5] epoch  30 loss 0.5352 dice 0.8200 clDice 0.8312 b0err 61.0 95HD 3.80 (3 min)
[H_aug_dir_prop_shuf_s5] epoch  40 loss 0.5286 dice 0.8230 clDice 0.8353 b0err 56.2 95HD 3.90 (5 min)
[H_aug_dir_prop_shuf_s5] epoch  50 loss 0.5291 dice 0.8240 clDice 0.8322 b0err 56.9 95HD 3.78 (6 min)
[H_aug_dir_prop_shuf_s5] epoch  60 loss 0.5253 dice 0.8203 clDice 0.8322 b0err 60.0 95HD 3.72 (7 min)
[H_aug_dir_prop_shuf_s5] epoch  70 loss 0.5194 dice 0.8224 clDice 0.8335 b0err 53.7 95HD 3.80 (8 min)
[H_aug_dir_prop_shuf_s5] epoch  80 loss 0.5237 dice 0.8214 clDice 0.8326 b0err 51.8 95HD 3.66 (9 min)
[H_aug_dir_prop_shuf_s5] epoch  90 loss 0.5224 dice 0.8223 clDice 0.8316 b0err 52.4 95HD 3.77 (10 min)
[H_aug_dir_prop_shuf_s5] epoch 100 loss 0.5151 dice 0.8238 clDice 0.8359 b0err 49.6 95HD 3.82 (11 min)
[H_aug_dir_prop_shuf_s5] done in 11 min; best dice 0.8240
=== 2026-08-27 19:33:32 d1b gpu=1 done ===
=== 2026-08-27 21:55:03 d1b gpu=1 36 runs -> exp/results/selection_sweep ===
21:55:03 gpu1 2547MB free, need 3500; waiting
