=== 2026-08-27 05:02:38 d1e gpu=0 6 runs -> exp/results/selection_sweep ===
--- 2026-08-27 05:02:38 A_dice_clw_s0 ---
results -> exp/results/selection_sweep, keeping every validated epoch
train norm mean 0.4177 std 0.1442
[A_dice_clw_s0] epoch  10 loss 0.5973 dice 0.8143 clDice 0.8223 b0err 86.5 95HD 4.18 (1 min)
[A_dice_clw_s0] epoch  20 loss 0.5640 dice 0.8138 clDice 0.8192 b0err 97.2 95HD 4.35 (2 min)
[A_dice_clw_s0] epoch  30 loss 0.5464 dice 0.8140 clDice 0.8216 b0err 88.4 95HD 4.64 (2 min)
[A_dice_clw_s0] epoch  40 loss 0.5329 dice 0.8127 clDice 0.8139 b0err 91.2 95HD 4.58 (3 min)
[A_dice_clw_s0] epoch  50 loss 0.5162 dice 0.8101 clDice 0.8156 b0err 96.2 95HD 4.50 (4 min)
[A_dice_clw_s0] epoch  60 loss 0.5104 dice 0.8054 clDice 0.8075 b0err 118.9 95HD 5.28 (5 min)
[A_dice_clw_s0] epoch  70 loss 0.5021 dice 0.8108 clDice 0.8146 b0err 99.5 95HD 4.49 (6 min)
[A_dice_clw_s0] epoch  80 loss 0.4942 dice 0.8096 clDice 0.8134 b0err 86.8 95HD 4.62 (6 min)
[A_dice_clw_s0] epoch  90 loss 0.4898 dice 0.8097 clDice 0.8135 b0err 92.5 95HD 4.63 (7 min)
[A_dice_clw_s0] epoch 100 loss 0.4859 dice 0.8084 clDice 0.8099 b0err 99.1 95HD 4.73 (8 min)
[A_dice_clw_s0] done in 8 min; best dice 0.8143
--- 2026-08-27 05:10:41 A_dice_clw_s1 ---
results -> exp/results/selection_sweep, keeping every validated epoch
train norm mean 0.4177 std 0.1442
[A_dice_clw_s1] epoch  10 loss 0.6020 dice 0.8118 clDice 0.8206 b0err 96.0 95HD 4.16 (1 min)
[A_dice_clw_s1] epoch  20 loss 0.5658 dice 0.8149 clDice 0.8257 b0err 82.2 95HD 4.29 (2 min)
[A_dice_clw_s1] epoch  30 loss 0.5464 dice 0.8115 clDice 0.8181 b0err 92.7 95HD 4.40 (2 min)
[A_dice_clw_s1] epoch  40 loss 0.5251 dice 0.8127 clDice 0.8186 b0err 98.2 95HD 4.38 (3 min)
[A_dice_clw_s1] epoch  50 loss 0.5199 dice 0.8124 clDice 0.8167 b0err 94.8 95HD 4.37 (4 min)
[A_dice_clw_s1] epoch  60 loss 0.5136 dice 0.8090 clDice 0.8118 b0err 105.7 95HD 4.82 (5 min)
[A_dice_clw_s1] epoch  70 loss 0.4998 dice 0.8089 clDice 0.8102 b0err 110.4 95HD 4.60 (6 min)
[A_dice_clw_s1] epoch  80 loss 0.4956 dice 0.8101 clDice 0.8130 b0err 91.4 95HD 4.37 (6 min)
[A_dice_clw_s1] epoch  90 loss 0.4903 dice 0.8069 clDice 0.8091 b0err 95.8 95HD 4.49 (7 min)
[A_dice_clw_s1] epoch 100 loss 0.4871 dice 0.8095 clDice 0.8114 b0err 95.4 95HD 4.40 (8 min)
[A_dice_clw_s1] done in 8 min; best dice 0.8149
--- 2026-08-27 05:18:43 A_dice_clw_s2 ---
results -> exp/results/selection_sweep, keeping every validated epoch
train norm mean 0.4177 std 0.1442
[A_dice_clw_s2] epoch  10 loss 0.5934 dice 0.8161 clDice 0.8276 b0err 86.7 95HD 3.99 (1 min)
[A_dice_clw_s2] epoch  20 loss 0.5679 dice 0.8139 clDice 0.8221 b0err 81.3 95HD 3.97 (2 min)
[A_dice_clw_s2] epoch  30 loss 0.5436 dice 0.8143 clDice 0.8240 b0err 95.3 95HD 4.21 (2 min)
[A_dice_clw_s2] epoch  40 loss 0.5288 dice 0.8137 clDice 0.8208 b0err 87.6 95HD 4.24 (3 min)
[A_dice_clw_s2] epoch  50 loss 0.5148 dice 0.8111 clDice 0.8170 b0err 104.0 95HD 4.54 (4 min)
[A_dice_clw_s2] epoch  60 loss 0.5134 dice 0.8123 clDice 0.8144 b0err 92.9 95HD 4.50 (5 min)
[A_dice_clw_s2] epoch  70 loss 0.5035 dice 0.8116 clDice 0.8173 b0err 89.0 95HD 4.44 (6 min)
[A_dice_clw_s2] epoch  80 loss 0.4968 dice 0.8088 clDice 0.8125 b0err 98.9 95HD 4.64 (6 min)
[A_dice_clw_s2] epoch  90 loss 0.4933 dice 0.8063 clDice 0.8066 b0err 110.5 95HD 4.80 (7 min)
[A_dice_clw_s2] epoch 100 loss 0.4890 dice 0.8092 clDice 0.8145 b0err 102.8 95HD 4.73 (8 min)
[A_dice_clw_s2] done in 8 min; best dice 0.8161
--- 2026-08-27 05:26:44 A_dice_clw_s3 ---
results -> exp/results/selection_sweep, keeping every validated epoch
train norm mean 0.4177 std 0.1442
[A_dice_clw_s3] epoch  10 loss 0.6046 dice 0.8186 clDice 0.8270 b0err 71.1 95HD 4.12 (1 min)
[A_dice_clw_s3] epoch  20 loss 0.5623 dice 0.8158 clDice 0.8242 b0err 83.0 95HD 4.01 (2 min)
[A_dice_clw_s3] epoch  30 loss 0.5451 dice 0.8129 clDice 0.8211 b0err 86.8 95HD 4.04 (2 min)
[A_dice_clw_s3] epoch  40 loss 0.5298 dice 0.8135 clDice 0.8240 b0err 81.8 95HD 4.22 (3 min)
[A_dice_clw_s3] epoch  50 loss 0.5190 dice 0.8125 clDice 0.8186 b0err 85.8 95HD 4.14 (4 min)
[A_dice_clw_s3] epoch  60 loss 0.5132 dice 0.8106 clDice 0.8181 b0err 90.8 95HD 4.54 (5 min)
[A_dice_clw_s3] epoch  70 loss 0.5024 dice 0.8116 clDice 0.8126 b0err 100.4 95HD 4.51 (6 min)
[A_dice_clw_s3] epoch  80 loss 0.4954 dice 0.8111 clDice 0.8157 b0err 100.2 95HD 4.43 (6 min)
[A_dice_clw_s3] epoch  90 loss 0.4918 dice 0.8107 clDice 0.8120 b0err 94.3 95HD 4.62 (7 min)
[A_dice_clw_s3] epoch 100 loss 0.4876 dice 0.8092 clDice 0.8108 b0err 97.5 95HD 4.68 (8 min)
[A_dice_clw_s3] done in 8 min; best dice 0.8186
--- 2026-08-27 05:34:46 A_dice_clw_s4 ---
results -> exp/results/selection_sweep, keeping every validated epoch
train norm mean 0.4177 std 0.1442
[A_dice_clw_s4] epoch  10 loss 0.5921 dice 0.8162 clDice 0.8298 b0err 71.9 95HD 4.25 (1 min)
[A_dice_clw_s4] epoch  20 loss 0.5629 dice 0.8159 clDice 0.8210 b0err 86.7 95HD 4.30 (2 min)
[A_dice_clw_s4] epoch  30 loss 0.5417 dice 0.8154 clDice 0.8230 b0err 91.0 95HD 4.33 (2 min)
[A_dice_clw_s4] epoch  40 loss 0.5284 dice 0.8129 clDice 0.8203 b0err 87.1 95HD 4.40 (3 min)
[A_dice_clw_s4] epoch  50 loss 0.5156 dice 0.8101 clDice 0.8179 b0err 98.0 95HD 4.64 (4 min)
[A_dice_clw_s4] epoch  60 loss 0.5077 dice 0.8123 clDice 0.8186 b0err 80.8 95HD 4.44 (5 min)
[A_dice_clw_s4] epoch  70 loss 0.5041 dice 0.8123 clDice 0.8170 b0err 85.3 95HD 4.45 (6 min)
[A_dice_clw_s4] epoch  80 loss 0.4958 dice 0.8096 clDice 0.8153 b0err 99.5 95HD 4.50 (6 min)
[A_dice_clw_s4] epoch  90 loss 0.4877 dice 0.8099 clDice 0.8142 b0err 88.3 95HD 4.47 (7 min)
[A_dice_clw_s4] epoch 100 loss 0.4839 dice 0.8077 clDice 0.8113 b0err 96.8 95HD 4.47 (8 min)
[A_dice_clw_s4] done in 8 min; best dice 0.8162
--- 2026-08-27 05:42:47 A_dice_clw_s5 ---
results -> exp/results/selection_sweep, keeping every validated epoch
train norm mean 0.4177 std 0.1442
[A_dice_clw_s5] epoch  10 loss 0.5979 dice 0.8159 clDice 0.8257 b0err 95.2 95HD 4.19 (1 min)
[A_dice_clw_s5] epoch  20 loss 0.5674 dice 0.8128 clDice 0.8210 b0err 99.7 95HD 4.18 (2 min)
[A_dice_clw_s5] epoch  30 loss 0.5356 dice 0.8147 clDice 0.8197 b0err 98.2 95HD 4.53 (2 min)
[A_dice_clw_s5] epoch  40 loss 0.5249 dice 0.8137 clDice 0.8217 b0err 75.6 95HD 4.68 (3 min)
[A_dice_clw_s5] epoch  50 loss 0.5162 dice 0.8140 clDice 0.8196 b0err 77.0 95HD 4.61 (4 min)
[A_dice_clw_s5] epoch  60 loss 0.5042 dice 0.8110 clDice 0.8174 b0err 83.2 95HD 4.82 (5 min)
[A_dice_clw_s5] epoch  70 loss 0.5040 dice 0.8089 clDice 0.8145 b0err 82.0 95HD 4.68 (6 min)
[A_dice_clw_s5] epoch  80 loss 0.4972 dice 0.8077 clDice 0.8098 b0err 105.3 95HD 4.84 (6 min)
[A_dice_clw_s5] epoch  90 loss 0.4868 dice 0.8097 clDice 0.8121 b0err 85.2 95HD 4.80 (7 min)
[A_dice_clw_s5] epoch 100 loss 0.4867 dice 0.8091 clDice 0.8109 b0err 100.2 95HD 4.76 (8 min)
[A_dice_clw_s5] done in 8 min; best dice 0.8159
=== 2026-08-27 05:50:52 d1e gpu=0 done ===
