=== 2026-08-26 18:01:34 taskb gpu=1 7 runs -> exp/results/selection_sweep_31m ===
--- 2026-08-26 18:01:34 B_cldice_w64_d5_s0 ---
results -> exp/results/selection_sweep_31m, keeping every validated epoch
train norm mean 0.4177 std 0.1442
[B_cldice_w64_d5_s0] epoch  10 loss 0.3991 dice 0.8150 clDice 0.8264 b0err 59.5 95HD 4.81 (2 min)
[B_cldice_w64_d5_s0] epoch  20 loss 0.3698 dice 0.8199 clDice 0.8249 b0err 57.3 95HD 4.20 (3 min)
[B_cldice_w64_d5_s0] epoch  30 loss 0.3458 dice 0.8189 clDice 0.8298 b0err 52.3 95HD 4.33 (5 min)
[B_cldice_w64_d5_s0] epoch  40 loss 0.3116 dice 0.8133 clDice 0.8101 b0err 95.0 95HD 4.11 (6 min)
[B_cldice_w64_d5_s0] epoch  50 loss 0.2774 dice 0.8109 clDice 0.8085 b0err 106.1 95HD 3.98 (8 min)
[B_cldice_w64_d5_s0] epoch  60 loss 0.2570 dice 0.8083 clDice 0.8049 b0err 96.0 95HD 3.97 (10 min)
[B_cldice_w64_d5_s0] epoch  70 loss 0.2272 dice 0.7955 clDice 0.7828 b0err 173.7 95HD 4.72 (11 min)
[B_cldice_w64_d5_s0] epoch  80 loss 0.2078 dice 0.7994 clDice 0.7905 b0err 120.0 95HD 4.17 (13 min)
[B_cldice_w64_d5_s0] epoch  90 loss 0.1901 dice 0.8000 clDice 0.7916 b0err 124.8 95HD 4.31 (14 min)
[B_cldice_w64_d5_s0] epoch 100 loss 0.1819 dice 0.8002 clDice 0.7951 b0err 110.2 95HD 4.43 (16 min)
[B_cldice_w64_d5_s0] done in 16 min; best dice 0.8199
--- 2026-08-26 18:17:47 A_dice_w64_d5_s1 ---
results -> exp/results/selection_sweep_31m, keeping every validated epoch
train norm mean 0.4177 std 0.1442
[A_dice_w64_d5_s1] epoch  10 loss 0.4209 dice 0.8197 clDice 0.8273 b0err 67.7 95HD 4.37 (1 min)
[A_dice_w64_d5_s1] epoch  20 loss 0.3846 dice 0.8218 clDice 0.8272 b0err 65.6 95HD 4.49 (3 min)
[A_dice_w64_d5_s1] epoch  30 loss 0.3496 dice 0.8145 clDice 0.8149 b0err 83.9 95HD 4.17 (4 min)
[A_dice_w64_d5_s1] epoch  40 loss 0.3129 dice 0.8135 clDice 0.8147 b0err 88.0 95HD 4.08 (5 min)
[A_dice_w64_d5_s1] epoch  50 loss 0.2864 dice 0.8059 clDice 0.8031 b0err 137.4 95HD 4.19 (7 min)
[A_dice_w64_d5_s1] epoch  60 loss 0.2624 dice 0.8067 clDice 0.8010 b0err 136.1 95HD 3.93 (8 min)
[A_dice_w64_d5_s1] epoch  70 loss 0.2392 dice 0.8051 clDice 0.8000 b0err 139.2 95HD 3.89 (9 min)
[A_dice_w64_d5_s1] epoch  80 loss 0.2234 dice 0.8030 clDice 0.7966 b0err 158.6 95HD 3.90 (11 min)
[A_dice_w64_d5_s1] epoch  90 loss 0.2106 dice 0.8034 clDice 0.7971 b0err 146.7 95HD 3.93 (12 min)
[A_dice_w64_d5_s1] epoch 100 loss 0.1947 dice 0.8048 clDice 0.7992 b0err 132.4 95HD 4.02 (13 min)
[A_dice_w64_d5_s1] done in 13 min; best dice 0.8218
--- 2026-08-26 18:31:07 H_aug_w64_d5_s1 ---
results -> exp/results/selection_sweep_31m, keeping every validated epoch
train norm mean 0.4177 std 0.1442
[H_aug_w64_d5_s1] epoch  10 loss 0.4578 dice 0.8143 clDice 0.8267 b0err 81.2 95HD 4.59 (1 min)
[H_aug_w64_d5_s1] epoch  20 loss 0.4413 dice 0.8218 clDice 0.8303 b0err 45.1 95HD 4.80 (3 min)
[H_aug_w64_d5_s1] epoch  30 loss 0.4322 dice 0.8245 clDice 0.8338 b0err 50.5 95HD 3.91 (4 min)
[H_aug_w64_d5_s1] epoch  40 loss 0.4238 dice 0.8241 clDice 0.8333 b0err 44.7 95HD 4.49 (6 min)
[H_aug_w64_d5_s1] epoch  50 loss 0.4228 dice 0.8234 clDice 0.8316 b0err 53.6 95HD 3.82 (7 min)
[H_aug_w64_d5_s1] epoch  60 loss 0.4142 dice 0.8261 clDice 0.8309 b0err 44.4 95HD 4.47 (9 min)
[H_aug_w64_d5_s1] epoch  70 loss 0.4140 dice 0.8242 clDice 0.8345 b0err 59.0 95HD 3.58 (10 min)
[H_aug_w64_d5_s1] epoch  80 loss 0.4143 dice 0.8239 clDice 0.8364 b0err 47.8 95HD 3.57 (11 min)
[H_aug_w64_d5_s1] epoch  90 loss 0.4107 dice 0.8215 clDice 0.8349 b0err 50.2 95HD 3.66 (13 min)
[H_aug_w64_d5_s1] epoch 100 loss 0.4054 dice 0.8221 clDice 0.8339 b0err 46.5 95HD 3.90 (14 min)
[H_aug_w64_d5_s1] done in 14 min; best dice 0.8261
--- 2026-08-26 18:45:28 B_cldice_w64_d5_s2 ---
results -> exp/results/selection_sweep_31m, keeping every validated epoch
train norm mean 0.4177 std 0.1442
[B_cldice_w64_d5_s2] epoch  10 loss 0.3928 dice 0.8190 clDice 0.8327 b0err 37.0 95HD 4.91 (2 min)
[B_cldice_w64_d5_s2] epoch  20 loss 0.3708 dice 0.8170 clDice 0.8272 b0err 65.3 95HD 3.90 (3 min)
[B_cldice_w64_d5_s2] epoch  30 loss 0.3384 dice 0.8166 clDice 0.8244 b0err 65.2 95HD 4.00 (5 min)
[B_cldice_w64_d5_s2] epoch  40 loss 0.3036 dice 0.8144 clDice 0.8128 b0err 94.8 95HD 4.09 (7 min)
[B_cldice_w64_d5_s2] epoch  50 loss 0.2655 dice 0.8068 clDice 0.8030 b0err 90.3 95HD 4.08 (8 min)
[B_cldice_w64_d5_s2] epoch  60 loss 0.2443 dice 0.8035 clDice 0.7966 b0err 107.2 95HD 4.20 (10 min)
[B_cldice_w64_d5_s2] epoch  70 loss 0.2212 dice 0.8030 clDice 0.7932 b0err 109.7 95HD 4.36 (11 min)
[B_cldice_w64_d5_s2] epoch  80 loss 0.1982 dice 0.8035 clDice 0.7993 b0err 101.0 95HD 4.22 (13 min)
[B_cldice_w64_d5_s2] epoch  90 loss 0.1856 dice 0.8048 clDice 0.7987 b0err 118.2 95HD 4.38 (15 min)
[B_cldice_w64_d5_s2] epoch 100 loss 0.1786 dice 0.8038 clDice 0.7979 b0err 97.7 95HD 4.35 (16 min)
[B_cldice_w64_d5_s2] done in 16 min; best dice 0.8190
--- 2026-08-26 19:01:51 A_dice_w64_d5_s3 ---
results -> exp/results/selection_sweep_31m, keeping every validated epoch
train norm mean 0.4177 std 0.1442
[A_dice_w64_d5_s3] epoch  10 loss 0.4210 dice 0.8196 clDice 0.8289 b0err 65.5 95HD 4.28 (1 min)
[A_dice_w64_d5_s3] epoch  20 loss 0.3809 dice 0.8213 clDice 0.8303 b0err 51.9 95HD 4.12 (3 min)
[A_dice_w64_d5_s3] epoch  30 loss 0.3500 dice 0.8112 clDice 0.8144 b0err 73.1 95HD 4.39 (4 min)
[A_dice_w64_d5_s3] epoch  40 loss 0.3155 dice 0.8135 clDice 0.8148 b0err 81.0 95HD 4.06 (5 min)
[A_dice_w64_d5_s3] epoch  50 loss 0.2891 dice 0.8040 clDice 0.8013 b0err 119.8 95HD 4.08 (7 min)
[A_dice_w64_d5_s3] epoch  60 loss 0.2535 dice 0.8054 clDice 0.7998 b0err 117.2 95HD 4.29 (8 min)
[A_dice_w64_d5_s3] epoch  70 loss 0.2346 dice 0.8047 clDice 0.7993 b0err 108.5 95HD 4.33 (9 min)
[A_dice_w64_d5_s3] epoch  80 loss 0.2199 dice 0.8025 clDice 0.7970 b0err 120.5 95HD 3.91 (11 min)
[A_dice_w64_d5_s3] epoch  90 loss 0.2022 dice 0.8028 clDice 0.7987 b0err 121.3 95HD 4.04 (12 min)
[A_dice_w64_d5_s3] epoch 100 loss 0.1863 dice 0.8003 clDice 0.7944 b0err 135.4 95HD 4.09 (14 min)
[A_dice_w64_d5_s3] done in 14 min; best dice 0.8213
--- 2026-08-26 19:15:29 H_aug_w64_d5_s3 ---
results -> exp/results/selection_sweep_31m, keeping every validated epoch
train norm mean 0.4177 std 0.1442
[H_aug_w64_d5_s3] epoch  10 loss 0.4554 dice 0.8086 clDice 0.8145 b0err 57.9 95HD 6.16 (1 min)
[H_aug_w64_d5_s3] epoch  20 loss 0.4442 dice 0.8217 clDice 0.8270 b0err 53.2 95HD 4.45 (3 min)
[H_aug_w64_d5_s3] epoch  30 loss 0.4351 dice 0.8212 clDice 0.8295 b0err 59.0 95HD 4.02 (4 min)
[H_aug_w64_d5_s3] epoch  40 loss 0.4300 dice 0.8250 clDice 0.8343 b0err 53.0 95HD 3.79 (6 min)
[H_aug_w64_d5_s3] epoch  50 loss 0.4213 dice 0.8233 clDice 0.8363 b0err 52.6 95HD 3.88 (7 min)
[H_aug_w64_d5_s3] epoch  60 loss 0.4228 dice 0.8232 clDice 0.8390 b0err 48.7 95HD 3.72 (9 min)
[H_aug_w64_d5_s3] epoch  70 loss 0.4225 dice 0.8250 clDice 0.8348 b0err 56.8 95HD 3.59 (10 min)
[H_aug_w64_d5_s3] epoch  80 loss 0.4160 dice 0.8258 clDice 0.8355 b0err 50.5 95HD 4.17 (12 min)
[H_aug_w64_d5_s3] epoch  90 loss 0.4110 dice 0.8215 clDice 0.8332 b0err 65.2 95HD 3.62 (13 min)
[H_aug_w64_d5_s3] epoch 100 loss 0.4080 dice 0.8279 clDice 0.8343 b0err 57.4 95HD 4.15 (14 min)
[H_aug_w64_d5_s3] done in 14 min; best dice 0.8279
--- 2026-08-26 19:29:58 B_cldice_w64_d5_s4 ---
results -> exp/results/selection_sweep_31m, keeping every validated epoch
train norm mean 0.4177 std 0.1442
[B_cldice_w64_d5_s4] epoch  10 loss 0.3947 dice 0.8201 clDice 0.8371 b0err 38.5 95HD 4.29 (2 min)
[B_cldice_w64_d5_s4] epoch  20 loss 0.3670 dice 0.8210 clDice 0.8244 b0err 52.1 95HD 4.30 (3 min)
[B_cldice_w64_d5_s4] epoch  30 loss 0.3389 dice 0.8171 clDice 0.8193 b0err 61.1 95HD 4.21 (5 min)
[B_cldice_w64_d5_s4] epoch  40 loss 0.3075 dice 0.8147 clDice 0.8136 b0err 74.7 95HD 3.94 (7 min)
[B_cldice_w64_d5_s4] epoch  50 loss 0.2753 dice 0.8076 clDice 0.7970 b0err 132.1 95HD 4.36 (8 min)
[B_cldice_w64_d5_s4] epoch  60 loss 0.2485 dice 0.8071 clDice 0.8027 b0err 88.0 95HD 4.24 (10 min)
[B_cldice_w64_d5_s4] epoch  70 loss 0.2224 dice 0.8051 clDice 0.7991 b0err 98.0 95HD 4.30 (11 min)
[B_cldice_w64_d5_s4] epoch  80 loss 0.2073 dice 0.8039 clDice 0.8015 b0err 124.5 95HD 4.22 (13 min)
[B_cldice_w64_d5_s4] epoch  90 loss 0.1902 dice 0.8022 clDice 0.7980 b0err 117.2 95HD 4.21 (14 min)
[B_cldice_w64_d5_s4] epoch 100 loss 0.1797 dice 0.8016 clDice 0.7973 b0err 111.0 95HD 4.08 (16 min)
[B_cldice_w64_d5_s4] done in 16 min; best dice 0.8210
=== 2026-08-26 19:46:12 taskb gpu=1 done ===
