=== 2026-08-26 18:01:34 taskb gpu=0 8 runs -> exp/results/selection_sweep_31m ===
--- 2026-08-26 18:01:34 A_dice_w64_d5_s0 ---
results -> exp/results/selection_sweep_31m, keeping every validated epoch
train norm mean 0.4177 std 0.1442
[A_dice_w64_d5_s0] epoch  10 loss 0.4166 dice 0.8215 clDice 0.8334 b0err 53.2 95HD 4.16 (1 min)
[A_dice_w64_d5_s0] epoch  20 loss 0.3856 dice 0.8197 clDice 0.8239 b0err 58.0 95HD 4.50 (3 min)
[A_dice_w64_d5_s0] epoch  30 loss 0.3561 dice 0.8189 clDice 0.8254 b0err 64.3 95HD 4.24 (4 min)
[A_dice_w64_d5_s0] epoch  40 loss 0.3276 dice 0.8104 clDice 0.8103 b0err 97.0 95HD 4.05 (5 min)
[A_dice_w64_d5_s0] epoch  50 loss 0.2876 dice 0.8113 clDice 0.8100 b0err 96.8 95HD 4.03 (7 min)
[A_dice_w64_d5_s0] epoch  60 loss 0.2587 dice 0.8070 clDice 0.8054 b0err 114.3 95HD 4.22 (8 min)
[A_dice_w64_d5_s0] epoch  70 loss 0.2405 dice 0.8012 clDice 0.7966 b0err 151.6 95HD 4.23 (9 min)
[A_dice_w64_d5_s0] epoch  80 loss 0.2197 dice 0.7988 clDice 0.7969 b0err 107.8 95HD 4.39 (11 min)
[A_dice_w64_d5_s0] epoch  90 loss 0.2047 dice 0.8043 clDice 0.8019 b0err 133.2 95HD 4.30 (12 min)
[A_dice_w64_d5_s0] epoch 100 loss 0.1944 dice 0.8057 clDice 0.8027 b0err 114.1 95HD 4.15 (13 min)
[A_dice_w64_d5_s0] done in 13 min; best dice 0.8215
--- 2026-08-26 18:15:00 H_aug_w64_d5_s0 ---
results -> exp/results/selection_sweep_31m, keeping every validated epoch
train norm mean 0.4177 std 0.1442
[H_aug_w64_d5_s0] epoch  10 loss 0.4517 dice 0.8210 clDice 0.8327 b0err 54.6 95HD 4.19 (1 min)
[H_aug_w64_d5_s0] epoch  20 loss 0.4366 dice 0.8229 clDice 0.8335 b0err 61.2 95HD 3.76 (3 min)
[H_aug_w64_d5_s0] epoch  30 loss 0.4294 dice 0.8262 clDice 0.8336 b0err 56.0 95HD 3.87 (4 min)
[H_aug_w64_d5_s0] epoch  40 loss 0.4198 dice 0.8264 clDice 0.8356 b0err 47.8 95HD 3.81 (6 min)
[H_aug_w64_d5_s0] epoch  50 loss 0.4227 dice 0.8258 clDice 0.8372 b0err 52.1 95HD 3.70 (7 min)
[H_aug_w64_d5_s0] epoch  60 loss 0.4184 dice 0.8264 clDice 0.8365 b0err 49.9 95HD 3.53 (9 min)
[H_aug_w64_d5_s0] epoch  70 loss 0.4174 dice 0.8252 clDice 0.8342 b0err 52.4 95HD 3.53 (10 min)
[H_aug_w64_d5_s0] epoch  80 loss 0.4072 dice 0.8257 clDice 0.8333 b0err 70.9 95HD 3.43 (11 min)
[H_aug_w64_d5_s0] epoch  90 loss 0.4121 dice 0.8254 clDice 0.8332 b0err 67.9 95HD 3.49 (13 min)
[H_aug_w64_d5_s0] epoch 100 loss 0.4067 dice 0.8269 clDice 0.8343 b0err 62.9 95HD 3.50 (14 min)
[H_aug_w64_d5_s0] done in 14 min; best dice 0.8269
--- 2026-08-26 18:29:26 B_cldice_w64_d5_s1 ---
results -> exp/results/selection_sweep_31m, keeping every validated epoch
train norm mean 0.4177 std 0.1442
[B_cldice_w64_d5_s1] epoch  10 loss 0.4033 dice 0.8179 clDice 0.8305 b0err 55.8 95HD 4.07 (2 min)
[B_cldice_w64_d5_s1] epoch  20 loss 0.3705 dice 0.8192 clDice 0.8349 b0err 41.6 95HD 4.24 (3 min)
[B_cldice_w64_d5_s1] epoch  30 loss 0.3432 dice 0.8154 clDice 0.8205 b0err 76.2 95HD 4.33 (5 min)
[B_cldice_w64_d5_s1] epoch  40 loss 0.3042 dice 0.8123 clDice 0.8166 b0err 78.6 95HD 4.03 (6 min)
[B_cldice_w64_d5_s1] epoch  50 loss 0.2827 dice 0.8115 clDice 0.8091 b0err 83.5 95HD 4.19 (8 min)
[B_cldice_w64_d5_s1] epoch  60 loss 0.2509 dice 0.8079 clDice 0.8029 b0err 121.2 95HD 4.15 (10 min)
[B_cldice_w64_d5_s1] epoch  70 loss 0.2233 dice 0.8038 clDice 0.7962 b0err 109.2 95HD 4.11 (11 min)
[B_cldice_w64_d5_s1] epoch  80 loss 0.2111 dice 0.8044 clDice 0.8006 b0err 101.8 95HD 4.18 (13 min)
[B_cldice_w64_d5_s1] epoch  90 loss 0.1946 dice 0.8055 clDice 0.8006 b0err 105.1 95HD 4.09 (14 min)
[B_cldice_w64_d5_s1] epoch 100 loss 0.1849 dice 0.8054 clDice 0.8025 b0err 104.5 95HD 4.11 (16 min)
[B_cldice_w64_d5_s1] done in 16 min; best dice 0.8192
--- 2026-08-26 18:45:42 A_dice_w64_d5_s2 ---
results -> exp/results/selection_sweep_31m, keeping every validated epoch
train norm mean 0.4177 std 0.1442
[A_dice_w64_d5_s2] epoch  10 loss 0.4126 dice 0.8187 clDice 0.8284 b0err 61.2 95HD 4.01 (1 min)
[A_dice_w64_d5_s2] epoch  20 loss 0.3897 dice 0.8202 clDice 0.8285 b0err 62.5 95HD 3.84 (3 min)
[A_dice_w64_d5_s2] epoch  30 loss 0.3501 dice 0.8137 clDice 0.8154 b0err 84.3 95HD 4.07 (4 min)
[A_dice_w64_d5_s2] epoch  40 loss 0.3137 dice 0.8116 clDice 0.8128 b0err 85.3 95HD 3.99 (5 min)
[A_dice_w64_d5_s2] epoch  50 loss 0.2818 dice 0.8098 clDice 0.8107 b0err 120.0 95HD 4.01 (7 min)
[A_dice_w64_d5_s2] epoch  60 loss 0.2564 dice 0.8036 clDice 0.7987 b0err 130.9 95HD 4.06 (8 min)
[A_dice_w64_d5_s2] epoch  70 loss 0.2330 dice 0.8028 clDice 0.8018 b0err 112.7 95HD 4.58 (10 min)
[A_dice_w64_d5_s2] epoch  80 loss 0.2139 dice 0.8007 clDice 0.7985 b0err 121.1 95HD 4.14 (11 min)
[A_dice_w64_d5_s2] epoch  90 loss 0.2012 dice 0.8035 clDice 0.7974 b0err 129.9 95HD 4.21 (12 min)
[A_dice_w64_d5_s2] epoch 100 loss 0.1921 dice 0.8021 clDice 0.7966 b0err 134.1 95HD 4.09 (14 min)
[A_dice_w64_d5_s2] done in 14 min; best dice 0.8202
--- 2026-08-26 18:59:32 H_aug_w64_d5_s2 ---
results -> exp/results/selection_sweep_31m, keeping every validated epoch
train norm mean 0.4177 std 0.1442
[H_aug_w64_d5_s2] epoch  10 loss 0.4539 dice 0.8217 clDice 0.8339 b0err 46.2 95HD 4.64 (2 min)
[H_aug_w64_d5_s2] epoch  20 loss 0.4344 dice 0.8215 clDice 0.8293 b0err 56.0 95HD 4.02 (3 min)
[H_aug_w64_d5_s2] epoch  30 loss 0.4305 dice 0.8254 clDice 0.8348 b0err 56.7 95HD 3.53 (5 min)
[H_aug_w64_d5_s2] epoch  40 loss 0.4234 dice 0.8251 clDice 0.8352 b0err 49.0 95HD 3.68 (6 min)
[H_aug_w64_d5_s2] epoch  50 loss 0.4240 dice 0.8260 clDice 0.8336 b0err 57.7 95HD 3.51 (7 min)
[H_aug_w64_d5_s2] epoch  60 loss 0.4138 dice 0.8255 clDice 0.8355 b0err 50.9 95HD 3.58 (9 min)
[H_aug_w64_d5_s2] epoch  70 loss 0.4127 dice 0.8255 clDice 0.8354 b0err 51.6 95HD 3.56 (10 min)
[H_aug_w64_d5_s2] epoch  80 loss 0.4108 dice 0.8241 clDice 0.8310 b0err 57.2 95HD 3.33 (12 min)
[H_aug_w64_d5_s2] epoch  90 loss 0.4047 dice 0.8260 clDice 0.8368 b0err 47.0 95HD 3.54 (13 min)
[H_aug_w64_d5_s2] epoch 100 loss 0.4054 dice 0.8275 clDice 0.8375 b0err 54.4 95HD 3.46 (15 min)
[H_aug_w64_d5_s2] done in 15 min; best dice 0.8275
--- 2026-08-26 19:14:29 B_cldice_w64_d5_s3 ---
results -> exp/results/selection_sweep_31m, keeping every validated epoch
train norm mean 0.4177 std 0.1442
[B_cldice_w64_d5_s3] epoch  10 loss 0.4028 dice 0.8167 clDice 0.8389 b0err 39.9 95HD 4.28 (2 min)
[B_cldice_w64_d5_s3] epoch  20 loss 0.3649 dice 0.8160 clDice 0.8354 b0err 42.4 95HD 4.09 (3 min)
[B_cldice_w64_d5_s3] epoch  30 loss 0.3322 dice 0.8163 clDice 0.8235 b0err 54.0 95HD 3.85 (5 min)
[B_cldice_w64_d5_s3] epoch  40 loss 0.3059 dice 0.8130 clDice 0.8187 b0err 77.9 95HD 4.29 (7 min)
[B_cldice_w64_d5_s3] epoch  50 loss 0.2718 dice 0.8072 clDice 0.8017 b0err 99.8 95HD 4.06 (8 min)
[B_cldice_w64_d5_s3] epoch  60 loss 0.2442 dice 0.8063 clDice 0.7998 b0err 102.8 95HD 4.03 (10 min)
[B_cldice_w64_d5_s3] epoch  70 loss 0.2247 dice 0.8049 clDice 0.7974 b0err 98.3 95HD 4.13 (11 min)
[B_cldice_w64_d5_s3] epoch  80 loss 0.2047 dice 0.8044 clDice 0.7989 b0err 101.7 95HD 3.92 (13 min)
[B_cldice_w64_d5_s3] epoch  90 loss 0.1892 dice 0.8035 clDice 0.7977 b0err 117.0 95HD 4.16 (15 min)
[B_cldice_w64_d5_s3] epoch 100 loss 0.1788 dice 0.8053 clDice 0.7980 b0err 119.2 95HD 4.00 (16 min)
[B_cldice_w64_d5_s3] done in 16 min; best dice 0.8167
--- 2026-08-26 19:30:51 A_dice_w64_d5_s4 ---
results -> exp/results/selection_sweep_31m, keeping every validated epoch
train norm mean 0.4177 std 0.1442
[A_dice_w64_d5_s4] epoch  10 loss 0.4140 dice 0.8164 clDice 0.8272 b0err 49.1 95HD 5.48 (1 min)
[A_dice_w64_d5_s4] epoch  20 loss 0.3872 dice 0.8211 clDice 0.8255 b0err 65.0 95HD 4.24 (3 min)
[A_dice_w64_d5_s4] epoch  30 loss 0.3621 dice 0.8162 clDice 0.8175 b0err 89.5 95HD 4.31 (4 min)
[A_dice_w64_d5_s4] epoch  40 loss 0.3259 dice 0.8133 clDice 0.8130 b0err 105.1 95HD 3.79 (6 min)
[A_dice_w64_d5_s4] epoch  50 loss 0.2963 dice 0.8027 clDice 0.7968 b0err 159.0 95HD 4.81 (7 min)
[A_dice_w64_d5_s4] epoch  60 loss 0.2680 dice 0.8055 clDice 0.7999 b0err 140.2 95HD 4.12 (9 min)
[A_dice_w64_d5_s4] epoch  70 loss 0.2529 dice 0.8052 clDice 0.8007 b0err 136.1 95HD 4.00 (11 min)
[A_dice_w64_d5_s4] epoch  80 loss 0.2333 dice 0.8029 clDice 0.7989 b0err 161.1 95HD 4.04 (12 min)
[A_dice_w64_d5_s4] epoch  90 loss 0.2141 dice 0.8031 clDice 0.8002 b0err 132.2 95HD 4.08 (14 min)
[A_dice_w64_d5_s4] epoch 100 loss 0.2084 dice 0.8006 clDice 0.7968 b0err 146.3 95HD 4.10 (15 min)
[A_dice_w64_d5_s4] done in 15 min; best dice 0.8211
19:46:17 gpu0 3433MB free, need 3500; waiting
19:51:17 gpu0 3433MB free, need 3500; waiting
19:56:17 gpu0 3433MB free, need 3500; waiting
20:01:17 gpu0 2533MB free, need 3500; waiting
20:06:17 gpu0 2533MB free, need 3500; waiting
20:11:17 gpu0 2533MB free, need 3500; waiting
20:16:17 gpu0 2533MB free, need 3500; waiting
20:21:17 gpu0 2533MB free, need 3500; waiting
20:26:17 gpu0 2533MB free, need 3500; waiting
--- 2026-08-26 20:31:17 H_aug_w64_d5_s4 ---
results -> exp/results/selection_sweep_31m, keeping every validated epoch
train norm mean 0.4177 std 0.1442
[H_aug_w64_d5_s4] epoch  10 loss 0.4523 dice 0.8189 clDice 0.8247 b0err 57.3 95HD 5.07 (1 min)
[H_aug_w64_d5_s4] epoch  20 loss 0.4430 dice 0.8234 clDice 0.8338 b0err 49.4 95HD 3.92 (3 min)
[H_aug_w64_d5_s4] epoch  30 loss 0.4319 dice 0.8256 clDice 0.8317 b0err 55.0 95HD 4.00 (4 min)
[H_aug_w64_d5_s4] epoch  40 loss 0.4273 dice 0.8263 clDice 0.8351 b0err 50.8 95HD 3.67 (6 min)
[H_aug_w64_d5_s4] epoch  50 loss 0.4183 dice 0.8229 clDice 0.8264 b0err 49.3 95HD 4.46 (7 min)
[H_aug_w64_d5_s4] epoch  60 loss 0.4218 dice 0.8266 clDice 0.8346 b0err 60.1 95HD 3.55 (8 min)
[H_aug_w64_d5_s4] epoch  70 loss 0.4216 dice 0.8280 clDice 0.8365 b0err 47.9 95HD 3.43 (10 min)
[H_aug_w64_d5_s4] epoch  80 loss 0.4105 dice 0.8257 clDice 0.8354 b0err 50.6 95HD 3.86 (11 min)
[H_aug_w64_d5_s4] epoch  90 loss 0.4095 dice 0.8273 clDice 0.8335 b0err 65.8 95HD 3.30 (13 min)
[H_aug_w64_d5_s4] epoch 100 loss 0.4073 dice 0.8264 clDice 0.8333 b0err 54.6 95HD 3.70 (14 min)
[H_aug_w64_d5_s4] done in 14 min; best dice 0.8280
=== 2026-08-26 20:45:32 taskb gpu=0 done ===
