=== 2026-08-26 09:16:23 stage=recover_rest shard=0/2 gpu=0 ===
15 runs on this card
--- 2026-08-26 09:16:26 C_boundary_s0 ---
train norm mean 0.4177 std 0.1442
[C_boundary_s0] log.csv is already complete; this rerun writes log_rerun.csv
[C_boundary_s0] epoch  10 loss 0.4309 dice 0.8156 clDice 0.8233 b0err 106.3 95HD 4.11 (1 min)
[C_boundary_s0] epoch  20 loss 0.4112 dice 0.8177 clDice 0.8231 b0err 85.1 95HD 4.17 (2 min)
[C_boundary_s0] epoch  30 loss 0.3997 dice 0.8185 clDice 0.8252 b0err 77.1 95HD 4.18 (2 min)
[C_boundary_s0] epoch  40 loss 0.3941 dice 0.8181 clDice 0.8218 b0err 74.5 95HD 4.40 (3 min)
[C_boundary_s0] epoch  50 loss 0.3815 dice 0.8156 clDice 0.8210 b0err 81.5 95HD 4.23 (4 min)
[C_boundary_s0] epoch  60 loss 0.3768 dice 0.8136 clDice 0.8196 b0err 86.1 95HD 4.31 (5 min)
[C_boundary_s0] epoch  70 loss 0.3718 dice 0.8146 clDice 0.8180 b0err 78.0 95HD 4.10 (5 min)
[C_boundary_s0] epoch  80 loss 0.3659 dice 0.8131 clDice 0.8154 b0err 77.2 95HD 4.18 (6 min)
[C_boundary_s0] epoch  90 loss 0.3598 dice 0.8126 clDice 0.8157 b0err 84.0 95HD 4.40 (7 min)
[C_boundary_s0] epoch 100 loss 0.3581 dice 0.8107 clDice 0.8132 b0err 94.9 95HD 4.42 (8 min)
[C_boundary_s0] done in 8 min; best dice 0.8185
--- 2026-08-26 09:24:20 F_gated_s0 ---
train norm mean 0.4177 std 0.1442
[F_gated_s0] log.csv is already complete; this rerun writes log_rerun.csv
[F_gated_s0] epoch  10 loss 0.4309 dice 0.8133 clDice 0.8253 b0err 67.0 95HD 4.54 (1 min)
[F_gated_s0] epoch  20 loss 0.4078 dice 0.8141 clDice 0.8304 b0err 63.6 95HD 4.32 (2 min)
[F_gated_s0] epoch  30 loss 0.3957 dice 0.8131 clDice 0.8338 b0err 59.5 95HD 4.05 (4 min)
[F_gated_s0] epoch  40 loss 0.3872 dice 0.8154 clDice 0.8273 b0err 54.4 95HD 4.38 (5 min)
[F_gated_s0] epoch  50 loss 0.3764 dice 0.8140 clDice 0.8263 b0err 58.1 95HD 4.35 (6 min)
[F_gated_s0] epoch  60 loss 0.3743 dice 0.8116 clDice 0.8264 b0err 57.1 95HD 4.55 (7 min)
[F_gated_s0] epoch  70 loss 0.3668 dice 0.8138 clDice 0.8243 b0err 60.6 95HD 4.26 (8 min)
[F_gated_s0] epoch  80 loss 0.3609 dice 0.8134 clDice 0.8212 b0err 58.4 95HD 4.57 (9 min)
[F_gated_s0] epoch  90 loss 0.3567 dice 0.8128 clDice 0.8212 b0err 61.0 95HD 4.38 (11 min)
[F_gated_s0] epoch 100 loss 0.3561 dice 0.8119 clDice 0.8197 b0err 73.3 95HD 4.41 (12 min)
[F_gated_s0] done in 12 min; best dice 0.8154
--- 2026-08-26 09:36:11 I_coletra_s0 ---
train norm mean 0.4177 std 0.1442
[I_coletra_s0] log.csv is already complete; this rerun writes log_rerun.csv
[I_coletra_s0] epoch  10 loss 0.4743 dice 0.8160 clDice 0.8244 b0err 71.5 95HD 5.08 (1 min)
[I_coletra_s0] epoch  20 loss 0.4564 dice 0.8146 clDice 0.8199 b0err 73.2 95HD 4.77 (2 min)
[I_coletra_s0] epoch  30 loss 0.4450 dice 0.8185 clDice 0.8250 b0err 54.6 95HD 5.42 (3 min)
[I_coletra_s0] epoch  40 loss 0.4386 dice 0.8192 clDice 0.8241 b0err 66.5 95HD 4.78 (4 min)
[I_coletra_s0] epoch  50 loss 0.4344 dice 0.8219 clDice 0.8314 b0err 64.7 95HD 4.26 (5 min)
[I_coletra_s0] epoch  60 loss 0.4318 dice 0.8209 clDice 0.8298 b0err 58.9 95HD 4.38 (5 min)
[I_coletra_s0] epoch  70 loss 0.4319 dice 0.8218 clDice 0.8289 b0err 59.6 95HD 4.32 (6 min)
[I_coletra_s0] epoch  80 loss 0.4249 dice 0.8230 clDice 0.8284 b0err 52.0 95HD 5.11 (7 min)
[I_coletra_s0] epoch  90 loss 0.4307 dice 0.8222 clDice 0.8268 b0err 52.5 95HD 5.03 (8 min)
[I_coletra_s0] epoch 100 loss 0.4269 dice 0.8221 clDice 0.8282 b0err 56.1 95HD 4.75 (9 min)
[I_coletra_s0] done in 9 min; best dice 0.8230
--- 2026-08-26 09:45:07 K_focal_aug_s0 ---
train norm mean 0.4177 std 0.1442
[K_focal_aug_s0] log.csv is already complete; this rerun writes log_rerun.csv
[K_focal_aug_s0] epoch  10 loss 0.4550 dice 0.8019 clDice 0.8458 b0err 49.5 95HD 4.47 (1 min)
[K_focal_aug_s0] epoch  20 loss 0.4385 dice 0.8005 clDice 0.8462 b0err 52.6 95HD 4.17 (2 min)
[K_focal_aug_s0] epoch  30 loss 0.4339 dice 0.7984 clDice 0.8517 b0err 44.5 95HD 4.19 (3 min)
[K_focal_aug_s0] epoch  40 loss 0.4272 dice 0.8022 clDice 0.8502 b0err 37.0 95HD 4.40 (5 min)
[K_focal_aug_s0] epoch  50 loss 0.4276 dice 0.7965 clDice 0.8538 b0err 41.9 95HD 3.95 (6 min)
[K_focal_aug_s0] epoch  60 loss 0.4265 dice 0.8002 clDice 0.8518 b0err 40.6 95HD 4.03 (7 min)
[K_focal_aug_s0] epoch  70 loss 0.4283 dice 0.7991 clDice 0.8523 b0err 40.4 95HD 4.04 (8 min)
[K_focal_aug_s0] epoch  80 loss 0.4171 dice 0.7970 clDice 0.8561 b0err 38.8 95HD 3.96 (9 min)
[K_focal_aug_s0] epoch  90 loss 0.4224 dice 0.7995 clDice 0.8552 b0err 38.0 95HD 3.99 (10 min)
[K_focal_aug_s0] epoch 100 loss 0.4203 dice 0.7992 clDice 0.8538 b0err 37.9 95HD 4.03 (12 min)
[K_focal_aug_s0] done in 12 min; best dice 0.8022
--- 2026-08-26 09:56:48 D_blurpool_s1 ---
train norm mean 0.4177 std 0.1442
[D_blurpool_s1] log.csv is already complete; this rerun writes log_rerun.csv
[D_blurpool_s1] epoch  10 loss 0.4326 dice 0.8151 clDice 0.8224 b0err 81.3 95HD 4.47 (1 min)
[D_blurpool_s1] epoch  20 loss 0.4062 dice 0.8168 clDice 0.8269 b0err 71.1 95HD 4.25 (1 min)
[D_blurpool_s1] epoch  30 loss 0.3909 dice 0.8131 clDice 0.8201 b0err 83.2 95HD 4.61 (2 min)
[D_blurpool_s1] epoch  40 loss 0.3732 dice 0.8109 clDice 0.8117 b0err 77.5 95HD 5.30 (3 min)
[D_blurpool_s1] epoch  50 loss 0.3708 dice 0.8113 clDice 0.8148 b0err 93.2 95HD 4.60 (4 min)
[D_blurpool_s1] epoch  60 loss 0.3680 dice 0.8105 clDice 0.8110 b0err 90.8 95HD 4.54 (4 min)
[D_blurpool_s1] epoch  70 loss 0.3534 dice 0.8086 clDice 0.8087 b0err 91.3 95HD 4.70 (5 min)
[D_blurpool_s1] epoch  80 loss 0.3475 dice 0.8056 clDice 0.8061 b0err 92.0 95HD 4.70 (6 min)
[D_blurpool_s1] epoch  90 loss 0.3461 dice 0.8074 clDice 0.8093 b0err 80.4 95HD 4.77 (6 min)
[D_blurpool_s1] epoch 100 loss 0.3422 dice 0.8069 clDice 0.8060 b0err 93.8 95HD 4.73 (7 min)
[D_blurpool_s1] done in 7 min; best dice 0.8168
--- 2026-08-26 10:04:07 G_focal_s1 ---
train norm mean 0.4177 std 0.1442
[G_focal_s1] log.csv is already complete; this rerun writes log_rerun.csv
[G_focal_s1] epoch  10 loss 0.4272 dice 0.8108 clDice 0.8276 b0err 74.5 95HD 4.34 (1 min)
[G_focal_s1] epoch  20 loss 0.4050 dice 0.8111 clDice 0.8354 b0err 56.9 95HD 4.44 (2 min)
[G_focal_s1] epoch  30 loss 0.3932 dice 0.8094 clDice 0.8305 b0err 61.1 95HD 4.52 (3 min)
[G_focal_s1] epoch  40 loss 0.3791 dice 0.8096 clDice 0.8360 b0err 55.0 95HD 4.42 (4 min)
[G_focal_s1] epoch  50 loss 0.3773 dice 0.8080 clDice 0.8295 b0err 58.5 95HD 4.43 (5 min)
[G_focal_s1] epoch  60 loss 0.3743 dice 0.8088 clDice 0.8309 b0err 58.5 95HD 4.54 (6 min)
[G_focal_s1] epoch  70 loss 0.3631 dice 0.8040 clDice 0.8245 b0err 65.2 95HD 4.71 (8 min)
[G_focal_s1] epoch  80 loss 0.3610 dice 0.8081 clDice 0.8274 b0err 57.7 95HD 4.72 (9 min)
[G_focal_s1] epoch  90 loss 0.3591 dice 0.8042 clDice 0.8248 b0err 57.6 95HD 4.66 (10 min)
[G_focal_s1] epoch 100 loss 0.3557 dice 0.8076 clDice 0.8247 b0err 67.3 95HD 4.45 (11 min)
[G_focal_s1] done in 11 min; best dice 0.8111
--- 2026-08-26 10:15:12 J_liot_s1 ---
train norm mean 0.4177 std 0.1442
[J_liot_s1] log.csv is already complete; this rerun writes log_rerun.csv
[J_liot_s1] epoch  10 loss 0.5043 dice 0.8013 clDice 0.8126 b0err 80.2 95HD 5.78 (3 min)
[J_liot_s1] epoch  20 loss 0.4874 dice 0.8034 clDice 0.8185 b0err 70.2 95HD 5.11 (5 min)
[J_liot_s1] epoch  30 loss 0.4779 dice 0.8065 clDice 0.8191 b0err 62.9 95HD 5.00 (8 min)
[J_liot_s1] epoch  40 loss 0.4749 dice 0.8081 clDice 0.8165 b0err 62.9 95HD 5.28 (11 min)
[J_liot_s1] epoch  50 loss 0.4740 dice 0.8056 clDice 0.8133 b0err 70.2 95HD 4.94 (14 min)
[J_liot_s1] epoch  60 loss 0.4649 dice 0.8116 clDice 0.8212 b0err 63.5 95HD 4.84 (16 min)
[J_liot_s1] epoch  70 loss 0.4609 dice 0.8091 clDice 0.8167 b0err 67.0 95HD 4.52 (19 min)
[J_liot_s1] epoch  80 loss 0.4566 dice 0.8094 clDice 0.8227 b0err 58.5 95HD 4.56 (22 min)
[J_liot_s1] epoch  90 loss 0.4569 dice 0.8111 clDice 0.8217 b0err 57.9 95HD 4.90 (25 min)
[J_liot_s1] epoch 100 loss 0.4530 dice 0.8107 clDice 0.8220 b0err 60.8 95HD 4.63 (28 min)
[J_liot_s1] done in 28 min; best dice 0.8116
--- 2026-08-26 10:43:00 C_boundary_s2 ---
train norm mean 0.4177 std 0.1442
[C_boundary_s2] log.csv is already complete; this rerun writes log_rerun.csv
[C_boundary_s2] epoch  10 loss 0.4273 dice 0.8153 clDice 0.8246 b0err 83.0 95HD 4.21 (1 min)
[C_boundary_s2] epoch  20 loss 0.4113 dice 0.8158 clDice 0.8228 b0err 84.5 95HD 4.01 (1 min)
[C_boundary_s2] epoch  30 loss 0.3980 dice 0.8170 clDice 0.8245 b0err 75.3 95HD 4.14 (2 min)
[C_boundary_s2] epoch  40 loss 0.3873 dice 0.8169 clDice 0.8223 b0err 78.0 95HD 4.18 (3 min)
[C_boundary_s2] epoch  50 loss 0.3774 dice 0.8156 clDice 0.8223 b0err 78.7 95HD 4.12 (3 min)
[C_boundary_s2] epoch  60 loss 0.3834 dice 0.8137 clDice 0.8153 b0err 76.5 95HD 4.39 (4 min)
[C_boundary_s2] epoch  70 loss 0.3696 dice 0.8143 clDice 0.8196 b0err 79.3 95HD 4.28 (5 min)
[C_boundary_s2] epoch  80 loss 0.3635 dice 0.8133 clDice 0.8161 b0err 79.8 95HD 4.33 (5 min)
[C_boundary_s2] epoch  90 loss 0.3616 dice 0.8121 clDice 0.8145 b0err 85.0 95HD 4.35 (6 min)
[C_boundary_s2] epoch 100 loss 0.3585 dice 0.8088 clDice 0.8119 b0err 90.8 95HD 4.41 (7 min)
[C_boundary_s2] done in 7 min; best dice 0.8170
--- 2026-08-26 10:49:41 F_gated_s2 ---
train norm mean 0.4177 std 0.1442
[F_gated_s2] log.csv is already complete; this rerun writes log_rerun.csv
[F_gated_s2] epoch  10 loss 0.4248 dice 0.8159 clDice 0.8284 b0err 54.0 95HD 4.85 (1 min)
[F_gated_s2] epoch  20 loss 0.4087 dice 0.8141 clDice 0.8270 b0err 65.6 95HD 4.28 (2 min)
[F_gated_s2] epoch  30 loss 0.3949 dice 0.8147 clDice 0.8312 b0err 55.5 95HD 4.46 (3 min)
[F_gated_s2] epoch  40 loss 0.3838 dice 0.8152 clDice 0.8258 b0err 60.8 95HD 4.21 (4 min)
[F_gated_s2] epoch  50 loss 0.3744 dice 0.8125 clDice 0.8268 b0err 56.4 95HD 4.56 (5 min)
[F_gated_s2] epoch  60 loss 0.3723 dice 0.8145 clDice 0.8200 b0err 61.7 95HD 4.59 (6 min)
[F_gated_s2] epoch  70 loss 0.3654 dice 0.8146 clDice 0.8240 b0err 61.5 95HD 4.32 (7 min)
[F_gated_s2] epoch  80 loss 0.3618 dice 0.8135 clDice 0.8259 b0err 57.0 95HD 4.39 (8 min)
[F_gated_s2] epoch  90 loss 0.3587 dice 0.8127 clDice 0.8188 b0err 68.9 95HD 4.21 (9 min)
[F_gated_s2] epoch 100 loss 0.3566 dice 0.8132 clDice 0.8205 b0err 64.0 95HD 4.34 (10 min)
[F_gated_s2] done in 10 min; best dice 0.8159
--- 2026-08-26 10:59:31 I_coletra_s2 ---
train norm mean 0.4177 std 0.1442
[I_coletra_s2] log.csv is already complete; this rerun writes log_rerun.csv
[I_coletra_s2] epoch  10 loss 0.4684 dice 0.8163 clDice 0.8244 b0err 79.8 95HD 4.66 (1 min)
[I_coletra_s2] epoch  20 loss 0.4548 dice 0.8188 clDice 0.8260 b0err 55.1 95HD 5.41 (2 min)
[I_coletra_s2] epoch  30 loss 0.4465 dice 0.8204 clDice 0.8281 b0err 56.0 95HD 4.66 (3 min)
[I_coletra_s2] epoch  40 loss 0.4370 dice 0.8176 clDice 0.8196 b0err 57.6 95HD 5.41 (4 min)
[I_coletra_s2] epoch  50 loss 0.4369 dice 0.8197 clDice 0.8292 b0err 51.2 95HD 4.99 (5 min)
[I_coletra_s2] epoch  60 loss 0.4358 dice 0.8226 clDice 0.8264 b0err 55.4 95HD 5.00 (6 min)
[I_coletra_s2] epoch  70 loss 0.4301 dice 0.8229 clDice 0.8251 b0err 54.9 95HD 4.99 (7 min)
[I_coletra_s2] epoch  80 loss 0.4309 dice 0.8239 clDice 0.8317 b0err 58.5 95HD 4.24 (7 min)
[I_coletra_s2] epoch  90 loss 0.4293 dice 0.8229 clDice 0.8279 b0err 59.4 95HD 4.53 (8 min)
[I_coletra_s2] epoch 100 loss 0.4256 dice 0.8246 clDice 0.8304 b0err 58.0 95HD 4.46 (9 min)
[I_coletra_s2] done in 9 min; best dice 0.8246
--- 2026-08-26 11:08:57 K_focal_aug_s2 ---
train norm mean 0.4177 std 0.1442
[K_focal_aug_s2] log.csv is already complete; this rerun writes log_rerun.csv
[K_focal_aug_s2] epoch  10 loss 0.4582 dice 0.8083 clDice 0.8433 b0err 46.0 95HD 4.44 (1 min)
[K_focal_aug_s2] epoch  20 loss 0.4388 dice 0.7989 clDice 0.8464 b0err 45.7 95HD 4.18 (2 min)
[K_focal_aug_s2] epoch  30 loss 0.4325 dice 0.8038 clDice 0.8462 b0err 49.4 95HD 4.05 (3 min)
[K_focal_aug_s2] epoch  40 loss 0.4263 dice 0.8005 clDice 0.8512 b0err 39.7 95HD 4.12 (4 min)
[K_focal_aug_s2] epoch  50 loss 0.4305 dice 0.7978 clDice 0.8524 b0err 42.1 95HD 4.04 (5 min)
[K_focal_aug_s2] epoch  60 loss 0.4211 dice 0.8015 clDice 0.8528 b0err 37.6 95HD 4.09 (6 min)
[K_focal_aug_s2] epoch  70 loss 0.4208 dice 0.7999 clDice 0.8536 b0err 38.5 95HD 3.95 (7 min)
[K_focal_aug_s2] epoch  80 loss 0.4153 dice 0.8015 clDice 0.8524 b0err 43.4 95HD 3.82 (9 min)
[K_focal_aug_s2] epoch  90 loss 0.4175 dice 0.7995 clDice 0.8520 b0err 41.1 95HD 3.97 (10 min)
[K_focal_aug_s2] epoch 100 loss 0.4134 dice 0.7966 clDice 0.8542 b0err 38.6 95HD 3.99 (11 min)
[K_focal_aug_s2] done in 11 min; best dice 0.8083
--- 2026-08-26 11:19:45 I_coletra_s3 ---
train norm mean 0.4177 std 0.1442
[I_coletra_s3] log.csv is already complete; this rerun writes log_rerun.csv
[I_coletra_s3] epoch  10 loss 0.4698 dice 0.8180 clDice 0.8243 b0err 63.4 95HD 5.02 (1 min)
[I_coletra_s3] epoch  20 loss 0.4538 dice 0.8172 clDice 0.8258 b0err 67.2 95HD 4.48 (2 min)
[I_coletra_s3] epoch  30 loss 0.4476 dice 0.8186 clDice 0.8272 b0err 61.5 95HD 4.32 (3 min)
[I_coletra_s3] epoch  40 loss 0.4418 dice 0.8195 clDice 0.8231 b0err 50.2 95HD 5.52 (4 min)
[I_coletra_s3] epoch  50 loss 0.4366 dice 0.8231 clDice 0.8287 b0err 55.2 95HD 4.78 (5 min)
[I_coletra_s3] epoch  60 loss 0.4338 dice 0.8182 clDice 0.8226 b0err 54.4 95HD 5.20 (6 min)
[I_coletra_s3] epoch  70 loss 0.4323 dice 0.8236 clDice 0.8311 b0err 52.5 95HD 4.56 (7 min)
[I_coletra_s3] epoch  80 loss 0.4313 dice 0.8225 clDice 0.8291 b0err 61.6 95HD 4.35 (7 min)
[I_coletra_s3] epoch  90 loss 0.4306 dice 0.8229 clDice 0.8293 b0err 55.2 95HD 4.56 (8 min)
[I_coletra_s3] epoch 100 loss 0.4292 dice 0.8241 clDice 0.8306 b0err 56.9 95HD 4.46 (9 min)
[I_coletra_s3] done in 9 min; best dice 0.8241
--- 2026-08-26 11:29:11 G_focal_s4 ---
train norm mean 0.4177 std 0.1442
[G_focal_s4] log.csv is already complete; this rerun writes log_rerun.csv
[G_focal_s4] epoch  10 loss 0.4233 dice 0.8099 clDice 0.8382 b0err 45.8 95HD 4.54 (1 min)
[G_focal_s4] epoch  20 loss 0.4028 dice 0.8077 clDice 0.8342 b0err 52.6 95HD 4.49 (2 min)
[G_focal_s4] epoch  30 loss 0.3896 dice 0.8068 clDice 0.8391 b0err 50.3 95HD 4.38 (3 min)
[G_focal_s4] epoch  40 loss 0.3833 dice 0.8045 clDice 0.8413 b0err 49.5 95HD 4.29 (4 min)
[G_focal_s4] epoch  50 loss 0.3760 dice 0.8033 clDice 0.8342 b0err 55.0 95HD 4.99 (5 min)
[G_focal_s4] epoch  60 loss 0.3697 dice 0.8013 clDice 0.8336 b0err 61.1 95HD 4.44 (6 min)
[G_focal_s4] epoch  70 loss 0.3676 dice 0.8070 clDice 0.8356 b0err 47.9 95HD 4.69 (7 min)
[G_focal_s4] epoch  80 loss 0.3628 dice 0.8060 clDice 0.8365 b0err 53.1 95HD 4.43 (8 min)
[G_focal_s4] epoch  90 loss 0.3566 dice 0.8058 clDice 0.8277 b0err 62.8 95HD 4.47 (8 min)
[G_focal_s4] epoch 100 loss 0.3538 dice 0.8068 clDice 0.8287 b0err 57.7 95HD 4.48 (9 min)
[G_focal_s4] done in 9 min; best dice 0.8099
--- 2026-08-26 11:38:41 K_focal_aug_s4 ---
train norm mean 0.4177 std 0.1442
[K_focal_aug_s4] epoch  10 loss 0.4583 dice 0.8059 clDice 0.8375 b0err 50.6 95HD 4.95 (1 min)
[K_focal_aug_s4] epoch  20 loss 0.4471 dice 0.7977 clDice 0.8497 b0err 45.0 95HD 4.18 (2 min)
[K_focal_aug_s4] epoch  30 loss 0.4368 dice 0.7957 clDice 0.8500 b0err 50.9 95HD 3.98 (3 min)
[K_focal_aug_s4] epoch  40 loss 0.4306 dice 0.7962 clDice 0.8547 b0err 44.8 95HD 3.90 (4 min)
[K_focal_aug_s4] epoch  50 loss 0.4252 dice 0.7967 clDice 0.8513 b0err 40.9 95HD 4.14 (5 min)
[K_focal_aug_s4] epoch  60 loss 0.4284 dice 0.7962 clDice 0.8526 b0err 48.4 95HD 3.93 (6 min)
[K_focal_aug_s4] epoch  70 loss 0.4284 dice 0.8001 clDice 0.8535 b0err 36.0 95HD 4.10 (7 min)
[K_focal_aug_s4] epoch  80 loss 0.4208 dice 0.7983 clDice 0.8536 b0err 37.9 95HD 4.24 (8 min)
[K_focal_aug_s4] epoch  90 loss 0.4204 dice 0.7966 clDice 0.8546 b0err 40.6 95HD 3.99 (9 min)
[K_focal_aug_s4] epoch 100 loss 0.4185 dice 0.7971 clDice 0.8539 b0err 37.6 95HD 4.20 (10 min)
[K_focal_aug_s4] done in 10 min; best dice 0.8059
--- 2026-08-26 11:48:44 I_coletra_s5 ---
train norm mean 0.4177 std 0.1442
[I_coletra_s5] log.csv is already complete; this rerun writes log_rerun.csv
[I_coletra_s5] epoch  10 loss 0.4706 dice 0.8152 clDice 0.8237 b0err 82.7 95HD 4.58 (1 min)
[I_coletra_s5] epoch  20 loss 0.4574 dice 0.8188 clDice 0.8226 b0err 79.8 95HD 4.28 (2 min)
[I_coletra_s5] epoch  30 loss 0.4485 dice 0.8193 clDice 0.8278 b0err 58.4 95HD 4.62 (3 min)
[I_coletra_s5] epoch  40 loss 0.4407 dice 0.8196 clDice 0.8226 b0err 46.1 95HD 5.63 (4 min)
[I_coletra_s5] epoch  50 loss 0.4399 dice 0.8192 clDice 0.8249 b0err 54.8 95HD 4.94 (4 min)
[I_coletra_s5] epoch  60 loss 0.4368 dice 0.8229 clDice 0.8300 b0err 59.9 95HD 4.36 (5 min)
[I_coletra_s5] epoch  70 loss 0.4346 dice 0.8216 clDice 0.8313 b0err 59.0 95HD 4.36 (6 min)
[I_coletra_s5] epoch  80 loss 0.4322 dice 0.8212 clDice 0.8292 b0err 56.0 95HD 4.30 (7 min)
[I_coletra_s5] epoch  90 loss 0.4294 dice 0.8231 clDice 0.8304 b0err 54.6 95HD 4.49 (8 min)
[I_coletra_s5] epoch 100 loss 0.4261 dice 0.8214 clDice 0.8271 b0err 55.9 95HD 4.75 (9 min)
[I_coletra_s5] done in 9 min; best dice 0.8231
=== 2026-08-26 11:57:32 stage=recover_rest gpu=0 done, 0 failed ===
