=== 2026-08-28 05:50:57 d1f gpu=0 18 runs -> exp/results/selection_sweep ===
--- 2026-08-28 05:50:57 A_dice_clw_dir_prop_a050_c025_s0 ---
results -> exp/results/selection_sweep, keeping every validated epoch
protocol legacy: fit on train (20 images), select on val (20 images)
train norm mean 0.4177 std 0.1442
[A_dice_clw_dir_prop_a050_c025_s0] epoch  10 loss 0.6909 dice 0.8153 clDice 0.8276 b0err 89.8 95HD 4.23 (1 min)
[A_dice_clw_dir_prop_a050_c025_s0] epoch  20 loss 0.6541 dice 0.8156 clDice 0.8241 b0err 89.3 95HD 4.26 (2 min)
[A_dice_clw_dir_prop_a050_c025_s0] epoch  30 loss 0.6355 dice 0.8155 clDice 0.8230 b0err 78.3 95HD 4.19 (3 min)
[A_dice_clw_dir_prop_a050_c025_s0] epoch  40 loss 0.6240 dice 0.8143 clDice 0.8194 b0err 85.8 95HD 4.36 (4 min)
[A_dice_clw_dir_prop_a050_c025_s0] epoch  50 loss 0.6045 dice 0.8116 clDice 0.8190 b0err 88.8 95HD 4.48 (5 min)
[A_dice_clw_dir_prop_a050_c025_s0] epoch  60 loss 0.6020 dice 0.8131 clDice 0.8214 b0err 71.2 95HD 4.36 (6 min)
[A_dice_clw_dir_prop_a050_c025_s0] epoch  70 loss 0.5938 dice 0.8116 clDice 0.8179 b0err 84.8 95HD 4.69 (7 min)
[A_dice_clw_dir_prop_a050_c025_s0] epoch  80 loss 0.5848 dice 0.8108 clDice 0.8163 b0err 77.2 95HD 4.68 (8 min)
[A_dice_clw_dir_prop_a050_c025_s0] epoch  90 loss 0.5804 dice 0.8111 clDice 0.8158 b0err 80.2 95HD 4.64 (9 min)
[A_dice_clw_dir_prop_a050_c025_s0] epoch 100 loss 0.5774 dice 0.8106 clDice 0.8154 b0err 84.1 95HD 4.60 (10 min)
[A_dice_clw_dir_prop_a050_c025_s0] done in 10 min; best dice 0.8156
--- 2026-08-28 06:01:31 A_dice_clw_dir_prop_a200_c025_s0 ---
results -> exp/results/selection_sweep, keeping every validated epoch
protocol legacy: fit on train (20 images), select on val (20 images)
train norm mean 0.4177 std 0.1442
[A_dice_clw_dir_prop_a200_c025_s0] epoch  10 loss 0.6903 dice 0.8160 clDice 0.8289 b0err 85.2 95HD 4.19 (1 min)
[A_dice_clw_dir_prop_a200_c025_s0] epoch  20 loss 0.6544 dice 0.8155 clDice 0.8234 b0err 85.7 95HD 4.10 (2 min)
[A_dice_clw_dir_prop_a200_c025_s0] epoch  30 loss 0.6367 dice 0.8147 clDice 0.8233 b0err 78.3 95HD 4.39 (3 min)
[A_dice_clw_dir_prop_a200_c025_s0] epoch  40 loss 0.6209 dice 0.8138 clDice 0.8200 b0err 87.1 95HD 4.28 (4 min)
[A_dice_clw_dir_prop_a200_c025_s0] epoch  50 loss 0.6058 dice 0.8143 clDice 0.8227 b0err 67.9 95HD 4.34 (5 min)
[A_dice_clw_dir_prop_a200_c025_s0] epoch  60 loss 0.6017 dice 0.8101 clDice 0.8179 b0err 91.8 95HD 4.80 (6 min)
[A_dice_clw_dir_prop_a200_c025_s0] epoch  70 loss 0.5924 dice 0.8114 clDice 0.8169 b0err 86.5 95HD 4.40 (7 min)
[A_dice_clw_dir_prop_a200_c025_s0] epoch  80 loss 0.5862 dice 0.8115 clDice 0.8166 b0err 78.9 95HD 4.54 (8 min)
[A_dice_clw_dir_prop_a200_c025_s0] epoch  90 loss 0.5787 dice 0.8130 clDice 0.8191 b0err 75.1 95HD 4.55 (9 min)
[A_dice_clw_dir_prop_a200_c025_s0] epoch 100 loss 0.5738 dice 0.8110 clDice 0.8139 b0err 93.4 95HD 4.69 (10 min)
[A_dice_clw_dir_prop_a200_c025_s0] done in 10 min; best dice 0.8160
--- 2026-08-28 06:11:55 H_aug_clw_dir_prop_a100_c025_s0 ---
results -> exp/results/selection_sweep, keeping every validated epoch
protocol legacy: fit on train (20 images), select on val (20 images)
train norm mean 0.4177 std 0.1442
[H_aug_clw_dir_prop_a100_c025_s0] epoch  10 loss 0.7498 dice 0.8136 clDice 0.8310 b0err 85.8 95HD 4.07 (1 min)
[H_aug_clw_dir_prop_a100_c025_s0] epoch  20 loss 0.7263 dice 0.8196 clDice 0.8339 b0err 74.4 95HD 3.61 (2 min)
[H_aug_clw_dir_prop_a100_c025_s0] epoch  30 loss 0.7163 dice 0.8197 clDice 0.8362 b0err 64.0 95HD 3.67 (3 min)
[H_aug_clw_dir_prop_a100_c025_s0] epoch  40 loss 0.7089 dice 0.8211 clDice 0.8325 b0err 67.0 95HD 3.62 (4 min)
[H_aug_clw_dir_prop_a100_c025_s0] epoch  50 loss 0.7059 dice 0.8213 clDice 0.8365 b0err 63.9 95HD 3.61 (5 min)
[H_aug_clw_dir_prop_a100_c025_s0] epoch  60 loss 0.7052 dice 0.8220 clDice 0.8357 b0err 58.8 95HD 3.55 (7 min)
[H_aug_clw_dir_prop_a100_c025_s0] epoch  70 loss 0.7048 dice 0.8228 clDice 0.8345 b0err 57.9 95HD 3.56 (8 min)
[H_aug_clw_dir_prop_a100_c025_s0] epoch  80 loss 0.6917 dice 0.8226 clDice 0.8351 b0err 64.7 95HD 3.55 (9 min)
[H_aug_clw_dir_prop_a100_c025_s0] epoch  90 loss 0.6986 dice 0.8215 clDice 0.8331 b0err 61.0 95HD 3.60 (10 min)
[H_aug_clw_dir_prop_a100_c025_s0] epoch 100 loss 0.6940 dice 0.8225 clDice 0.8352 b0err 58.2 95HD 3.57 (11 min)
[H_aug_clw_dir_prop_a100_c025_s0] done in 11 min; best dice 0.8228
--- 2026-08-28 06:22:58 A_dice_clw_dir_prop_a050_c025_s1 ---
results -> exp/results/selection_sweep, keeping every validated epoch
protocol legacy: fit on train (20 images), select on val (20 images)
train norm mean 0.4177 std 0.1442
[A_dice_clw_dir_prop_a050_c025_s1] epoch  10 loss 0.6971 dice 0.8159 clDice 0.8256 b0err 81.5 95HD 4.21 (1 min)
[A_dice_clw_dir_prop_a050_c025_s1] epoch  20 loss 0.6563 dice 0.8171 clDice 0.8281 b0err 70.2 95HD 4.25 (2 min)
[A_dice_clw_dir_prop_a050_c025_s1] epoch  30 loss 0.6358 dice 0.8103 clDice 0.8193 b0err 88.7 95HD 4.66 (3 min)
[A_dice_clw_dir_prop_a050_c025_s1] epoch  40 loss 0.6147 dice 0.8145 clDice 0.8241 b0err 78.4 95HD 4.52 (4 min)
[A_dice_clw_dir_prop_a050_c025_s1] epoch  50 loss 0.6091 dice 0.8137 clDice 0.8194 b0err 77.5 95HD 4.43 (5 min)
[A_dice_clw_dir_prop_a050_c025_s1] epoch  60 loss 0.6029 dice 0.8086 clDice 0.8147 b0err 105.4 95HD 5.22 (6 min)
[A_dice_clw_dir_prop_a050_c025_s1] epoch  70 loss 0.5878 dice 0.8113 clDice 0.8173 b0err 77.6 95HD 4.61 (7 min)
[A_dice_clw_dir_prop_a050_c025_s1] epoch  80 loss 0.5854 dice 0.8128 clDice 0.8200 b0err 76.3 95HD 4.55 (8 min)
[A_dice_clw_dir_prop_a050_c025_s1] epoch  90 loss 0.5785 dice 0.8095 clDice 0.8134 b0err 75.8 95HD 4.71 (9 min)
[A_dice_clw_dir_prop_a050_c025_s1] epoch 100 loss 0.5776 dice 0.8086 clDice 0.8128 b0err 89.5 95HD 4.79 (10 min)
[A_dice_clw_dir_prop_a050_c025_s1] done in 10 min; best dice 0.8171
--- 2026-08-28 06:33:32 A_dice_clw_dir_prop_a200_c025_s1 ---
results -> exp/results/selection_sweep, keeping every validated epoch
protocol legacy: fit on train (20 images), select on val (20 images)
train norm mean 0.4177 std 0.1442
[A_dice_clw_dir_prop_a200_c025_s1] epoch  10 loss 0.6974 dice 0.8135 clDice 0.8217 b0err 89.7 95HD 4.21 (1 min)
[A_dice_clw_dir_prop_a200_c025_s1] epoch  20 loss 0.6574 dice 0.8160 clDice 0.8286 b0err 70.2 95HD 4.31 (2 min)
[A_dice_clw_dir_prop_a200_c025_s1] epoch  30 loss 0.6360 dice 0.8099 clDice 0.8195 b0err 90.3 95HD 4.44 (3 min)
[A_dice_clw_dir_prop_a200_c025_s1] epoch  40 loss 0.6158 dice 0.8127 clDice 0.8203 b0err 95.9 95HD 4.69 (4 min)
[A_dice_clw_dir_prop_a200_c025_s1] epoch  50 loss 0.6101 dice 0.8124 clDice 0.8171 b0err 89.3 95HD 4.54 (5 min)
[A_dice_clw_dir_prop_a200_c025_s1] epoch  60 loss 0.6042 dice 0.8102 clDice 0.8192 b0err 90.0 95HD 4.66 (6 min)
[A_dice_clw_dir_prop_a200_c025_s1] epoch  70 loss 0.5872 dice 0.8109 clDice 0.8174 b0err 82.3 95HD 4.54 (7 min)
[A_dice_clw_dir_prop_a200_c025_s1] epoch  80 loss 0.5839 dice 0.8112 clDice 0.8175 b0err 72.3 95HD 4.56 (8 min)
[A_dice_clw_dir_prop_a200_c025_s1] epoch  90 loss 0.5791 dice 0.8101 clDice 0.8148 b0err 78.8 95HD 4.58 (9 min)
[A_dice_clw_dir_prop_a200_c025_s1] epoch 100 loss 0.5785 dice 0.8105 clDice 0.8145 b0err 96.3 95HD 4.65 (10 min)
[A_dice_clw_dir_prop_a200_c025_s1] done in 10 min; best dice 0.8160
--- 2026-08-28 06:43:56 H_aug_clw_dir_prop_a100_c025_s1 ---
results -> exp/results/selection_sweep, keeping every validated epoch
protocol legacy: fit on train (20 images), select on val (20 images)
train norm mean 0.4177 std 0.1442
[H_aug_clw_dir_prop_a100_c025_s1] epoch  10 loss 0.7562 dice 0.8159 clDice 0.8261 b0err 87.5 95HD 3.88 (1 min)
[H_aug_clw_dir_prop_a100_c025_s1] epoch  20 loss 0.7334 dice 0.8226 clDice 0.8355 b0err 58.4 95HD 3.86 (2 min)
[H_aug_clw_dir_prop_a100_c025_s1] epoch  30 loss 0.7205 dice 0.8203 clDice 0.8320 b0err 73.7 95HD 3.64 (3 min)
[H_aug_clw_dir_prop_a100_c025_s1] epoch  40 loss 0.7080 dice 0.8230 clDice 0.8368 b0err 54.2 95HD 3.69 (4 min)
[H_aug_clw_dir_prop_a100_c025_s1] epoch  50 loss 0.7096 dice 0.8211 clDice 0.8342 b0err 55.0 95HD 3.53 (5 min)
[H_aug_clw_dir_prop_a100_c025_s1] epoch  60 loss 0.7016 dice 0.8231 clDice 0.8335 b0err 65.8 95HD 3.48 (7 min)
[H_aug_clw_dir_prop_a100_c025_s1] epoch  70 loss 0.6989 dice 0.8224 clDice 0.8369 b0err 59.4 95HD 3.47 (8 min)
[H_aug_clw_dir_prop_a100_c025_s1] epoch  80 loss 0.7002 dice 0.8198 clDice 0.8330 b0err 58.2 95HD 3.51 (9 min)
[H_aug_clw_dir_prop_a100_c025_s1] epoch  90 loss 0.6948 dice 0.8214 clDice 0.8333 b0err 58.1 95HD 3.58 (10 min)
[H_aug_clw_dir_prop_a100_c025_s1] epoch 100 loss 0.6899 dice 0.8222 clDice 0.8358 b0err 59.1 95HD 3.52 (11 min)
[H_aug_clw_dir_prop_a100_c025_s1] done in 11 min; best dice 0.8231
--- 2026-08-28 06:54:59 A_dice_clw_dir_prop_a050_c025_s2 ---
results -> exp/results/selection_sweep, keeping every validated epoch
protocol legacy: fit on train (20 images), select on val (20 images)
train norm mean 0.4177 std 0.1442
[A_dice_clw_dir_prop_a050_c025_s2] epoch  10 loss 0.6865 dice 0.8130 clDice 0.8251 b0err 77.4 95HD 4.04 (1 min)
[A_dice_clw_dir_prop_a050_c025_s2] epoch  20 loss 0.6578 dice 0.8138 clDice 0.8216 b0err 82.2 95HD 4.05 (2 min)
[A_dice_clw_dir_prop_a050_c025_s2] epoch  30 loss 0.6350 dice 0.8146 clDice 0.8241 b0err 85.4 95HD 4.22 (3 min)
[A_dice_clw_dir_prop_a050_c025_s2] epoch  40 loss 0.6172 dice 0.8146 clDice 0.8205 b0err 86.5 95HD 4.11 (4 min)
[A_dice_clw_dir_prop_a050_c025_s2] epoch  50 loss 0.6025 dice 0.8149 clDice 0.8225 b0err 77.7 95HD 4.21 (5 min)
[A_dice_clw_dir_prop_a050_c025_s2] epoch  60 loss 0.6003 dice 0.8125 clDice 0.8170 b0err 83.3 95HD 4.43 (6 min)
[A_dice_clw_dir_prop_a050_c025_s2] epoch  70 loss 0.5904 dice 0.8116 clDice 0.8189 b0err 80.6 95HD 4.46 (7 min)
[A_dice_clw_dir_prop_a050_c025_s2] epoch  80 loss 0.5850 dice 0.8126 clDice 0.8189 b0err 82.5 95HD 4.42 (8 min)
[A_dice_clw_dir_prop_a050_c025_s2] epoch  90 loss 0.5832 dice 0.8108 clDice 0.8163 b0err 83.5 95HD 4.45 (9 min)
[A_dice_clw_dir_prop_a050_c025_s2] epoch 100 loss 0.5756 dice 0.8097 clDice 0.8142 b0err 89.3 95HD 4.62 (10 min)
[A_dice_clw_dir_prop_a050_c025_s2] done in 10 min; best dice 0.8149
--- 2026-08-28 07:05:30 A_dice_clw_dir_prop_a200_c025_s2 ---
results -> exp/results/selection_sweep, keeping every validated epoch
protocol legacy: fit on train (20 images), select on val (20 images)
train norm mean 0.4177 std 0.1442
[A_dice_clw_dir_prop_a200_c025_s2] epoch  10 loss 0.6873 dice 0.8142 clDice 0.8275 b0err 80.8 95HD 4.00 (1 min)
[A_dice_clw_dir_prop_a200_c025_s2] epoch  20 loss 0.6581 dice 0.8140 clDice 0.8212 b0err 78.8 95HD 4.04 (2 min)
[A_dice_clw_dir_prop_a200_c025_s2] epoch  30 loss 0.6332 dice 0.8161 clDice 0.8290 b0err 72.0 95HD 4.07 (3 min)
[A_dice_clw_dir_prop_a200_c025_s2] epoch  40 loss 0.6168 dice 0.8137 clDice 0.8206 b0err 79.5 95HD 4.26 (4 min)
[A_dice_clw_dir_prop_a200_c025_s2] epoch  50 loss 0.6024 dice 0.8131 clDice 0.8215 b0err 82.2 95HD 4.34 (5 min)
[A_dice_clw_dir_prop_a200_c025_s2] epoch  60 loss 0.6017 dice 0.8126 clDice 0.8153 b0err 93.6 95HD 4.46 (6 min)
[A_dice_clw_dir_prop_a200_c025_s2] epoch  70 loss 0.5907 dice 0.8114 clDice 0.8191 b0err 88.5 95HD 4.51 (7 min)
[A_dice_clw_dir_prop_a200_c025_s2] epoch  80 loss 0.5854 dice 0.8133 clDice 0.8201 b0err 71.1 95HD 4.34 (8 min)
[A_dice_clw_dir_prop_a200_c025_s2] epoch  90 loss 0.5822 dice 0.8080 clDice 0.8116 b0err 94.0 95HD 4.74 (9 min)
[A_dice_clw_dir_prop_a200_c025_s2] epoch 100 loss 0.5765 dice 0.8119 clDice 0.8175 b0err 84.5 95HD 4.47 (10 min)
[A_dice_clw_dir_prop_a200_c025_s2] done in 10 min; best dice 0.8161
--- 2026-08-28 07:15:52 H_aug_clw_dir_prop_a100_c025_s2 ---
results -> exp/results/selection_sweep, keeping every validated epoch
protocol legacy: fit on train (20 images), select on val (20 images)
train norm mean 0.4177 std 0.1442
[H_aug_clw_dir_prop_a100_c025_s2] epoch  10 loss 0.7511 dice 0.8186 clDice 0.8355 b0err 68.9 95HD 3.86 (1 min)
[H_aug_clw_dir_prop_a100_c025_s2] epoch  20 loss 0.7252 dice 0.8184 clDice 0.8323 b0err 67.2 95HD 3.80 (2 min)
[H_aug_clw_dir_prop_a100_c025_s2] epoch  30 loss 0.7163 dice 0.8211 clDice 0.8316 b0err 73.2 95HD 3.57 (3 min)
[H_aug_clw_dir_prop_a100_c025_s2] epoch  40 loss 0.7065 dice 0.8196 clDice 0.8325 b0err 65.1 95HD 3.79 (4 min)
[H_aug_clw_dir_prop_a100_c025_s2] epoch  50 loss 0.7122 dice 0.8192 clDice 0.8312 b0err 71.5 95HD 3.61 (5 min)
[H_aug_clw_dir_prop_a100_c025_s2] epoch  60 loss 0.7004 dice 0.8217 clDice 0.8350 b0err 61.8 95HD 3.59 (7 min)
[H_aug_clw_dir_prop_a100_c025_s2] epoch  70 loss 0.6956 dice 0.8211 clDice 0.8341 b0err 63.9 95HD 3.69 (8 min)
[H_aug_clw_dir_prop_a100_c025_s2] epoch  80 loss 0.6898 dice 0.8196 clDice 0.8316 b0err 64.5 95HD 3.41 (9 min)
[H_aug_clw_dir_prop_a100_c025_s2] epoch  90 loss 0.6892 dice 0.8220 clDice 0.8351 b0err 58.6 95HD 3.58 (10 min)
[H_aug_clw_dir_prop_a100_c025_s2] epoch 100 loss 0.6858 dice 0.8217 clDice 0.8366 b0err 59.7 95HD 3.61 (11 min)
[H_aug_clw_dir_prop_a100_c025_s2] done in 11 min; best dice 0.8220
--- 2026-08-28 07:26:55 A_dice_clw_dir_prop_a050_c025_s3 ---
results -> exp/results/selection_sweep, keeping every validated epoch
protocol legacy: fit on train (20 images), select on val (20 images)
train norm mean 0.4177 std 0.1442
[A_dice_clw_dir_prop_a050_c025_s3] epoch  10 loss 0.6931 dice 0.8186 clDice 0.8294 b0err 60.0 95HD 4.10 (1 min)
[A_dice_clw_dir_prop_a050_c025_s3] epoch  20 loss 0.6555 dice 0.8152 clDice 0.8262 b0err 70.3 95HD 3.99 (2 min)
[A_dice_clw_dir_prop_a050_c025_s3] epoch  30 loss 0.6312 dice 0.8112 clDice 0.8205 b0err 78.6 95HD 4.25 (3 min)
[A_dice_clw_dir_prop_a050_c025_s3] epoch  40 loss 0.6180 dice 0.8138 clDice 0.8242 b0err 71.4 95HD 4.39 (4 min)
[A_dice_clw_dir_prop_a050_c025_s3] epoch  50 loss 0.6056 dice 0.8148 clDice 0.8213 b0err 79.2 95HD 4.19 (5 min)
[A_dice_clw_dir_prop_a050_c025_s3] epoch  60 loss 0.5991 dice 0.8068 clDice 0.8150 b0err 91.2 95HD 5.00 (6 min)
[A_dice_clw_dir_prop_a050_c025_s3] epoch  70 loss 0.5874 dice 0.8140 clDice 0.8210 b0err 75.0 95HD 4.45 (7 min)
[A_dice_clw_dir_prop_a050_c025_s3] epoch  80 loss 0.5818 dice 0.8098 clDice 0.8165 b0err 84.0 95HD 4.56 (8 min)
[A_dice_clw_dir_prop_a050_c025_s3] epoch  90 loss 0.5785 dice 0.8076 clDice 0.8115 b0err 98.5 95HD 5.01 (9 min)
[A_dice_clw_dir_prop_a050_c025_s3] epoch 100 loss 0.5769 dice 0.8103 clDice 0.8132 b0err 87.9 95HD 4.64 (10 min)
[A_dice_clw_dir_prop_a050_c025_s3] done in 10 min; best dice 0.8186
--- 2026-08-28 07:37:25 A_dice_clw_dir_prop_a200_c025_s3 ---
results -> exp/results/selection_sweep, keeping every validated epoch
protocol legacy: fit on train (20 images), select on val (20 images)
train norm mean 0.4177 std 0.1442
[A_dice_clw_dir_prop_a200_c025_s3] epoch  10 loss 0.6928 dice 0.8170 clDice 0.8265 b0err 70.5 95HD 4.13 (1 min)
[A_dice_clw_dir_prop_a200_c025_s3] epoch  20 loss 0.6555 dice 0.8152 clDice 0.8257 b0err 69.7 95HD 4.21 (2 min)
[A_dice_clw_dir_prop_a200_c025_s3] epoch  30 loss 0.6304 dice 0.8114 clDice 0.8216 b0err 80.1 95HD 4.30 (3 min)
[A_dice_clw_dir_prop_a200_c025_s3] epoch  40 loss 0.6181 dice 0.8141 clDice 0.8245 b0err 74.2 95HD 4.27 (4 min)
[A_dice_clw_dir_prop_a200_c025_s3] epoch  50 loss 0.6049 dice 0.8129 clDice 0.8224 b0err 78.3 95HD 4.27 (5 min)
[A_dice_clw_dir_prop_a200_c025_s3] epoch  60 loss 0.5995 dice 0.8095 clDice 0.8170 b0err 96.1 95HD 4.74 (6 min)
[A_dice_clw_dir_prop_a200_c025_s3] epoch  70 loss 0.5875 dice 0.8121 clDice 0.8183 b0err 85.3 95HD 4.41 (7 min)
[A_dice_clw_dir_prop_a200_c025_s3] epoch  80 loss 0.5808 dice 0.8073 clDice 0.8121 b0err 107.6 95HD 4.94 (8 min)
[A_dice_clw_dir_prop_a200_c025_s3] epoch  90 loss 0.5779 dice 0.8062 clDice 0.8094 b0err 110.9 95HD 4.78 (9 min)
[A_dice_clw_dir_prop_a200_c025_s3] epoch 100 loss 0.5749 dice 0.8094 clDice 0.8130 b0err 94.0 95HD 4.70 (10 min)
[A_dice_clw_dir_prop_a200_c025_s3] done in 10 min; best dice 0.8170
--- 2026-08-28 07:47:49 H_aug_clw_dir_prop_a100_c025_s3 ---
results -> exp/results/selection_sweep, keeping every validated epoch
protocol legacy: fit on train (20 images), select on val (20 images)
train norm mean 0.4177 std 0.1442
[H_aug_clw_dir_prop_a100_c025_s3] epoch  10 loss 0.7457 dice 0.8188 clDice 0.8343 b0err 66.2 95HD 3.88 (1 min)
[H_aug_clw_dir_prop_a100_c025_s3] epoch  20 loss 0.7282 dice 0.8186 clDice 0.8298 b0err 67.4 95HD 3.92 (2 min)
[H_aug_clw_dir_prop_a100_c025_s3] epoch  30 loss 0.7199 dice 0.8192 clDice 0.8318 b0err 68.5 95HD 3.55 (3 min)
[H_aug_clw_dir_prop_a100_c025_s3] epoch  40 loss 0.7107 dice 0.8221 clDice 0.8320 b0err 62.5 95HD 3.81 (4 min)
[H_aug_clw_dir_prop_a100_c025_s3] epoch  50 loss 0.7024 dice 0.8192 clDice 0.8354 b0err 59.2 95HD 3.80 (5 min)
[H_aug_clw_dir_prop_a100_c025_s3] epoch  60 loss 0.7078 dice 0.8197 clDice 0.8319 b0err 62.0 95HD 3.70 (7 min)
[H_aug_clw_dir_prop_a100_c025_s3] epoch  70 loss 0.7010 dice 0.8196 clDice 0.8361 b0err 53.0 95HD 3.71 (8 min)
[H_aug_clw_dir_prop_a100_c025_s3] epoch  80 loss 0.6923 dice 0.8227 clDice 0.8348 b0err 61.5 95HD 3.56 (9 min)
[H_aug_clw_dir_prop_a100_c025_s3] epoch  90 loss 0.6911 dice 0.8216 clDice 0.8350 b0err 61.1 95HD 3.64 (10 min)
[H_aug_clw_dir_prop_a100_c025_s3] epoch 100 loss 0.6898 dice 0.8219 clDice 0.8341 b0err 55.8 95HD 3.65 (11 min)
[H_aug_clw_dir_prop_a100_c025_s3] done in 11 min; best dice 0.8227
--- 2026-08-28 07:58:48 A_dice_clw_dir_prop_a050_c025_s4 ---
results -> exp/results/selection_sweep, keeping every validated epoch
protocol legacy: fit on train (20 images), select on val (20 images)
train norm mean 0.4177 std 0.1442
[A_dice_clw_dir_prop_a050_c025_s4] epoch  10 loss 0.6855 dice 0.8173 clDice 0.8314 b0err 63.9 95HD 4.29 (1 min)
[A_dice_clw_dir_prop_a050_c025_s4] epoch  20 loss 0.6544 dice 0.8149 clDice 0.8201 b0err 79.9 95HD 4.47 (2 min)
[A_dice_clw_dir_prop_a050_c025_s4] epoch  30 loss 0.6316 dice 0.8160 clDice 0.8233 b0err 81.9 95HD 4.22 (3 min)
[A_dice_clw_dir_prop_a050_c025_s4] epoch  40 loss 0.6204 dice 0.8126 clDice 0.8202 b0err 81.7 95HD 4.54 (4 min)
[A_dice_clw_dir_prop_a050_c025_s4] epoch  50 loss 0.6041 dice 0.8119 clDice 0.8172 b0err 94.0 95HD 4.60 (5 min)
[A_dice_clw_dir_prop_a050_c025_s4] epoch  60 loss 0.5967 dice 0.8132 clDice 0.8185 b0err 77.1 95HD 4.63 (6 min)
[A_dice_clw_dir_prop_a050_c025_s4] epoch  70 loss 0.5949 dice 0.8125 clDice 0.8188 b0err 93.2 95HD 4.59 (7 min)
[A_dice_clw_dir_prop_a050_c025_s4] epoch  80 loss 0.5883 dice 0.8105 clDice 0.8191 b0err 85.9 95HD 4.80 (8 min)
[A_dice_clw_dir_prop_a050_c025_s4] epoch  90 loss 0.5751 dice 0.8119 clDice 0.8161 b0err 78.5 95HD 4.57 (9 min)
[A_dice_clw_dir_prop_a050_c025_s4] epoch 100 loss 0.5735 dice 0.8098 clDice 0.8144 b0err 84.0 95HD 4.56 (10 min)
[A_dice_clw_dir_prop_a050_c025_s4] done in 10 min; best dice 0.8173
--- 2026-08-28 08:09:17 A_dice_clw_dir_prop_a200_c025_s4 ---
results -> exp/results/selection_sweep, keeping every validated epoch
protocol legacy: fit on train (20 images), select on val (20 images)
train norm mean 0.4177 std 0.1442
[A_dice_clw_dir_prop_a200_c025_s4] epoch  10 loss 0.6865 dice 0.8159 clDice 0.8322 b0err 70.2 95HD 4.21 (1 min)
[A_dice_clw_dir_prop_a200_c025_s4] epoch  20 loss 0.6554 dice 0.8162 clDice 0.8205 b0err 85.8 95HD 4.41 (2 min)
[A_dice_clw_dir_prop_a200_c025_s4] epoch  30 loss 0.6319 dice 0.8148 clDice 0.8228 b0err 83.2 95HD 4.43 (3 min)
[A_dice_clw_dir_prop_a200_c025_s4] epoch  40 loss 0.6206 dice 0.8147 clDice 0.8217 b0err 76.8 95HD 4.49 (4 min)
[A_dice_clw_dir_prop_a200_c025_s4] epoch  50 loss 0.6050 dice 0.8108 clDice 0.8161 b0err 95.8 95HD 4.85 (5 min)
[A_dice_clw_dir_prop_a200_c025_s4] epoch  60 loss 0.5959 dice 0.8139 clDice 0.8193 b0err 72.0 95HD 4.70 (6 min)
[A_dice_clw_dir_prop_a200_c025_s4] epoch  70 loss 0.5931 dice 0.8108 clDice 0.8169 b0err 93.0 95HD 4.84 (7 min)
[A_dice_clw_dir_prop_a200_c025_s4] epoch  80 loss 0.5855 dice 0.8097 clDice 0.8163 b0err 90.0 95HD 4.98 (8 min)
[A_dice_clw_dir_prop_a200_c025_s4] epoch  90 loss 0.5761 dice 0.8091 clDice 0.8142 b0err 75.9 95HD 4.60 (9 min)
[A_dice_clw_dir_prop_a200_c025_s4] epoch 100 loss 0.5725 dice 0.8099 clDice 0.8128 b0err 81.0 95HD 4.80 (10 min)
[A_dice_clw_dir_prop_a200_c025_s4] done in 10 min; best dice 0.8162
--- 2026-08-28 08:19:43 H_aug_clw_dir_prop_a100_c025_s4 ---
results -> exp/results/selection_sweep, keeping every validated epoch
protocol legacy: fit on train (20 images), select on val (20 images)
train norm mean 0.4177 std 0.1442
[H_aug_clw_dir_prop_a100_c025_s4] epoch  10 loss 0.7521 dice 0.8183 clDice 0.8356 b0err 64.7 95HD 4.01 (1 min)
[H_aug_clw_dir_prop_a100_c025_s4] epoch  20 loss 0.7371 dice 0.8197 clDice 0.8335 b0err 64.6 95HD 3.74 (2 min)
[H_aug_clw_dir_prop_a100_c025_s4] epoch  30 loss 0.7170 dice 0.8176 clDice 0.8322 b0err 71.8 95HD 3.69 (3 min)
[H_aug_clw_dir_prop_a100_c025_s4] epoch  40 loss 0.7113 dice 0.8184 clDice 0.8325 b0err 70.2 95HD 3.77 (4 min)
[H_aug_clw_dir_prop_a100_c025_s4] epoch  50 loss 0.7042 dice 0.8206 clDice 0.8324 b0err 65.8 95HD 3.64 (5 min)
[H_aug_clw_dir_prop_a100_c025_s4] epoch  60 loss 0.7077 dice 0.8199 clDice 0.8304 b0err 78.3 95HD 3.65 (7 min)
[H_aug_clw_dir_prop_a100_c025_s4] epoch  70 loss 0.7046 dice 0.8224 clDice 0.8340 b0err 60.0 95HD 3.63 (8 min)
[H_aug_clw_dir_prop_a100_c025_s4] epoch  80 loss 0.6972 dice 0.8204 clDice 0.8340 b0err 62.1 95HD 3.67 (9 min)
[H_aug_clw_dir_prop_a100_c025_s4] epoch  90 loss 0.6970 dice 0.8201 clDice 0.8331 b0err 66.2 95HD 3.68 (10 min)
[H_aug_clw_dir_prop_a100_c025_s4] epoch 100 loss 0.6939 dice 0.8213 clDice 0.8361 b0err 59.4 95HD 3.51 (11 min)
[H_aug_clw_dir_prop_a100_c025_s4] done in 11 min; best dice 0.8224
--- 2026-08-28 08:30:46 A_dice_clw_dir_prop_a050_c025_s5 ---
results -> exp/results/selection_sweep, keeping every validated epoch
protocol legacy: fit on train (20 images), select on val (20 images)
train norm mean 0.4177 std 0.1442
[A_dice_clw_dir_prop_a050_c025_s5] epoch  10 loss 0.6921 dice 0.8160 clDice 0.8300 b0err 75.0 95HD 4.19 (1 min)
[A_dice_clw_dir_prop_a050_c025_s5] epoch  20 loss 0.6591 dice 0.8133 clDice 0.8235 b0err 81.5 95HD 4.24 (2 min)
[A_dice_clw_dir_prop_a050_c025_s5] epoch  30 loss 0.6229 dice 0.8127 clDice 0.8191 b0err 99.8 95HD 4.67 (3 min)
[A_dice_clw_dir_prop_a050_c025_s5] epoch  40 loss 0.6160 dice 0.8147 clDice 0.8239 b0err 66.2 95HD 4.23 (4 min)
[A_dice_clw_dir_prop_a050_c025_s5] epoch  50 loss 0.6076 dice 0.8133 clDice 0.8206 b0err 72.2 95HD 4.48 (5 min)
[A_dice_clw_dir_prop_a050_c025_s5] epoch  60 loss 0.5931 dice 0.8120 clDice 0.8189 b0err 87.3 95HD 4.52 (6 min)
[A_dice_clw_dir_prop_a050_c025_s5] epoch  70 loss 0.5960 dice 0.8074 clDice 0.8149 b0err 92.3 95HD 4.60 (7 min)
[A_dice_clw_dir_prop_a050_c025_s5] epoch  80 loss 0.5883 dice 0.8071 clDice 0.8120 b0err 100.1 95HD 4.82 (8 min)
[A_dice_clw_dir_prop_a050_c025_s5] epoch  90 loss 0.5757 dice 0.8103 clDice 0.8145 b0err 80.4 95HD 4.76 (9 min)
[A_dice_clw_dir_prop_a050_c025_s5] epoch 100 loss 0.5760 dice 0.8085 clDice 0.8115 b0err 96.3 95HD 4.92 (10 min)
[A_dice_clw_dir_prop_a050_c025_s5] done in 10 min; best dice 0.8160
--- 2026-08-28 08:41:18 A_dice_clw_dir_prop_a200_c025_s5 ---
results -> exp/results/selection_sweep, keeping every validated epoch
protocol legacy: fit on train (20 images), select on val (20 images)
train norm mean 0.4177 std 0.1442
[A_dice_clw_dir_prop_a200_c025_s5] epoch  10 loss 0.6909 dice 0.8150 clDice 0.8312 b0err 76.5 95HD 4.30 (1 min)
[A_dice_clw_dir_prop_a200_c025_s5] epoch  20 loss 0.6562 dice 0.8109 clDice 0.8192 b0err 95.3 95HD 4.54 (2 min)
[A_dice_clw_dir_prop_a200_c025_s5] epoch  30 loss 0.6216 dice 0.8167 clDice 0.8254 b0err 82.2 95HD 4.08 (3 min)
[A_dice_clw_dir_prop_a200_c025_s5] epoch  40 loss 0.6146 dice 0.8147 clDice 0.8225 b0err 66.9 95HD 4.59 (4 min)
[A_dice_clw_dir_prop_a200_c025_s5] epoch  50 loss 0.6033 dice 0.8146 clDice 0.8216 b0err 72.8 95HD 4.44 (5 min)
[A_dice_clw_dir_prop_a200_c025_s5] epoch  60 loss 0.5893 dice 0.8123 clDice 0.8216 b0err 75.3 95HD 4.48 (6 min)
[A_dice_clw_dir_prop_a200_c025_s5] epoch  70 loss 0.5934 dice 0.8086 clDice 0.8150 b0err 85.0 95HD 4.50 (7 min)
[A_dice_clw_dir_prop_a200_c025_s5] epoch  80 loss 0.5855 dice 0.8080 clDice 0.8134 b0err 98.5 95HD 4.84 (8 min)
[A_dice_clw_dir_prop_a200_c025_s5] epoch  90 loss 0.5755 dice 0.8089 clDice 0.8148 b0err 82.5 95HD 4.80 (9 min)
[A_dice_clw_dir_prop_a200_c025_s5] epoch 100 loss 0.5733 dice 0.8099 clDice 0.8156 b0err 89.0 95HD 4.75 (10 min)
[A_dice_clw_dir_prop_a200_c025_s5] done in 10 min; best dice 0.8167
--- 2026-08-28 08:51:50 H_aug_clw_dir_prop_a100_c025_s5 ---
results -> exp/results/selection_sweep, keeping every validated epoch
protocol legacy: fit on train (20 images), select on val (20 images)
train norm mean 0.4177 std 0.1442
[H_aug_clw_dir_prop_a100_c025_s5] epoch  10 loss 0.7474 dice 0.8131 clDice 0.8280 b0err 79.5 95HD 3.78 (1 min)
[H_aug_clw_dir_prop_a100_c025_s5] epoch  20 loss 0.7276 dice 0.8186 clDice 0.8336 b0err 64.6 95HD 3.69 (2 min)
[H_aug_clw_dir_prop_a100_c025_s5] epoch  30 loss 0.7131 dice 0.8213 clDice 0.8346 b0err 65.0 95HD 3.53 (3 min)
[H_aug_clw_dir_prop_a100_c025_s5] epoch  40 loss 0.7056 dice 0.8234 clDice 0.8357 b0err 59.6 95HD 3.62 (4 min)
[H_aug_clw_dir_prop_a100_c025_s5] epoch  50 loss 0.7053 dice 0.8235 clDice 0.8347 b0err 58.8 95HD 3.50 (5 min)
[H_aug_clw_dir_prop_a100_c025_s5] epoch  60 loss 0.6994 dice 0.8205 clDice 0.8358 b0err 51.5 95HD 3.69 (7 min)
[H_aug_clw_dir_prop_a100_c025_s5] epoch  70 loss 0.6949 dice 0.8208 clDice 0.8336 b0err 61.2 95HD 3.54 (8 min)
[H_aug_clw_dir_prop_a100_c025_s5] epoch  80 loss 0.6970 dice 0.8205 clDice 0.8329 b0err 56.5 95HD 3.56 (9 min)
[H_aug_clw_dir_prop_a100_c025_s5] epoch  90 loss 0.6978 dice 0.8225 clDice 0.8340 b0err 54.9 95HD 3.60 (10 min)
[H_aug_clw_dir_prop_a100_c025_s5] epoch 100 loss 0.6877 dice 0.8231 clDice 0.8352 b0err 56.3 95HD 3.61 (11 min)
[H_aug_clw_dir_prop_a100_c025_s5] done in 11 min; best dice 0.8235
=== 2026-08-28 09:02:52 d1f gpu=0 done ===
