=== 2026-08-27 01:42:55 d1 gpu=1 6 runs -> exp/results/selection_sweep ===
--- 2026-08-27 01:42:55 H_aug_dir_s0 ---
results -> exp/results/selection_sweep, keeping every validated epoch
train norm mean 0.4177 std 0.1442
[H_aug_dir_s0] epoch  10 loss 0.5599 dice 0.8170 clDice 0.8317 b0err 69.4 95HD 4.02 (1 min)
[H_aug_dir_s0] epoch  20 loss 0.5414 dice 0.8197 clDice 0.8315 b0err 68.2 95HD 3.80 (2 min)
[H_aug_dir_s0] epoch  30 loss 0.5351 dice 0.8212 clDice 0.8338 b0err 63.1 95HD 3.96 (3 min)
[H_aug_dir_s0] epoch  40 loss 0.5291 dice 0.8219 clDice 0.8303 b0err 61.1 95HD 4.12 (4 min)
[H_aug_dir_s0] epoch  50 loss 0.5296 dice 0.8209 clDice 0.8334 b0err 63.1 95HD 3.72 (5 min)
[H_aug_dir_s0] epoch  60 loss 0.5271 dice 0.8214 clDice 0.8315 b0err 56.2 95HD 4.06 (6 min)
[H_aug_dir_s0] epoch  70 loss 0.5301 dice 0.8218 clDice 0.8305 b0err 58.4 95HD 3.86 (7 min)
[H_aug_dir_s0] epoch  80 loss 0.5171 dice 0.8226 clDice 0.8327 b0err 64.6 95HD 3.85 (8 min)
[H_aug_dir_s0] epoch  90 loss 0.5221 dice 0.8220 clDice 0.8321 b0err 60.1 95HD 3.74 (9 min)
[H_aug_dir_s0] epoch 100 loss 0.5194 dice 0.8229 clDice 0.8327 b0err 57.0 95HD 3.57 (9 min)
[H_aug_dir_s0] done in 9 min; best dice 0.8229
--- 2026-08-27 01:52:31 H_aug_dir_s1 ---
results -> exp/results/selection_sweep, keeping every validated epoch
train norm mean 0.4177 std 0.1442
[H_aug_dir_s1] epoch  10 loss 0.5663 dice 0.8163 clDice 0.8280 b0err 68.2 95HD 4.17 (1 min)
[H_aug_dir_s1] epoch  20 loss 0.5487 dice 0.8218 clDice 0.8322 b0err 56.8 95HD 4.19 (2 min)
[H_aug_dir_s1] epoch  30 loss 0.5380 dice 0.8190 clDice 0.8284 b0err 62.2 95HD 4.03 (3 min)
[H_aug_dir_s1] epoch  40 loss 0.5277 dice 0.8231 clDice 0.8298 b0err 58.0 95HD 4.24 (4 min)
[H_aug_dir_s1] epoch  50 loss 0.5298 dice 0.8213 clDice 0.8330 b0err 61.2 95HD 3.60 (5 min)
[H_aug_dir_s1] epoch  60 loss 0.5240 dice 0.8240 clDice 0.8329 b0err 59.4 95HD 3.71 (6 min)
[H_aug_dir_s1] epoch  70 loss 0.5230 dice 0.8218 clDice 0.8353 b0err 57.6 95HD 3.69 (7 min)
[H_aug_dir_s1] epoch  80 loss 0.5250 dice 0.8215 clDice 0.8336 b0err 58.6 95HD 3.72 (7 min)
[H_aug_dir_s1] epoch  90 loss 0.5193 dice 0.8221 clDice 0.8316 b0err 55.1 95HD 3.81 (8 min)
[H_aug_dir_s1] epoch 100 loss 0.5170 dice 0.8211 clDice 0.8333 b0err 63.4 95HD 3.59 (9 min)
[H_aug_dir_s1] done in 9 min; best dice 0.8240
--- 2026-08-27 02:02:01 H_aug_dir_s2 ---
results -> exp/results/selection_sweep, keeping every validated epoch
train norm mean 0.4177 std 0.1442
[H_aug_dir_s2] epoch  10 loss 0.5658 dice 0.8190 clDice 0.8311 b0err 63.2 95HD 4.21 (1 min)
[H_aug_dir_s2] epoch  20 loss 0.5423 dice 0.8179 clDice 0.8290 b0err 62.0 95HD 4.02 (2 min)
[H_aug_dir_s2] epoch  30 loss 0.5356 dice 0.8199 clDice 0.8322 b0err 58.4 95HD 4.10 (3 min)
[H_aug_dir_s2] epoch  40 loss 0.5293 dice 0.8207 clDice 0.8334 b0err 59.2 95HD 3.73 (4 min)
[H_aug_dir_s2] epoch  50 loss 0.5344 dice 0.8204 clDice 0.8310 b0err 58.6 95HD 3.71 (5 min)
[H_aug_dir_s2] epoch  60 loss 0.5223 dice 0.8239 clDice 0.8354 b0err 48.0 95HD 3.81 (6 min)
[H_aug_dir_s2] epoch  70 loss 0.5191 dice 0.8239 clDice 0.8371 b0err 51.6 95HD 3.64 (7 min)
[H_aug_dir_s2] epoch  80 loss 0.5157 dice 0.8218 clDice 0.8334 b0err 60.8 95HD 3.51 (8 min)
[H_aug_dir_s2] epoch  90 loss 0.5162 dice 0.8216 clDice 0.8335 b0err 56.3 95HD 3.70 (8 min)
[H_aug_dir_s2] epoch 100 loss 0.5134 dice 0.8220 clDice 0.8355 b0err 55.1 95HD 3.67 (9 min)
[H_aug_dir_s2] done in 9 min; best dice 0.8239
--- 2026-08-27 02:11:34 H_aug_dir_s3 ---
results -> exp/results/selection_sweep, keeping every validated epoch
train norm mean 0.4177 std 0.1442
[H_aug_dir_s3] epoch  10 loss 0.5564 dice 0.8165 clDice 0.8284 b0err 66.8 95HD 4.38 (1 min)
[H_aug_dir_s3] epoch  20 loss 0.5461 dice 0.8184 clDice 0.8284 b0err 63.4 95HD 4.13 (2 min)
[H_aug_dir_s3] epoch  30 loss 0.5369 dice 0.8198 clDice 0.8329 b0err 59.8 95HD 3.87 (3 min)
[H_aug_dir_s3] epoch  40 loss 0.5330 dice 0.8224 clDice 0.8319 b0err 58.1 95HD 4.06 (4 min)
[H_aug_dir_s3] epoch  50 loss 0.5267 dice 0.8206 clDice 0.8353 b0err 56.6 95HD 3.92 (5 min)
[H_aug_dir_s3] epoch  60 loss 0.5296 dice 0.8201 clDice 0.8319 b0err 58.4 95HD 3.79 (6 min)
[H_aug_dir_s3] epoch  70 loss 0.5256 dice 0.8213 clDice 0.8370 b0err 49.1 95HD 3.79 (7 min)
[H_aug_dir_s3] epoch  80 loss 0.5162 dice 0.8233 clDice 0.8361 b0err 55.5 95HD 3.62 (8 min)
[H_aug_dir_s3] epoch  90 loss 0.5186 dice 0.8217 clDice 0.8322 b0err 66.5 95HD 3.63 (8 min)
[H_aug_dir_s3] epoch 100 loss 0.5141 dice 0.8233 clDice 0.8338 b0err 55.5 95HD 3.70 (9 min)
[H_aug_dir_s3] done in 9 min; best dice 0.8233
--- 2026-08-27 02:21:07 H_aug_dir_s4 ---
results -> exp/results/selection_sweep, keeping every validated epoch
train norm mean 0.4177 std 0.1442
[H_aug_dir_s4] epoch  10 loss 0.5634 dice 0.8171 clDice 0.8301 b0err 70.8 95HD 4.12 (1 min)
[H_aug_dir_s4] epoch  20 loss 0.5517 dice 0.8171 clDice 0.8314 b0err 64.3 95HD 3.93 (2 min)
[H_aug_dir_s4] epoch  30 loss 0.5382 dice 0.8217 clDice 0.8321 b0err 70.0 95HD 3.86 (3 min)
[H_aug_dir_s4] epoch  40 loss 0.5335 dice 0.8199 clDice 0.8336 b0err 68.7 95HD 3.75 (4 min)
[H_aug_dir_s4] epoch  50 loss 0.5260 dice 0.8198 clDice 0.8317 b0err 56.1 95HD 3.89 (5 min)
[H_aug_dir_s4] epoch  60 loss 0.5322 dice 0.8213 clDice 0.8343 b0err 68.3 95HD 3.61 (6 min)
[H_aug_dir_s4] epoch  70 loss 0.5277 dice 0.8218 clDice 0.8342 b0err 57.4 95HD 3.72 (7 min)
[H_aug_dir_s4] epoch  80 loss 0.5207 dice 0.8214 clDice 0.8354 b0err 57.8 95HD 3.76 (7 min)
[H_aug_dir_s4] epoch  90 loss 0.5198 dice 0.8206 clDice 0.8333 b0err 63.6 95HD 3.60 (8 min)
[H_aug_dir_s4] epoch 100 loss 0.5187 dice 0.8226 clDice 0.8344 b0err 55.8 95HD 3.81 (9 min)
[H_aug_dir_s4] done in 9 min; best dice 0.8226
--- 2026-08-27 02:30:37 H_aug_dir_s5 ---
results -> exp/results/selection_sweep, keeping every validated epoch
train norm mean 0.4177 std 0.1442
[H_aug_dir_s5] epoch  10 loss 0.5598 dice 0.8156 clDice 0.8246 b0err 70.6 95HD 4.30 (1 min)
[H_aug_dir_s5] epoch  20 loss 0.5439 dice 0.8182 clDice 0.8297 b0err 64.5 95HD 3.88 (2 min)
[H_aug_dir_s5] epoch  30 loss 0.5362 dice 0.8213 clDice 0.8311 b0err 60.4 95HD 3.97 (3 min)
[H_aug_dir_s5] epoch  40 loss 0.5279 dice 0.8226 clDice 0.8325 b0err 59.8 95HD 3.99 (4 min)
[H_aug_dir_s5] epoch  50 loss 0.5294 dice 0.8239 clDice 0.8327 b0err 58.8 95HD 3.84 (5 min)
[H_aug_dir_s5] epoch  60 loss 0.5262 dice 0.8214 clDice 0.8326 b0err 57.5 95HD 3.72 (6 min)
[H_aug_dir_s5] epoch  70 loss 0.5201 dice 0.8209 clDice 0.8313 b0err 55.7 95HD 3.95 (7 min)
[H_aug_dir_s5] epoch  80 loss 0.5227 dice 0.8215 clDice 0.8336 b0err 55.6 95HD 3.59 (7 min)
[H_aug_dir_s5] epoch  90 loss 0.5219 dice 0.8225 clDice 0.8327 b0err 57.0 95HD 3.67 (8 min)
[H_aug_dir_s5] epoch 100 loss 0.5153 dice 0.8231 clDice 0.8329 b0err 51.2 95HD 3.88 (9 min)
[H_aug_dir_s5] done in 9 min; best dice 0.8239
=== 2026-08-27 02:40:01 d1 gpu=1 done ===
