STARE: 20 images, folds 0-9 / 10-19
[ah_f0_s0] epoch  20 loss 0.3165 (11 min)
[ah_f0_s0] epoch  40 loss 0.2857 (23 min)
[ah_f0_s0] epoch  60 loss 0.2637 (36 min)
[ah_f0_s0] epoch  80 loss 0.2481 (50 min)
[ah_f0_s0] epoch 100 loss 0.2366 (64 min)
[ah_f0_s0] done in 64 min · dice vs ah 0.7980 · vs other 0.6848
[vk_f0_s0] epoch  20 loss 0.4473 (13 min)
[vk_f0_s0] epoch  40 loss 0.4134 (25 min)
[vk_f0_s0] epoch  60 loss 0.3888 (38 min)
[vk_f0_s0] epoch  80 loss 0.3808 (51 min)
[vk_f0_s0] epoch 100 loss 0.3684 (63 min)
[vk_f0_s0] done in 63 min · dice vs vk 0.8096 · vs other 0.7779
[ah_f1_s0] epoch  20 loss 0.2829 (13 min)
[ah_f1_s0] epoch  40 loss 0.2621 (27 min)
[ah_f1_s0] epoch  60 loss 0.2419 (38 min)
[ah_f1_s0] epoch  80 loss 0.2239 (51 min)
[ah_f1_s0] epoch 100 loss 0.2226 (62 min)
[ah_f1_s0] done in 62 min · dice vs ah 0.8094 · vs other 0.7275
[vk_f1_s0] epoch  20 loss 0.3585 (13 min)
[vk_f1_s0] epoch  40 loss 0.3383 (27 min)
[vk_f1_s0] epoch  60 loss 0.3186 (40 min)
[vk_f1_s0] epoch  80 loss 0.3054 (53 min)
[vk_f1_s0] epoch 100 loss 0.3011 (67 min)
[vk_f1_s0] done in 67 min · dice vs vk 0.7539 · vs other 0.7378
[ah_f0_s1] epoch  20 loss 0.3194 (13 min)
[ah_f0_s1] epoch  40 loss 0.2838 (26 min)
[ah_f0_s1] epoch  60 loss 0.2610 (38 min)
[ah_f0_s1] epoch  80 loss 0.2414 (51 min)
[ah_f0_s1] epoch 100 loss 0.2392 (64 min)
[ah_f0_s1] done in 64 min · dice vs ah 0.8024 · vs other 0.6875
[vk_f0_s1] epoch  20 loss 0.4416 (13 min)
[vk_f0_s1] epoch  40 loss 0.4166 (27 min)
[vk_f0_s1] epoch  60 loss 0.3952 (41 min)
[vk_f0_s1] epoch  80 loss 0.3775 (54 min)
[vk_f0_s1] epoch 100 loss 0.3696 (67 min)
[vk_f0_s1] done in 67 min · dice vs vk 0.7869 · vs other 0.7827
[ah_f1_s1] epoch  20 loss 0.2920 (13 min)
[ah_f1_s1] epoch  40 loss 0.2617 (27 min)
[ah_f1_s1] epoch  60 loss 0.2413 (41 min)
[ah_f1_s1] epoch  80 loss 0.2308 (55 min)
[ah_f1_s1] epoch 100 loss 0.2197 (69 min)
[ah_f1_s1] done in 69 min · dice vs ah 0.8060 · vs other 0.7290
[vk_f1_s1] epoch  20 loss 0.3652 (14 min)
[vk_f1_s1] epoch  40 loss 0.3361 (30 min)
[vk_f1_s1] epoch  60 loss 0.3182 (44 min)
[vk_f1_s1] epoch  80 loss 0.3061 (58 min)
[vk_f1_s1] epoch 100 loss 0.2982 (76 min)
[vk_f1_s1] done in 76 min · dice vs vk 0.7548 · vs other 0.7417
