STARE: 20 images, folds 0-9 / 10-19
[ah_f0_s0] already finished, skipping
[vk_f0_s0] already finished, skipping
[soft_f0_s0] already finished, skipping
[ah_f1_s0] already finished, skipping
[vk_f1_s0] already finished, skipping
[soft_f1_s0] already finished, skipping
[ah_f0_s1] already finished, skipping
[vk_f0_s1] already finished, skipping
[soft_f0_s1] already finished, skipping
[ah_f1_s1] already finished, skipping
[vk_f1_s1] epoch  20 loss 0.3652 (9 min)
[vk_f1_s1] epoch  40 loss 0.3361 (18 min)
[vk_f1_s1] epoch  60 loss 0.3182 (27 min)
[vk_f1_s1] epoch  80 loss 0.3061 (35 min)
[vk_f1_s1] epoch 100 loss 0.2982 (44 min)
[vk_f1_s1] done in 44 min · vs ah 0.7417 · vs vk 0.7548
[soft_f1_s1] epoch  20 loss 0.3812 (9 min)
[soft_f1_s1] epoch  40 loss 0.3633 (17 min)
[soft_f1_s1] epoch  60 loss 0.3540 (26 min)
[soft_f1_s1] epoch  80 loss 0.3478 (35 min)
[soft_f1_s1] epoch 100 loss 0.3378 (43 min)
[soft_f1_s1] done in 44 min · vs ah 0.7618 · vs vk 0.7533
