STARE: 20 images, folds 0-9 / 10-19
[ah_f0_s0] epoch  20 loss 0.3165 (16 min)
[ah_f0_s0] epoch  40 loss 0.2857 (40 min)
[ah_f0_s0] epoch  60 loss 0.2637 (64 min)
[ah_f0_s0] epoch  80 loss 0.2481 (101 min)
[ah_f0_s0] epoch 100 loss 0.2366 (138 min)
[ah_f0_s0] done in 138 min · dice vs ah 0.7980 · vs other 0.6848
[vk_f0_s0] epoch  20 loss 0.4473 (37 min)
[vk_f0_s0] epoch  40 loss 0.4134 (75 min)
[vk_f0_s0] epoch  60 loss 0.3888 (112 min)
[vk_f0_s0] epoch  80 loss 0.3808 (138 min)
[vk_f0_s0] epoch 100 loss 0.3684 (162 min)
[vk_f0_s0] done in 162 min · dice vs vk 0.8096 · vs other 0.7779
[soft_f0_s0] epoch  20 loss 0.4375 (23 min)
[soft_f0_s0] epoch  40 loss 0.4175 (47 min)
[soft_f0_s0] epoch  60 loss 0.4068 (71 min)
[soft_f0_s0] epoch  80 loss 0.4025 (103 min)
[soft_f0_s0] epoch 100 loss 0.3941 (126 min)
[soft_f0_s0] done in 126 min · dice vs soft nan · vs other 0.8006
[ah_f1_s0] epoch  20 loss 0.2829 (23 min)
[ah_f1_s0] epoch  40 loss 0.2621 (49 min)
[ah_f1_s0] epoch  60 loss 0.2419 (72 min)
[ah_f1_s0] epoch  80 loss 0.2239 (95 min)
[ah_f1_s0] epoch 100 loss 0.2226 (141 min)
[ah_f1_s0] done in 142 min · dice vs ah 0.8094 · vs other 0.7275
[vk_f1_s0] epoch  20 loss 0.3585 (131 min)
[vk_f1_s0] epoch  40 loss 0.3383 (181 min)
[vk_f1_s0] epoch  60 loss 0.3186 (211 min)
[vk_f1_s0] epoch  80 loss 0.3054 (221 min)
[vk_f1_s0] epoch 100 loss 0.3011 (231 min)
[vk_f1_s0] done in 231 min · dice vs vk 0.7539 · vs other 0.7378
[soft_f1_s0] epoch  20 loss 0.3822 (9 min)
[soft_f1_s0] epoch  40 loss 0.3630 (18 min)
[soft_f1_s0] epoch  60 loss 0.3544 (28 min)
[soft_f1_s0] epoch  80 loss 0.3434 (37 min)
[soft_f1_s0] epoch 100 loss 0.3455 (46 min)
[soft_f1_s0] done in 46 min · dice vs soft nan · vs other 0.7764
