contrast quartile edges: [0.1059, 0.1608, 0.2275]
scoring 48 runs
A_dice_s0 done
A_dice_s1 done
A_dice_s2 done
A_dice_s3 done
A_dice_s4 done
A_dice_s5 done
A_dice_w32_s0 done
B_cldice_s0 done
B_cldice_s1 done
B_cldice_s2 done
B_cldice_s3 done
B_cldice_s4 done
B_cldice_s5 done
B_cldice_w32_s0 done
C_boundary_s0 done
C_boundary_s1 done
C_boundary_s2 done
D_blurpool_s0 done
D_blurpool_s1 done
D_blurpool_s2 done
F_gated_s0 done
F_gated_s1 done
F_gated_s2 done
G_focal_s0 done
G_focal_s1 done
G_focal_s2 done
G_focal_s3 done
G_focal_s4 done
G_focal_s5 done
H_aug_s0 done
H_aug_s1 done
H_aug_s2 done
H_aug_s3 done
H_aug_s4 done
H_aug_s5 done
H_aug_w32_s0 done
I_coletra_s0 done
I_coletra_s1 done
I_coletra_s2 done
I_coletra_s3 done
I_coletra_s4 done
I_coletra_s5 done
J_liot_s0 done
J_liot_s1 done
J_liot_s2 done
K_focal_aug_s0 done
K_focal_aug_s1 done
K_focal_aug_s2 done

wrote C:\Users\ivan_chang\Desktop\ian-mei\exp\results\stratify.csv  (7680 rows)
