contrast quartile edges: [0.1059, 0.1608, 0.2275]
scoring 24 runs
A_dice_s0 done
B_cldice_s0 done
C_boundary_s0 done
D_blurpool_s0 done
F_gated_s0 done
G_focal_s0 done
H_aug_s0 done
I_coletra_s0 done
A_dice_s1 done
B_cldice_s1 done
C_boundary_s1 done
D_blurpool_s1 done
F_gated_s1 done
G_focal_s1 done
H_aug_s1 done
I_coletra_s1 done
A_dice_s2 done
B_cldice_s2 done
C_boundary_s2 done
D_blurpool_s2 done
F_gated_s2 done
G_focal_s2 done
H_aug_s2 done
I_coletra_s2 done

wrote C:\Users\ivan_chang\Desktop\ian-mei\exp\results\stratify.csv  (3840 rows)
