=== 2026-08-26 15:46:21 gpu=0 shard=0/2, 12 runs ===
--- 2026-08-26 15:46:21 A_dice_s0 ---
results -> exp/results/selection_sweep, keeping every validated epoch
train norm mean 0.4177 std 0.1442
[A_dice_s0] epoch  10 loss 0.4304 dice 0.8162 clDice 0.8234 b0err 88.3 95HD 4.36 (1 min)
[A_dice_s0] epoch  20 loss 0.4122 dice 0.8167 clDice 0.8220 b0err 86.8 95HD 4.14 (2 min)
[A_dice_s0] epoch  30 loss 0.4005 dice 0.8175 clDice 0.8257 b0err 79.9 95HD 4.10 (2 min)
[A_dice_s0] epoch  40 loss 0.3918 dice 0.8167 clDice 0.8216 b0err 69.3 95HD 4.31 (3 min)
[A_dice_s0] epoch  50 loss 0.3839 dice 0.8157 clDice 0.8211 b0err 76.5 95HD 4.34 (4 min)
[A_dice_s0] epoch  60 loss 0.3776 dice 0.8140 clDice 0.8196 b0err 79.8 95HD 4.36 (5 min)
[A_dice_s0] epoch  70 loss 0.3712 dice 0.8130 clDice 0.8180 b0err 71.6 95HD 4.31 (5 min)
[A_dice_s0] epoch  80 loss 0.3653 dice 0.8112 clDice 0.8138 b0err 69.5 95HD 4.59 (6 min)
[A_dice_s0] epoch  90 loss 0.3612 dice 0.8134 clDice 0.8173 b0err 75.2 95HD 4.47 (7 min)
[A_dice_s0] epoch 100 loss 0.3577 dice 0.8092 clDice 0.8102 b0err 89.2 95HD 4.43 (8 min)
[A_dice_s0] done in 8 min; best dice 0.8175
--- 2026-08-26 15:54:07 G_focal_s0 ---
results -> exp/results/selection_sweep, keeping every validated epoch
train norm mean 0.4177 std 0.1442
[G_focal_s0] epoch  10 loss 0.4264 dice 0.8125 clDice 0.8323 b0err 54.6 95HD 4.64 (1 min)
[G_focal_s0] epoch  20 loss 0.4046 dice 0.8070 clDice 0.8381 b0err 54.0 95HD 4.44 (2 min)
[G_focal_s0] epoch  30 loss 0.3933 dice 0.8085 clDice 0.8378 b0err 53.2 95HD 4.21 (3 min)
[G_focal_s0] epoch  40 loss 0.3860 dice 0.8080 clDice 0.8362 b0err 47.7 95HD 4.41 (4 min)
[G_focal_s0] epoch  50 loss 0.3726 dice 0.8040 clDice 0.8375 b0err 45.8 95HD 4.41 (6 min)
[G_focal_s0] epoch  60 loss 0.3709 dice 0.8040 clDice 0.8352 b0err 58.9 95HD 4.28 (7 min)
[G_focal_s0] epoch  70 loss 0.3668 dice 0.8057 clDice 0.8347 b0err 59.2 95HD 4.24 (8 min)
[G_focal_s0] epoch  80 loss 0.3605 dice 0.8078 clDice 0.8344 b0err 49.5 95HD 4.36 (9 min)
[G_focal_s0] epoch  90 loss 0.3561 dice 0.8072 clDice 0.8297 b0err 51.5 95HD 4.51 (10 min)
[G_focal_s0] epoch 100 loss 0.3546 dice 0.8085 clDice 0.8285 b0err 57.9 95HD 4.21 (11 min)
[G_focal_s0] done in 11 min; best dice 0.8125
--- 2026-08-26 16:05:20 A_dice_s1 ---
results -> exp/results/selection_sweep, keeping every validated epoch
train norm mean 0.4177 std 0.1442
[A_dice_s1] epoch  10 loss 0.4345 dice 0.8110 clDice 0.8180 b0err 101.4 95HD 4.25 (1 min)
[A_dice_s1] epoch  20 loss 0.4113 dice 0.8181 clDice 0.8252 b0err 80.0 95HD 4.03 (2 min)
[A_dice_s1] epoch  30 loss 0.3983 dice 0.8146 clDice 0.8207 b0err 86.2 95HD 4.34 (2 min)
[A_dice_s1] epoch  40 loss 0.3853 dice 0.8173 clDice 0.8239 b0err 82.6 95HD 4.11 (3 min)
[A_dice_s1] epoch  50 loss 0.3832 dice 0.8152 clDice 0.8213 b0err 77.5 95HD 4.27 (4 min)
[A_dice_s1] epoch  60 loss 0.3780 dice 0.8131 clDice 0.8186 b0err 85.7 95HD 4.60 (5 min)
[A_dice_s1] epoch  70 loss 0.3685 dice 0.8130 clDice 0.8154 b0err 86.5 95HD 4.47 (5 min)
[A_dice_s1] epoch  80 loss 0.3644 dice 0.8122 clDice 0.8159 b0err 75.0 95HD 4.52 (6 min)
[A_dice_s1] epoch  90 loss 0.3607 dice 0.8088 clDice 0.8133 b0err 85.9 95HD 4.43 (7 min)
[A_dice_s1] epoch 100 loss 0.3596 dice 0.8096 clDice 0.8137 b0err 95.0 95HD 4.50 (8 min)
[A_dice_s1] done in 8 min; best dice 0.8181
--- 2026-08-26 16:13:14 G_focal_s1 ---
results -> exp/results/selection_sweep, keeping every validated epoch
train norm mean 0.4177 std 0.1442
[G_focal_s1] epoch  10 loss 0.4298 dice 0.8106 clDice 0.8242 b0err 58.8 95HD 5.06 (1 min)
[G_focal_s1] epoch  20 loss 0.4048 dice 0.8086 clDice 0.8353 b0err 58.1 95HD 4.55 (2 min)
[G_focal_s1] epoch  30 loss 0.3916 dice 0.8059 clDice 0.8319 b0err 51.8 95HD 4.77 (3 min)
[G_focal_s1] epoch  40 loss 0.3796 dice 0.8096 clDice 0.8350 b0err 54.4 95HD 4.36 (5 min)
[G_focal_s1] epoch  50 loss 0.3773 dice 0.8052 clDice 0.8328 b0err 52.8 95HD 4.53 (6 min)
[G_focal_s1] epoch  60 loss 0.3718 dice 0.8055 clDice 0.8315 b0err 63.5 95HD 4.52 (7 min)
[G_focal_s1] epoch  70 loss 0.3634 dice 0.8087 clDice 0.8239 b0err 59.8 95HD 4.72 (8 min)
[G_focal_s1] epoch  80 loss 0.3611 dice 0.8084 clDice 0.8301 b0err 60.6 95HD 4.41 (9 min)
[G_focal_s1] epoch  90 loss 0.3571 dice 0.8077 clDice 0.8252 b0err 58.8 95HD 4.61 (10 min)
[G_focal_s1] epoch 100 loss 0.3539 dice 0.8015 clDice 0.8245 b0err 77.8 95HD 4.81 (11 min)
[G_focal_s1] done in 11 min; best dice 0.8106
--- 2026-08-26 16:24:35 A_dice_s2 ---
results -> exp/results/selection_sweep, keeping every validated epoch
train norm mean 0.4177 std 0.1442
[A_dice_s2] epoch  10 loss 0.4265 dice 0.8153 clDice 0.8237 b0err 81.4 95HD 4.17 (1 min)
[A_dice_s2] epoch  20 loss 0.4127 dice 0.8143 clDice 0.8218 b0err 87.7 95HD 4.11 (2 min)
[A_dice_s2] epoch  30 loss 0.3994 dice 0.8182 clDice 0.8273 b0err 73.9 95HD 4.03 (2 min)
[A_dice_s2] epoch  40 loss 0.3882 dice 0.8163 clDice 0.8208 b0err 75.7 95HD 4.15 (3 min)
[A_dice_s2] epoch  50 loss 0.3777 dice 0.8154 clDice 0.8194 b0err 77.8 95HD 4.28 (4 min)
[A_dice_s2] epoch  60 loss 0.3778 dice 0.8147 clDice 0.8172 b0err 76.2 95HD 4.29 (5 min)
[A_dice_s2] epoch  70 loss 0.3711 dice 0.8139 clDice 0.8200 b0err 75.8 95HD 4.31 (5 min)
[A_dice_s2] epoch  80 loss 0.3654 dice 0.8125 clDice 0.8155 b0err 81.5 95HD 4.40 (6 min)
[A_dice_s2] epoch  90 loss 0.3623 dice 0.8105 clDice 0.8114 b0err 84.1 95HD 4.36 (7 min)
[A_dice_s2] epoch 100 loss 0.3597 dice 0.8098 clDice 0.8148 b0err 80.9 95HD 4.41 (8 min)
[A_dice_s2] done in 8 min; best dice 0.8182
--- 2026-08-26 16:32:27 G_focal_s2 ---
results -> exp/results/selection_sweep, keeping every validated epoch
train norm mean 0.4177 std 0.1442
[G_focal_s2] epoch  10 loss 0.4220 dice 0.8141 clDice 0.8333 b0err 51.5 95HD 4.64 (1 min)
[G_focal_s2] epoch  20 loss 0.4061 dice 0.8087 clDice 0.8327 b0err 54.9 95HD 4.32 (2 min)
[G_focal_s2] epoch  30 loss 0.3922 dice 0.8086 clDice 0.8374 b0err 57.1 95HD 4.43 (3 min)
[G_focal_s2] epoch  40 loss 0.3809 dice 0.8057 clDice 0.8267 b0err 58.7 95HD 4.61 (5 min)
[G_focal_s2] epoch  50 loss 0.3715 dice 0.8074 clDice 0.8308 b0err 60.8 95HD 4.48 (6 min)
[G_focal_s2] epoch  60 loss 0.3727 dice 0.8096 clDice 0.8282 b0err 55.0 95HD 4.53 (7 min)
[G_focal_s2] epoch  70 loss 0.3642 dice 0.8086 clDice 0.8298 b0err 56.4 95HD 4.50 (8 min)
[G_focal_s2] epoch  80 loss 0.3587 dice 0.8071 clDice 0.8285 b0err 55.2 95HD 4.46 (9 min)
[G_focal_s2] epoch  90 loss 0.3566 dice 0.8096 clDice 0.8238 b0err 60.1 95HD 4.48 (10 min)
[G_focal_s2] epoch 100 loss 0.3537 dice 0.8078 clDice 0.8241 b0err 59.2 95HD 4.57 (11 min)
[G_focal_s2] done in 11 min; best dice 0.8141
--- 2026-08-26 16:43:48 A_dice_s3 ---
results -> exp/results/selection_sweep, keeping every validated epoch
train norm mean 0.4177 std 0.1442
[A_dice_s3] epoch  10 loss 0.4358 dice 0.8190 clDice 0.8272 b0err 70.3 95HD 4.15 (1 min)
[A_dice_s3] epoch  20 loss 0.4107 dice 0.8154 clDice 0.8233 b0err 70.3 95HD 4.18 (2 min)
[A_dice_s3] epoch  30 loss 0.3977 dice 0.8128 clDice 0.8186 b0err 73.4 95HD 4.27 (2 min)
[A_dice_s3] epoch  40 loss 0.3933 dice 0.8167 clDice 0.8230 b0err 68.4 95HD 4.47 (3 min)
[A_dice_s3] epoch  50 loss 0.3821 dice 0.8139 clDice 0.8220 b0err 82.0 95HD 4.14 (4 min)
[A_dice_s3] epoch  60 loss 0.3765 dice 0.8123 clDice 0.8187 b0err 82.3 95HD 4.53 (5 min)
[A_dice_s3] epoch  70 loss 0.3703 dice 0.8140 clDice 0.8183 b0err 79.5 95HD 4.31 (5 min)
[A_dice_s3] epoch  80 loss 0.3667 dice 0.8114 clDice 0.8154 b0err 95.7 95HD 4.36 (6 min)
[A_dice_s3] epoch  90 loss 0.3611 dice 0.8094 clDice 0.8132 b0err 86.2 95HD 4.39 (7 min)
[A_dice_s3] epoch 100 loss 0.3613 dice 0.8116 clDice 0.8136 b0err 81.3 95HD 4.34 (8 min)
[A_dice_s3] done in 8 min; best dice 0.8190
--- 2026-08-26 16:51:43 G_focal_s3 ---
results -> exp/results/selection_sweep, keeping every validated epoch
train norm mean 0.4177 std 0.1442
[G_focal_s3] epoch  10 loss 0.4273 dice 0.8098 clDice 0.8358 b0err 60.1 95HD 4.24 (1 min)
[G_focal_s3] epoch  20 loss 0.4018 dice 0.8065 clDice 0.8384 b0err 59.0 95HD 4.18 (2 min)
[G_focal_s3] epoch  30 loss 0.3896 dice 0.8073 clDice 0.8350 b0err 48.8 95HD 4.67 (3 min)
[G_focal_s3] epoch  40 loss 0.3815 dice 0.8025 clDice 0.8386 b0err 51.6 95HD 4.58 (5 min)
[G_focal_s3] epoch  50 loss 0.3741 dice 0.8042 clDice 0.8359 b0err 52.8 95HD 4.41 (6 min)
[G_focal_s3] epoch  60 loss 0.3700 dice 0.8025 clDice 0.8358 b0err 55.2 95HD 4.49 (7 min)
[G_focal_s3] epoch  70 loss 0.3647 dice 0.8045 clDice 0.8346 b0err 50.5 95HD 4.82 (8 min)
[G_focal_s3] epoch  80 loss 0.3617 dice 0.8050 clDice 0.8361 b0err 52.3 95HD 4.44 (9 min)
[G_focal_s3] epoch  90 loss 0.3604 dice 0.7996 clDice 0.8305 b0err 64.6 95HD 4.61 (10 min)
[G_focal_s3] epoch 100 loss 0.3575 dice 0.8029 clDice 0.8322 b0err 53.5 95HD 4.66 (11 min)
[G_focal_s3] done in 11 min; best dice 0.8098
--- 2026-08-26 17:03:08 A_dice_s4 ---
results -> exp/results/selection_sweep, keeping every validated epoch
train norm mean 0.4177 std 0.1442
[A_dice_s4] epoch  10 loss 0.4287 dice 0.8168 clDice 0.8276 b0err 69.6 95HD 4.35 (1 min)
[A_dice_s4] epoch  20 loss 0.4092 dice 0.8183 clDice 0.8250 b0err 69.7 95HD 4.24 (2 min)
[A_dice_s4] epoch  30 loss 0.3980 dice 0.8193 clDice 0.8278 b0err 77.2 95HD 3.99 (2 min)
[A_dice_s4] epoch  40 loss 0.3889 dice 0.8160 clDice 0.8226 b0err 74.0 95HD 4.17 (3 min)
[A_dice_s4] epoch  50 loss 0.3806 dice 0.8159 clDice 0.8225 b0err 65.8 95HD 4.77 (4 min)
[A_dice_s4] epoch  60 loss 0.3732 dice 0.8151 clDice 0.8186 b0err 80.2 95HD 4.25 (5 min)
[A_dice_s4] epoch  70 loss 0.3713 dice 0.8142 clDice 0.8194 b0err 84.3 95HD 4.20 (5 min)
[A_dice_s4] epoch  80 loss 0.3647 dice 0.8108 clDice 0.8208 b0err 80.8 95HD 4.42 (6 min)
[A_dice_s4] epoch  90 loss 0.3577 dice 0.8111 clDice 0.8147 b0err 74.7 95HD 4.44 (7 min)
[A_dice_s4] epoch 100 loss 0.3565 dice 0.8113 clDice 0.8115 b0err 83.7 95HD 4.38 (8 min)
[A_dice_s4] done in 8 min; best dice 0.8193
--- 2026-08-26 17:11:04 G_focal_s4 ---
results -> exp/results/selection_sweep, keeping every validated epoch
train norm mean 0.4177 std 0.1442
[G_focal_s4] epoch  10 loss 0.4234 dice 0.8084 clDice 0.8399 b0err 48.2 95HD 4.54 (1 min)
[G_focal_s4] epoch  20 loss 0.4033 dice 0.8032 clDice 0.8385 b0err 56.3 95HD 4.46 (2 min)
[G_focal_s4] epoch  30 loss 0.3908 dice 0.8031 clDice 0.8411 b0err 49.4 95HD 4.41 (3 min)
[G_focal_s4] epoch  40 loss 0.3829 dice 0.7991 clDice 0.8415 b0err 55.0 95HD 4.44 (5 min)
[G_focal_s4] epoch  50 loss 0.3761 dice 0.7990 clDice 0.8414 b0err 53.5 95HD 4.60 (6 min)
[G_focal_s4] epoch  60 loss 0.3692 dice 0.7951 clDice 0.8378 b0err 61.5 95HD 4.60 (7 min)
[G_focal_s4] epoch  70 loss 0.3662 dice 0.8045 clDice 0.8370 b0err 54.5 95HD 4.51 (8 min)
[G_focal_s4] epoch  80 loss 0.3634 dice 0.7988 clDice 0.8381 b0err 56.9 95HD 4.71 (9 min)
[G_focal_s4] epoch  90 loss 0.3563 dice 0.8009 clDice 0.8328 b0err 57.2 95HD 4.56 (10 min)
[G_focal_s4] epoch 100 loss 0.3541 dice 0.8039 clDice 0.8318 b0err 57.0 95HD 4.71 (11 min)
[G_focal_s4] done in 11 min; best dice 0.8084
--- 2026-08-26 17:22:25 A_dice_s5 ---
results -> exp/results/selection_sweep, keeping every validated epoch
train norm mean 0.4177 std 0.1442
[A_dice_s5] epoch  10 loss 0.4306 dice 0.8159 clDice 0.8265 b0err 91.8 95HD 4.16 (1 min)
[A_dice_s5] epoch  20 loss 0.4142 dice 0.8148 clDice 0.8246 b0err 88.8 95HD 4.15 (2 min)
[A_dice_s5] epoch  30 loss 0.3911 dice 0.8167 clDice 0.8235 b0err 80.8 95HD 4.06 (2 min)
[A_dice_s5] epoch  40 loss 0.3868 dice 0.8161 clDice 0.8228 b0err 75.9 95HD 4.32 (3 min)
[A_dice_s5] epoch  50 loss 0.3805 dice 0.8162 clDice 0.8208 b0err 74.8 95HD 4.37 (4 min)
[A_dice_s5] epoch  60 loss 0.3716 dice 0.8140 clDice 0.8202 b0err 79.3 95HD 4.30 (5 min)
[A_dice_s5] epoch  70 loss 0.3717 dice 0.8116 clDice 0.8158 b0err 79.5 95HD 4.42 (5 min)
[A_dice_s5] epoch  80 loss 0.3674 dice 0.8109 clDice 0.8153 b0err 85.8 95HD 4.47 (6 min)
[A_dice_s5] epoch  90 loss 0.3629 dice 0.8090 clDice 0.8110 b0err 78.7 95HD 4.64 (7 min)
[A_dice_s5] epoch 100 loss 0.3572 dice 0.8109 clDice 0.8122 b0err 84.0 95HD 4.90 (8 min)
[A_dice_s5] done in 8 min; best dice 0.8167
--- 2026-08-26 17:30:17 G_focal_s5 ---
results -> exp/results/selection_sweep, keeping every validated epoch
train norm mean 0.4177 std 0.1442
[G_focal_s5] epoch  10 loss 0.4245 dice 0.8122 clDice 0.8372 b0err 54.4 95HD 4.44 (1 min)
[G_focal_s5] epoch  20 loss 0.4046 dice 0.8048 clDice 0.8383 b0err 61.0 95HD 4.22 (2 min)
[G_focal_s5] epoch  30 loss 0.3851 dice 0.8061 clDice 0.8396 b0err 59.4 95HD 4.19 (3 min)
[G_focal_s5] epoch  40 loss 0.3798 dice 0.8047 clDice 0.8396 b0err 51.0 95HD 4.56 (5 min)
[G_focal_s5] epoch  50 loss 0.3759 dice 0.8040 clDice 0.8359 b0err 54.2 95HD 4.61 (6 min)
[G_focal_s5] epoch  60 loss 0.3652 dice 0.8036 clDice 0.8389 b0err 52.4 95HD 4.39 (7 min)
[G_focal_s5] epoch  70 loss 0.3656 dice 0.8058 clDice 0.8312 b0err 60.2 95HD 4.56 (8 min)
[G_focal_s5] epoch  80 loss 0.3603 dice 0.8051 clDice 0.8291 b0err 62.8 95HD 4.68 (9 min)
[G_focal_s5] epoch  90 loss 0.3573 dice 0.8067 clDice 0.8288 b0err 55.1 95HD 4.71 (10 min)
[G_focal_s5] epoch 100 loss 0.3547 dice 0.8034 clDice 0.8261 b0err 66.9 95HD 4.59 (11 min)
[G_focal_s5] done in 11 min; best dice 0.8122
=== 2026-08-26 17:41:37 gpu=0 shard=0 done ===
