train norm mean 0.4177 std 0.1442
[A_dice_s0] epoch  10 loss 0.4305 dice 0.8148 clDice 0.8236 b0err 89.5 95HD 4.29 (4 min)
[A_dice_s0] epoch  20 loss 0.4116 dice 0.8157 clDice 0.8220 b0err 94.3 95HD 4.17 (9 min)
[A_dice_s0] epoch  30 loss 0.4009 dice 0.8162 clDice 0.8256 b0err 95.2 95HD 4.10 (13 min)
[A_dice_s0] epoch  40 loss 0.3917 dice 0.8157 clDice 0.8201 b0err 70.5 95HD 4.37 (18 min)
[A_dice_s0] epoch  50 loss 0.3806 dice 0.8135 clDice 0.8196 b0err 78.5 95HD 4.36 (22 min)
[A_dice_s0] epoch  60 loss 0.3793 dice 0.8134 clDice 0.8195 b0err 85.3 95HD 4.30 (27 min)
[A_dice_s0] epoch  70 loss 0.3717 dice 0.8130 clDice 0.8181 b0err 95.5 95HD 4.35 (31 min)
[A_dice_s0] epoch  80 loss 0.3661 dice 0.8126 clDice 0.8171 b0err 77.0 95HD 4.50 (36 min)
[A_dice_s0] epoch  90 loss 0.3611 dice 0.8144 clDice 0.8173 b0err 68.2 95HD 4.73 (40 min)
[A_dice_s0] epoch 100 loss 0.3590 dice 0.8105 clDice 0.8124 b0err 98.9 95HD 4.49 (45 min)
[A_dice_s0] done in 45 min
[B_cldice_s0] epoch  10 loss 0.4169 dice 0.8151 clDice 0.8283 b0err 62.0 95HD 4.49 (6 min)
[B_cldice_s0] epoch  20 loss 0.3963 dice 0.8162 clDice 0.8268 b0err 64.2 95HD 4.41 (12 min)
[B_cldice_s0] epoch  30 loss 0.3843 dice 0.8166 clDice 0.8304 b0err 60.6 95HD 4.15 (18 min)
[B_cldice_s0] epoch  40 loss 0.3781 dice 0.8169 clDice 0.8246 b0err 58.0 95HD 4.51 (27 min)
[B_cldice_s0] epoch  50 loss 0.3666 dice 0.8128 clDice 0.8241 b0err 63.5 95HD 4.46 (36 min)
[B_cldice_s0] epoch  60 loss 0.3641 dice 0.8133 clDice 0.8209 b0err 61.2 95HD 4.56 (46 min)
[B_cldice_s0] epoch  70 loss 0.3568 dice 0.8155 clDice 0.8250 b0err 60.0 95HD 4.40 (56 min)
[B_cldice_s0] epoch  80 loss 0.3498 dice 0.8129 clDice 0.8172 b0err 57.1 95HD 4.60 (65 min)
[B_cldice_s0] epoch  90 loss 0.3451 dice 0.8132 clDice 0.8205 b0err 56.0 95HD 4.55 (75 min)
[B_cldice_s0] epoch 100 loss 0.3422 dice 0.8129 clDice 0.8174 b0err 70.0 95HD 4.57 (85 min)
[B_cldice_s0] done in 85 min
[C_boundary_s0] epoch  10 loss 0.4291 dice 0.8161 clDice 0.8238 b0err 92.6 95HD 4.22 (7 min)
[C_boundary_s0] epoch  20 loss 0.4097 dice 0.8170 clDice 0.8238 b0err 88.3 95HD 4.18 (14 min)
[C_boundary_s0] epoch  30 loss 0.4002 dice 0.8182 clDice 0.8262 b0err 70.9 95HD 4.02 (22 min)
[C_boundary_s0] epoch  40 loss 0.3928 dice 0.8171 clDice 0.8214 b0err 74.8 95HD 4.07 (29 min)
[C_boundary_s0] epoch  50 loss 0.3823 dice 0.8130 clDice 0.8203 b0err 74.8 95HD 4.27 (37 min)
[C_boundary_s0] epoch  60 loss 0.3782 dice 0.8112 clDice 0.8168 b0err 88.2 95HD 4.25 (45 min)
[C_boundary_s0] epoch  70 loss 0.3711 dice 0.8143 clDice 0.8183 b0err 87.8 95HD 4.22 (52 min)
[C_boundary_s0] epoch  80 loss 0.3673 dice 0.8132 clDice 0.8179 b0err 74.8 95HD 4.48 (59 min)
[C_boundary_s0] epoch  90 loss 0.3621 dice 0.8130 clDice 0.8178 b0err 77.7 95HD 4.29 (67 min)
[C_boundary_s0] epoch 100 loss 0.3577 dice 0.8137 clDice 0.8168 b0err 80.2 95HD 4.47 (74 min)
[C_boundary_s0] done in 74 min
[D_blurpool_s0] epoch  10 loss 0.4315 dice 0.8157 clDice 0.8276 b0err 90.2 95HD 4.26 (9 min)
[D_blurpool_s0] epoch  20 loss 0.4090 dice 0.8135 clDice 0.8157 b0err 112.3 95HD 4.55 (18 min)
[D_blurpool_s0] epoch  30 loss 0.3957 dice 0.8168 clDice 0.8235 b0err 88.3 95HD 4.16 (28 min)
[D_blurpool_s0] epoch  40 loss 0.3843 dice 0.8146 clDice 0.8161 b0err 81.3 95HD 4.45 (36 min)
[D_blurpool_s0] epoch  50 loss 0.3698 dice 0.8136 clDice 0.8158 b0err 75.4 95HD 4.55 (43 min)
[D_blurpool_s0] epoch  60 loss 0.3667 dice 0.8108 clDice 0.8148 b0err 82.5 95HD 4.64 (49 min)
[D_blurpool_s0] epoch  70 loss 0.3558 dice 0.8088 clDice 0.8109 b0err 96.3 95HD 4.75 (55 min)
[D_blurpool_s0] epoch  80 loss 0.3516 dice 0.8088 clDice 0.8090 b0err 80.2 95HD 4.60 (61 min)
[D_blurpool_s0] epoch  90 loss 0.3464 dice 0.8087 clDice 0.8092 b0err 85.6 95HD 4.49 (66 min)
[D_blurpool_s0] epoch 100 loss 0.3408 dice 0.8072 clDice 0.8075 b0err 83.3 95HD 4.69 (72 min)
[D_blurpool_s0] done in 72 min
[A_dice_s1] epoch  10 loss 0.4334 dice 0.8132 clDice 0.8203 b0err 98.8 95HD 4.22 (4 min)
[A_dice_s1] epoch  20 loss 0.4117 dice 0.8173 clDice 0.8250 b0err 72.3 95HD 4.22 (9 min)
[A_dice_s1] epoch  30 loss 0.3995 dice 0.8132 clDice 0.8212 b0err 85.8 95HD 4.19 (13 min)
[A_dice_s1] epoch  40 loss 0.3861 dice 0.8174 clDice 0.8224 b0err 84.5 95HD 4.04 (18 min)
[A_dice_s1] epoch  50 loss 0.3846 dice 0.8150 clDice 0.8201 b0err 83.0 95HD 4.28 (22 min)
[A_dice_s1] epoch  60 loss 0.3800 dice 0.8152 clDice 0.8201 b0err 86.0 95HD 4.32 (27 min)
[A_dice_s1] epoch  70 loss 0.3703 dice 0.8116 clDice 0.8130 b0err 88.5 95HD 4.54 (31 min)
[A_dice_s1] epoch  80 loss 0.3669 dice 0.8156 clDice 0.8193 b0err 75.3 95HD 4.39 (36 min)
[A_dice_s1] epoch  90 loss 0.3621 dice 0.8117 clDice 0.8155 b0err 81.5 95HD 4.44 (40 min)
[A_dice_s1] epoch 100 loss 0.3598 dice 0.8125 clDice 0.8160 b0err 80.5 95HD 4.33 (45 min)
[A_dice_s1] done in 45 min
[B_cldice_s1] epoch  10 loss 0.4198 dice 0.8121 clDice 0.8211 b0err 82.2 95HD 4.46 (6 min)
[B_cldice_s1] epoch  20 loss 0.3949 dice 0.8180 clDice 0.8317 b0err 58.0 95HD 4.18 (12 min)
[B_cldice_s1] epoch  30 loss 0.3848 dice 0.8143 clDice 0.8249 b0err 65.6 95HD 4.57 (19 min)
[B_cldice_s1] epoch  40 loss 0.3690 dice 0.8165 clDice 0.8283 b0err 61.6 95HD 4.18 (25 min)
[B_cldice_s1] epoch  50 loss 0.3687 dice 0.8134 clDice 0.8213 b0err 65.8 95HD 4.29 (31 min)
[B_cldice_s1] epoch  60 loss 0.3621 dice 0.8137 clDice 0.8213 b0err 65.2 95HD 4.36 (37 min)
[B_cldice_s1] epoch  70 loss 0.3535 dice 0.8131 clDice 0.8170 b0err 73.8 95HD 4.49 (43 min)
[B_cldice_s1] epoch  80 loss 0.3506 dice 0.8115 clDice 0.8198 b0err 63.5 95HD 4.46 (49 min)
[B_cldice_s1] epoch  90 loss 0.3440 dice 0.8110 clDice 0.8183 b0err 66.0 95HD 4.34 (56 min)
[B_cldice_s1] epoch 100 loss 0.3457 dice 0.8100 clDice 0.8177 b0err 74.5 95HD 4.37 (62 min)
[B_cldice_s1] done in 62 min
[C_boundary_s1] epoch  10 loss 0.4337 dice 0.8152 clDice 0.8227 b0err 87.0 95HD 4.25 (5 min)
[C_boundary_s1] epoch  20 loss 0.4141 dice 0.8184 clDice 0.8278 b0err 78.7 95HD 4.06 (9 min)
[C_boundary_s1] epoch  30 loss 0.3982 dice 0.8133 clDice 0.8208 b0err 78.5 95HD 4.19 (14 min)
[C_boundary_s1] epoch  40 loss 0.3867 dice 0.8167 clDice 0.8214 b0err 85.8 95HD 4.06 (18 min)
[C_boundary_s1] epoch  50 loss 0.3847 dice 0.8142 clDice 0.8236 b0err 78.0 95HD 4.29 (23 min)
[C_boundary_s1] epoch  60 loss 0.3776 dice 0.8153 clDice 0.8189 b0err 95.2 95HD 4.30 (27 min)
[C_boundary_s1] epoch  70 loss 0.3702 dice 0.8139 clDice 0.8153 b0err 89.5 95HD 4.44 (32 min)
[C_boundary_s1] epoch  80 loss 0.3668 dice 0.8130 clDice 0.8164 b0err 78.5 95HD 4.41 (36 min)
[C_boundary_s1] epoch  90 loss 0.3622 dice 0.8122 clDice 0.8149 b0err 78.6 95HD 4.38 (41 min)
[C_boundary_s1] epoch 100 loss 0.3623 dice 0.8113 clDice 0.8160 b0err 88.5 95HD 4.44 (45 min)
[C_boundary_s1] done in 45 min
[D_blurpool_s1] epoch  10 loss 0.4363 dice 0.8130 clDice 0.8212 b0err 90.8 95HD 4.47 (6 min)
[D_blurpool_s1] epoch  20 loss 0.4081 dice 0.8176 clDice 0.8267 b0err 72.0 95HD 4.15 (11 min)
[D_blurpool_s1] epoch  30 loss 0.3914 dice 0.8128 clDice 0.8203 b0err 75.6 95HD 4.54 (17 min)
[D_blurpool_s1] epoch  40 loss 0.3747 dice 0.8126 clDice 0.8186 b0err 85.7 95HD 4.79 (23 min)
[D_blurpool_s1] epoch  50 loss 0.3717 dice 0.8123 clDice 0.8166 b0err 84.5 95HD 4.57 (29 min)
[D_blurpool_s1] epoch  60 loss 0.3654 dice 0.8087 clDice 0.8094 b0err 106.3 95HD 4.84 (34 min)
[D_blurpool_s1] epoch  70 loss 0.3540 dice 0.8063 clDice 0.8049 b0err 99.7 95HD 4.94 (40 min)
[D_blurpool_s1] epoch  80 loss 0.3486 dice 0.8067 clDice 0.8101 b0err 85.6 95HD 4.80 (46 min)
[D_blurpool_s1] epoch  90 loss 0.3437 dice 0.8079 clDice 0.8106 b0err 84.0 95HD 4.60 (51 min)
[D_blurpool_s1] epoch 100 loss 0.3444 dice 0.8077 clDice 0.8079 b0err 75.8 95HD 4.94 (57 min)
[D_blurpool_s1] done in 57 min
[A_dice_s2] epoch  10 loss 0.4270 dice 0.8152 clDice 0.8255 b0err 79.4 95HD 4.28 (5 min)
[A_dice_s2] epoch  20 loss 0.4098 dice 0.8139 clDice 0.8187 b0err 85.3 95HD 4.31 (9 min)
[A_dice_s2] epoch  30 loss 0.3979 dice 0.8177 clDice 0.8268 b0err 73.7 95HD 4.16 (14 min)
[A_dice_s2] epoch  40 loss 0.3874 dice 0.8152 clDice 0.8216 b0err 82.2 95HD 4.03 (18 min)
[A_dice_s2] epoch  50 loss 0.3768 dice 0.8147 clDice 0.8210 b0err 81.0 95HD 4.21 (23 min)
[A_dice_s2] epoch  60 loss 0.3767 dice 0.8141 clDice 0.8158 b0err 87.1 95HD 4.32 (27 min)
[A_dice_s2] epoch  70 loss 0.3692 dice 0.8119 clDice 0.8171 b0err 77.9 95HD 4.34 (32 min)
[A_dice_s2] epoch  80 loss 0.3643 dice 0.8114 clDice 0.8149 b0err 79.0 95HD 4.37 (36 min)
[A_dice_s2] epoch  90 loss 0.3609 dice 0.8106 clDice 0.8121 b0err 85.7 95HD 4.20 (41 min)
[A_dice_s2] epoch 100 loss 0.3579 dice 0.8106 clDice 0.8129 b0err 92.3 95HD 4.29 (45 min)
[A_dice_s2] done in 45 min
[B_cldice_s2] epoch  10 loss 0.4119 dice 0.8169 clDice 0.8322 b0err 59.2 95HD 4.44 (6 min)
[B_cldice_s2] epoch  20 loss 0.3983 dice 0.8146 clDice 0.8246 b0err 65.0 95HD 4.27 (12 min)
[B_cldice_s2] epoch  30 loss 0.3833 dice 0.8122 clDice 0.8284 b0err 71.6 95HD 4.52 (19 min)
[B_cldice_s2] epoch  40 loss 0.3716 dice 0.8161 clDice 0.8247 b0err 66.0 95HD 4.22 (25 min)
[B_cldice_s2] epoch  50 loss 0.3648 dice 0.8143 clDice 0.8246 b0err 58.7 95HD 4.47 (31 min)
[B_cldice_s2] epoch  60 loss 0.3623 dice 0.8154 clDice 0.8211 b0err 66.0 95HD 4.46 (37 min)
[B_cldice_s2] epoch  70 loss 0.3539 dice 0.8133 clDice 0.8224 b0err 66.6 95HD 4.49 (43 min)
[B_cldice_s2] epoch  80 loss 0.3484 dice 0.8133 clDice 0.8207 b0err 63.1 95HD 4.51 (49 min)
[B_cldice_s2] epoch  90 loss 0.3491 dice 0.8130 clDice 0.8165 b0err 69.3 95HD 4.30 (56 min)
[B_cldice_s2] epoch 100 loss 0.3433 dice 0.8114 clDice 0.8175 b0err 67.8 95HD 4.37 (62 min)
[B_cldice_s2] done in 62 min
[C_boundary_s2] epoch  10 loss 0.4268 dice 0.8158 clDice 0.8249 b0err 77.7 95HD 4.25 (5 min)
[C_boundary_s2] epoch  20 loss 0.4098 dice 0.8152 clDice 0.8236 b0err 75.8 95HD 4.08 (9 min)
[C_boundary_s2] epoch  30 loss 0.3982 dice 0.8167 clDice 0.8256 b0err 73.7 95HD 4.37 (14 min)
[C_boundary_s2] epoch  40 loss 0.3876 dice 0.8158 clDice 0.8211 b0err 82.0 95HD 4.09 (18 min)
[C_boundary_s2] epoch  50 loss 0.3765 dice 0.8151 clDice 0.8203 b0err 79.7 95HD 4.32 (23 min)
[C_boundary_s2] epoch  60 loss 0.3738 dice 0.8133 clDice 0.8131 b0err 83.2 95HD 4.64 (27 min)
[C_boundary_s2] epoch  70 loss 0.3696 dice 0.8120 clDice 0.8163 b0err 84.9 95HD 4.40 (32 min)
[C_boundary_s2] epoch  80 loss 0.3639 dice 0.8111 clDice 0.8155 b0err 73.7 95HD 4.45 (36 min)
[C_boundary_s2] epoch  90 loss 0.3621 dice 0.8098 clDice 0.8109 b0err 91.2 95HD 4.47 (41 min)
[C_boundary_s2] epoch 100 loss 0.3591 dice 0.8093 clDice 0.8113 b0err 88.8 95HD 4.25 (45 min)
[C_boundary_s2] done in 45 min
[D_blurpool_s2] epoch  10 loss 0.4271 dice 0.8161 clDice 0.8248 b0err 77.0 95HD 4.31 (6 min)
[D_blurpool_s2] epoch  20 loss 0.4061 dice 0.8117 clDice 0.8182 b0err 85.5 95HD 4.45 (12 min)
[D_blurpool_s2] epoch  30 loss 0.3922 dice 0.8138 clDice 0.8203 b0err 90.5 95HD 4.48 (17 min)
[D_blurpool_s2] epoch  40 loss 0.3786 dice 0.8135 clDice 0.8179 b0err 92.2 95HD 4.55 (23 min)
[D_blurpool_s2] epoch  50 loss 0.3662 dice 0.8119 clDice 0.8171 b0err 78.8 95HD 4.69 (29 min)
[D_blurpool_s2] epoch  60 loss 0.3646 dice 0.8098 clDice 0.8107 b0err 69.0 95HD 5.22 (35 min)
[D_blurpool_s2] epoch  70 loss 0.3556 dice 0.8091 clDice 0.8124 b0err 83.7 95HD 4.87 (41 min)
[D_blurpool_s2] epoch  80 loss 0.3490 dice 0.8094 clDice 0.8116 b0err 77.2 95HD 4.86 (46 min)
[D_blurpool_s2] epoch  90 loss 0.3482 dice 0.8077 clDice 0.8077 b0err 92.3 95HD 4.66 (52 min)
[D_blurpool_s2] epoch 100 loss 0.3402 dice 0.8064 clDice 0.8052 b0err 93.7 95HD 4.73 (58 min)
[D_blurpool_s2] done in 58 min
