stare: 20 images, median width 4.00 px, component filter 33 px
  [A_dice_s0] done
  [A_dice_s1] done
  [A_dice_s2] done
  [A_dice_s3] done
  [A_dice_s4] done
  [A_dice_s5] done
  [A_dice_w32_s0] done
  [A_dice_w32_s1] done
  [A_dice_w32_s2] done
  [B_cldice_s0] done
  [B_cldice_s1] done
  [B_cldice_s2] done
  [B_cldice_s3] done
  [B_cldice_s4] done
  [B_cldice_s5] done
  [B_cldice_w32_s0] done
  [B_cldice_w32_s1] done
  [B_cldice_w32_s2] done
  [C_boundary_s0] done
  [C_boundary_s1] done
  [C_boundary_s2] done
  [D_blurpool_s0] done
  [D_blurpool_s1] done
  [D_blurpool_s2] done
  [F_gated_s0] done
  [F_gated_s1] done
  [F_gated_s2] done
  [G_focal_s0] done
  [G_focal_s1] done
  [G_focal_s2] done
  [G_focal_s3] done
  [G_focal_s4] done
  [G_focal_s5] done
  [H_aug_s0] done
  [H_aug_s1] done
  [H_aug_s2] done
  [H_aug_s3] done
  [H_aug_s4] done
  [H_aug_s5] done
  [H_aug_w32_s0] done
  [H_aug_w32_s1] done
  [H_aug_w32_s2] done
  [I_coletra_s0] done
  [I_coletra_s1] done
  [I_coletra_s2] done
  [I_coletra_s3] done
  [I_coletra_s4] done
  [I_coletra_s5] done
  [J_liot_s0] done
  [J_liot_s1] done
  [J_liot_s2] done
  [K_focal_aug_s0] done
  [K_focal_aug_s1] done
  [K_focal_aug_s2] done
hrf: 15 images, median width 4.00 px, component filter 33 px
  [A_dice_s0] done
  [A_dice_s1] done
  [A_dice_s2] done
  [A_dice_s3] done
  [A_dice_s4] done
  [A_dice_s5] done
  [A_dice_w32_s0] done
  [A_dice_w32_s1] done
  [A_dice_w32_s2] done
  [B_cldice_s0] done
  [B_cldice_s1] done
  [B_cldice_s2] done
  [B_cldice_s3] done
  [B_cldice_s4] done
  [B_cldice_s5] done
  [B_cldice_w32_s0] done
  [B_cldice_w32_s1] done
  [B_cldice_w32_s2] done
  [C_boundary_s0] done
  [C_boundary_s1] done
  [C_boundary_s2] done
  [D_blurpool_s0] done
  [D_blurpool_s1] done
  [D_blurpool_s2] done
  [F_gated_s0] done
  [F_gated_s1] done
  [F_gated_s2] done
  [G_focal_s0] done
  [G_focal_s1] done
  [G_focal_s2] done
  [G_focal_s3] done
  [G_focal_s4] done
  [G_focal_s5] done
  [H_aug_s0] done
  [H_aug_s1] done
  [H_aug_s2] done
  [H_aug_s3] done
  [H_aug_s4] done
  [H_aug_s5] done
  [H_aug_w32_s0] done
  [H_aug_w32_s1] done
  [H_aug_w32_s2] done
  [I_coletra_s0] done
  [I_coletra_s1] done
  [I_coletra_s2] done
  [I_coletra_s3] done
  [I_coletra_s4] done
  [I_coletra_s5] done
  [J_liot_s0] done
  [J_liot_s1] done
  [J_liot_s2] done
  [K_focal_aug_s0] done
  [K_focal_aug_s1] done
  [K_focal_aug_s2] done

wrote 1890 rows to C:\Users\ivan_chang\Desktop\ian-mei\exp\results\transfer.csv

=== stare, zero-shot from DRIVE ===
config            dice  clDice    b0err  severs      ERL  ERL/ceil
A_dice          0.7175  0.7659    145.0    17.7   1803.6     0.302
A_dice_w32      0.7094  0.7548    178.0    19.4   1435.6     0.240
B_cldice        0.7248  0.7799    113.2    16.4   2034.9     0.341
B_cldice_w32    0.7207  0.7661    140.4    17.6   1574.5     0.264
C_boundary      0.7167  0.7670    138.2    18.3   1857.5     0.311
D_blurpool      0.7173  0.7623    133.4    17.4   1656.8     0.277
F_gated         0.7289  0.7854    112.3    16.7   1953.9     0.327
G_focal         0.7109  0.7847    106.0    18.5   2035.8     0.341
H_aug           0.7651  0.8259     79.3    11.0   2967.1     0.497
H_aug_w32       0.7695  0.8314     73.4    10.5   3078.0     0.515
I_coletra       0.7470  0.8142     81.1    13.5   2478.6     0.415
J_liot          0.7646  0.8250    100.2     9.1   2945.6     0.493
K_focal_aug     0.7477  0.8394     56.9    12.8   3000.6     0.502

=== hrf, zero-shot from DRIVE ===
config            dice  clDice    b0err  severs      ERL  ERL/ceil
A_dice          0.6536  0.6861    599.7   139.2    364.4     0.012
A_dice_w32      0.6565  0.6795    674.1   140.8    276.7     0.009
B_cldice        0.6696  0.7105    496.7   128.9    531.1     0.018
B_cldice_w32    0.6675  0.6907    589.0   132.4    372.5     0.013
C_boundary      0.6618  0.7023    553.4   135.9    513.7     0.017
D_blurpool      0.6543  0.6807    487.2   124.4    464.2     0.016
F_gated         0.6683  0.7087    463.8   130.4    491.9     0.017
G_focal         0.6688  0.7205    445.7   137.9    632.0     0.021
H_aug           0.7215  0.7630    384.9   104.1   1169.4     0.039
H_aug_w32       0.7289  0.7720    368.2   101.8   1195.2     0.040
I_coletra       0.6928  0.7232    382.6   119.5    617.7     0.021
J_liot          0.7279  0.7743    526.9    91.0   1660.0     0.056
K_focal_aug     0.7193  0.7835    289.5   112.3   1246.5     0.042
